
 Start Length Name Class
 0001:00000000 00000000CH _TEXT                  CODE


Detailed map of segments
 0001:0000101C 0000000C C=CODE    S=_TEXT    G=(none)   M=elpackB6.cpp ACBP=A9
 0001:0008DB78 000003D4 C=CODE    S=_TEXT    G=(none)   M=ElStack.pas ACBP=A9
 0001:001379D0 00000274 C=CODE    S=_TEXT    G=(none)   M=ElColor.pas ACBP=A9
 0001:0016C9F4 0000CA3C C=CODE    S=_TEXT    G=(none)   M=ElEdits.pas ACBP=A9

  Address         Publics by Value

 0001:00000812       Sysinit._GetTls
 0001:00000868       Windows.MakeLong
 0001:00000874       Windows.HiWord
 0001:00000878       Windows.MoveMemory
 0001:00000880       Windows.FillMemory
 0001:0000088C       Windows.ZeroMemory
 0001:00000894       Windows.Succeeded
 0001:000008A4       Windows.RGB
 0001:000008C0       Windows.GetRValue
 0001:000008C4       Windows.GetGValue
 0001:000008C8       Windows.GetBValue
 0001:000008CC       Windows.SmallPointToPoint
 0001:000008E0       Windows.MakeLParam
 0001:000008E8       Windows.Finalization
 0001:00000918       Windows.initialization
 0001:00000920       Messages.Finalization
 0001:00000950       Messages.initialization
 0001:00000958       Winsock.Finalization
 0001:00000988       Winsock.initialization
 0001:00000990       Commctrl.ImageList_AddIcon
 0001:0000099C       Commctrl.Finalization
 0001:000009CC       Commctrl.initialization
 0001:000009D4       Shellapi.Finalization
 0001:00000A04       Shellapi.initialization
 0001:00000A0C       Regstr.Finalization
 0001:00000A3C       Regstr.initialization
 0001:00000A44       Wininet.Finalization
 0001:00000A74       Wininet.initialization
 0001:00000A7C       Urlmon.Finalization
 0001:00000AAC       Urlmon.initialization
 0001:00000D48       Shlobj.Finalization
 0001:00000D78       Shlobj.initialization
 0001:00000D80       Commdlg.Finalization
 0001:00000DB0       Commdlg.initialization
 0001:00000DB8       Dlgs.Finalization
 0001:00000DE8       Dlgs.initialization
 0001:00000DF0       Imm.Finalization
 0001:00000E20       Imm.initialization
 0001:00000E28       Mmsystem.Finalization
 0001:00000E58       Mmsystem.initialization
 0001:00000E60       Richedit.Finalization
 0001:00000E90       Richedit.initialization
 0001:00000E98       Winspool.Finalization
 0001:00000EC8       Winspool.initialization
 0001:00000ED0       SysInit._16395
 0001:00000EDC       SysInit._16396
 0001:00000F00       Sysinit.VclInit
 0001:00000F9C       Sysinit.VclExit
 0001:00000FCC       Sysinit._PackageLoad
 0001:00000FD8       Sysinit._PackageUnload
 0001:00000FE4       Sysinit.Finalization
 0001:00001014       Sysinit.initialization
 0001:0000101C       DllEntryPoint
 0001:00001048       Frmhdrstp.TfrmHeaderSetup
 0001:000013B0       Frmhdrstp.TfrmHeaderSetup.LoadHeaderSections
 0001:00001604       Frmhdrstp.TfrmHeaderSetup.UpdateButtons
 0001:00001728       Frmhdrstp.TfrmHeaderSetup.FormShow
 0001:00001740       Frmhdrstp.TfrmHeaderSetup.lbxVisibleEnter
 0001:00001794       Frmhdrstp.TfrmHeaderSetup.lbxAvailableEnter
 0001:000017E8       Frmhdrstp.TfrmHeaderSetup.btnAddClick
 0001:00001948       Frmhdrstp.TfrmHeaderSetup.btnDeleteClick
 0001:00001AA8       Frmhdrstp.TfrmHeaderSetup.btnUpClick
 0001:00001B24       Frmhdrstp.TfrmHeaderSetup.btnDownClick
 0001:00001BCC       Frmhdrstp.TfrmHeaderSetup.lbxVisibleMouseDown
 0001:00001BFC       Frmhdrstp.TfrmHeaderSetup.lbxVisibleDragOver
 0001:00001C34       Frmhdrstp.TfrmHeaderSetup.lbxVisibleDragDrop
 0001:00001E58       Frmhdrstp.TfrmHeaderSetup.lbxAvailableDragOver
 0001:00001E80       Frmhdrstp.TfrmHeaderSetup.lbxAvailableMouseDown
 0001:00001EB0       Frmhdrstp.TfrmHeaderSetup.lbxAvailableDragDrop
 0001:00002010       Frmhdrstp.TfrmHeaderSetup.SaveHeaderSections
 0001:000020E8       Frmhdrstp.Finalization
 0001:00002118       Frmhdrstp.initialization
 0001:000023F0       Elactrls.TElAdvancedMemo
 0001:000028B0       Elactrls.TCustomElAdvancedEdit
 0001:00002BC8       Elactrls.TElAdvancedEdit
 0001:000035E4       Elactrls.TElAdvancedListBox
 0001:00003B40       Elactrls.TElAdvancedComboBox
 0001:00003D4C       ElACtrls._16394
 0001:00003E6C       ElACtrls._16395
 0001:00003E98       ElACtrls._16396
 0001:00003FD4       ElACtrls._16397
 0001:00004004       Elactrls.TCustomElAdvancedEdit.BackgroundChanged
 0001:00004030       Elactrls.TCustomElAdvancedEdit.Change
 0001:00004050       Elactrls.TCustomElAdvancedEdit.CMMouseEnter
 0001:000040F4       Elactrls.TCustomElAdvancedEdit.CMMouseLeave
 0001:00004198       Elactrls.TCustomElAdvancedEdit.CMParentColorChanged
 0001:0000420C       Elactrls.TCustomElAdvancedEdit.CNCtlColorEdit
 0001:00004284       Elactrls.TCustomElAdvancedEdit.CNCtlColorStatic
 0001:000042FC       Elactrls.TCustomElAdvancedEdit
 0001:0000441C       Elactrls.TCustomElAdvancedEdit.CreateParams
 0001:00004458       Elactrls.TCustomElAdvancedEdit
 0001:000044B4       Elactrls.TCustomElAdvancedEdit.DoMouseEnter
 0001:000044E0       Elactrls.TCustomElAdvancedEdit.DoMouseLeave
 0001:0000450C       Elactrls.TCustomElAdvancedEdit.WMGetDlgCode
 0001:00004570       Elactrls.TCustomElAdvancedEdit.Notification
 0001:000045B8       Elactrls.TCustomElAdvancedEdit.DoPaint
 0001:00004810       Elactrls.TCustomElAdvancedEdit.DrawBackground
 0001:000048D8       Elactrls.TCustomElAdvancedEdit.DrawFlatBorder
 0001:00004A60       Elactrls.TCustomElAdvancedEdit.DrawParentControl
 0001:00004B24       Elactrls.TCustomElAdvancedEdit.KeyDown
 0001:00004B90       Elactrls.TCustomElAdvancedEdit.KeyPress
 0001:00004BD8       Elactrls.TCustomElAdvancedEdit.ImageFormChange
 0001:00004BF0       Elactrls.TCustomElAdvancedEdit.SetImageForm
 0001:00004CAC       Elactrls.TCustomElAdvancedEdit.SetActiveBorderType
 0001:00004D0C       Elactrls.TCustomElAdvancedEdit.SetAlignment
 0001:00004D40       Elactrls.TCustomElAdvancedEdit.SetBackground
 0001:00004D64       Elactrls.TCustomElAdvancedEdit.SetFlat
 0001:00004DAC       Elactrls.TCustomElAdvancedEdit.SetInactiveBorderType
 0001:00004E0C       Elactrls.TCustomElAdvancedEdit.SetTransparent
 0001:00004E50       Elactrls.TCustomElAdvancedEdit.SetUseBackground
 0001:00004E94       Elactrls.TCustomElAdvancedEdit.WMEraseBkgnd
 0001:00005014       Elactrls.TCustomElAdvancedEdit.WMKillFocus
 0001:0000506C       Elactrls.TCustomElAdvancedEdit.WMMove
 0001:00005090       Elactrls.TCustomElAdvancedEdit.WMPaint
 0001:00005144       Elactrls.TCustomElAdvancedEdit.WMSetFocus
 0001:000051AC       Elactrls.TCustomElAdvancedEdit.SetBorderSides
 0001:000051EC       Elactrls.TCustomElAdvancedEdit.WMNCCalcSize
 0001:00005284       Elactrls.TCustomElAdvancedEdit.SetPasswordChar
 0001:000052E0       Elactrls.TCustomElAdvancedEdit.IFMRepaintChildren
 0001:00005310       Elactrls.TCustomElAdvancedEdit.WMWindowPosChanged
 0001:0000533C       Elactrls.TCustomElAdvancedEdit.WMNCPaint
 0001:00005470       Elactrls.TCustomElAdvancedEdit.SetUseXPThemes
 0001:000054B4       Elactrls.TCustomElAdvancedEdit.IsThemeApplied
 0001:000054E8       Elactrls.TCustomElAdvancedEdit.CreateThemeHandle
 0001:00005578       Elactrls.TCustomElAdvancedEdit.FreeThemeHandle
 0001:000055AC       Elactrls.TCustomElAdvancedEdit.CreateWnd
 0001:000055E4       Elactrls.TCustomElAdvancedEdit.DestroyWnd
 0001:0000561C       Elactrls.TCustomElAdvancedEdit.GetThemedClassName
 0001:0000564C       Elactrls.TCustomElAdvancedEdit.WMThemeChanged
 0001:000056C4       Elactrls.TCustomElAdvancedEdit.SetLineBorderActiveColor
 0001:00005720       Elactrls.TCustomElAdvancedEdit.SetLineBorderInactiveColor
 0001:0000577C       Elactrls.TCustomElAdvancedEdit.CMEnabledChanged
 0001:000057AC       Elactrls.TCustomElAdvancedEdit.WMPaste
 0001:000058AC       Elactrls.TCustomElAdvancedEdit.CMHintShow
 0001:00005A54       Elactrls.TCustomElAdvancedEdit.SetHint
 0001:00005B8C       Elactrls.TElAdvancedListBox.BackgroundChanged
 0001:00005BA4       Elactrls.TElAdvancedListBox.CMFontChanged
 0001:00005C14       Elactrls.TElAdvancedListBox.CMMouseEnter
 0001:00005CBC       Elactrls.TElAdvancedListBox.CMMouseLeave
 0001:00005D64       Elactrls.TElAdvancedListBox.CMParentColorChanged
 0001:00005D94       Elactrls.TElAdvancedListBox.CMParentFontChanged
 0001:00005E4C       Elactrls.TElAdvancedListBox
 0001:00005FA8       Elactrls.TElAdvancedListBox.CreateParams
 0001:00006028       Elactrls.TElAdvancedListBox.CreateWnd
 0001:0000607C       Elactrls.TElAdvancedListBox.DestroyWnd
 0001:000060B4       Elactrls.TElAdvancedListBox.GetThemedClassName
 0001:000060E4       Elactrls.TElAdvancedListBox
 0001:0000614C       Elactrls.TElAdvancedListBox.DrawBackground
 0001:0000621C       Elactrls.TElAdvancedListBox.DrawBackgroundEx
 0001:000062D4       Elactrls.TElAdvancedListBox.DrawFlatBorder
 0001:000065B0       Elactrls.TElAdvancedListBox.GetParentCtlWidth
 0001:000065DC       Elactrls.TElAdvancedListBox.GetParentCtlHeight
 0001:00006608       Elactrls.TElAdvancedListBox.RealScreenToClient
 0001:00006644       Elactrls.TElAdvancedListBox.DrawItem
 0001:00006AE8       Elactrls.TElAdvancedListBox.DrawParentControl
 0001:00006BAC       Elactrls.TElAdvancedListBox.DrawParentControlEx
 0001:00006C58       Elactrls.TElAdvancedListBox.GetBackground
 0001:00006C74       Elactrls.TElAdvancedListBox.LBGetTopIndex
 0001:00006CF0       Elactrls.TElAdvancedListBox.Notification
 0001:00006D38       Elactrls.TElAdvancedListBox.Loaded
 0001:00006D54       Elactrls.TElAdvancedListBox.SelectedFontChanged
 0001:00006D70       Elactrls.TElAdvancedListBox.ImageFormChange
 0001:00006D88       Elactrls.TElAdvancedListBox.SetImageForm
 0001:00006E38       Elactrls.TElAdvancedListBox.SetActiveBorderType
 0001:00006E90       Elactrls.TElAdvancedListBox.SetBackground
 0001:00006EB4       Elactrls.TElAdvancedListBox.SetFlat
 0001:00006EE8       Elactrls.TElAdvancedListBox.SetFlatFocusedScrollBars
 0001:00006F34       Elactrls.TElAdvancedListBox.SetInactiveBorderType
 0001:00006F8C       Elactrls.TElAdvancedListBox.SetInvertSelection
 0001:00006FE8       Elactrls.TElAdvancedListBox.SetSelectedColor
 0001:00007044       Elactrls.TElAdvancedListBox.SetSelectedFont
 0001:00007068       Elactrls.TElAdvancedListBox.SetTransparent
 0001:000070AC       Elactrls.TElAdvancedListBox.SetUseBackground
 0001:000070E0       Elactrls.TElAdvancedListBox.WMEraseBkgnd
 0001:00007238       Elactrls.TElAdvancedListBox.WMKillFocus
 0001:00007288       Elactrls.TElAdvancedListBox.WMPaint
 0001:00007538       Elactrls.TElAdvancedListBox.WMSetFocus
 0001:0000757C       Elactrls.TElAdvancedListBox.WMVScroll
 0001:00007614       Elactrls.TElAdvancedListBox.WMHScroll
 0001:000076AC       Elactrls.TElAdvancedListBox.WMNCMouseMove
 0001:00007734       Elactrls.TElAdvancedListBox.WMMouseMove
 0001:000077D0       Elactrls.TElAdvancedListBox.CMHintShow
 0001:00007978       Elactrls.TElAdvancedListBox.HintWndProc
 0001:000079D4       Elactrls.TElAdvancedListBox.OnLineHintTimer
 0001:00007C78       Elactrls.TElAdvancedListBox.CancelLineHint
 0001:00007CC4       Elactrls.TElAdvancedListBox.IntMouseMove
 0001:00007E04       Elactrls.TElAdvancedListBox.SetTransparentSelection
 0001:00007E44       Elactrls.TElAdvancedListBox.SetBorderSides
 0001:00007E84       Elactrls.TElAdvancedListBox.WMNCCalcSize
 0001:00007FC8       Elactrls.TElAdvancedListBox.SetStyle
 0001:0000800C       Elactrls.TElAdvancedListBox.WndProc
 0001:00008160       Elactrls.TElAdvancedListBox.SetHorizontalScroll
 0001:000081A0       Elactrls.TElAdvancedListBox.GetItemWidth
 0001:000082B4       Elactrls.TElAdvancedListBox.ResetHorizontalExtent
 0001:00008324       Elactrls.TElAdvancedListBox.SetHorizontalExtent
 0001:00008350       Elactrls.TElAdvancedListBox.CreateHintWindow
 0001:00008374       Elactrls.TElAdvancedListBox.IFMRepaintChildren
 0001:000083FC       Elactrls.TElAdvancedListBox.WMWindowPosChanged
 0001:00008428       Elactrls.TElAdvancedListBox.WMNCPaint
 0001:00008584       Elactrls.TElAdvancedListBox.SetUseXPThemes
 0001:000085C8       Elactrls.TElAdvancedListBox.IsThemeApplied
 0001:000085FC       Elactrls.TElAdvancedListBox.CreateThemeHandle
 0001:0000868C       Elactrls.TElAdvancedListBox.FreeThemeHandle
 0001:000086C0       Elactrls.TElAdvancedListBox.WMThemeChanged
 0001:00008738       Elactrls.TElAdvancedListBox.SetLineBorderActiveColor
 0001:00008794       Elactrls.TElAdvancedListBox.SetLineBorderInactiveColor
 0001:000087F0       Elactrls.TElAdvancedListBox.SetHint
 0001:00008928       Elactrls.TElAdvancedMemo.CMHintShow
 0001:00008AD0       Elactrls.TElAdvancedMemo.BackgroundChanged
 0001:00008AFC       Elactrls.TElAdvancedMemo.Change
 0001:00008B1C       Elactrls.TElAdvancedMemo.CMMouseEnter
 0001:00008BD8       Elactrls.TElAdvancedMemo.CMMouseLeave
 0001:00008C94       Elactrls.TElAdvancedMemo.CMParentColorChanged
 0001:00008D08       Elactrls.TElAdvancedMemo.CNCtlColorEdit
 0001:00008D80       Elactrls.TElAdvancedMemo.CNCtlColorStatic
 0001:00008DF8       Elactrls.TElAdvancedMemo
 0001:00008F0C       Elactrls.TElAdvancedMemo
 0001:00008F64       Elactrls.TElAdvancedMemo.DoMouseEnter
 0001:00008F90       Elactrls.TElAdvancedMemo.DoMouseLeave
 0001:00008FBC       Elactrls.TElAdvancedMemo.DoPaint
 0001:000091F0       Elactrls.TElAdvancedMemo.DrawBackground
 0001:000092B8       Elactrls.TElAdvancedMemo.DrawFlatBorder
 0001:0000958C       Elactrls.TElAdvancedMemo.DrawParentControl
 0001:00009650       Elactrls.TElAdvancedMemo.WMGetDlgCode
 0001:000096D8       Elactrls.TElAdvancedMemo.Notification
 0001:00009720       Elactrls.TElAdvancedMemo.SetActiveBorderType
 0001:00009774       Elactrls.TElAdvancedMemo.ImageFormChange
 0001:00009798       Elactrls.TElAdvancedMemo.SetImageForm
 0001:00009848       Elactrls.TElAdvancedMemo.SetBackground
 0001:0000986C       Elactrls.TElAdvancedMemo.SetFlat
 0001:000098A0       Elactrls.TElAdvancedMemo.SetFlatFocusedScrollBars
 0001:000098E8       Elactrls.TElAdvancedMemo.SetInactiveBorderType
 0001:0000993C       Elactrls.TElAdvancedMemo.SetTransparent
 0001:00009980       Elactrls.TElAdvancedMemo.SetUseBackground
 0001:000099C4       Elactrls.TElAdvancedMemo.WMEraseBkgnd
 0001:00009B44       Elactrls.TElAdvancedMemo.WMKillFocus
 0001:00009B90       Elactrls.TElAdvancedMemo.WMMove
 0001:00009BB4       Elactrls.TElAdvancedMemo.WMPaint
 0001:00009C68       Elactrls.TElAdvancedMemo.WMSetFocus
 0001:00009CB4       Elactrls.TElAdvancedMemo.WMKeyDown
 0001:00009D14       Elactrls.TElAdvancedMemo.SetBorderSides
 0001:00009D54       Elactrls.TElAdvancedMemo.WMNCCalcSize
 0001:00009E98       Elactrls.TElAdvancedMemo.IFMRepaintChildren
 0001:00009F20       Elactrls.TElAdvancedMemo.WMWindowPosChanged
 0001:00009F4C       Elactrls.TElAdvancedMemo.WMNCPaint
 0001:0000A0A8       Elactrls.TElAdvancedMemo.SetUseXPThemes
 0001:0000A0EC       Elactrls.TElAdvancedMemo.IsThemeApplied
 0001:0000A120       Elactrls.TElAdvancedMemo.CreateThemeHandle
 0001:0000A1B0       Elactrls.TElAdvancedMemo.FreeThemeHandle
 0001:0000A1E4       Elactrls.TElAdvancedMemo.CreateWnd
 0001:0000A21C       Elactrls.TElAdvancedMemo.DestroyWnd
 0001:0000A254       Elactrls.TElAdvancedMemo.GetThemedClassName
 0001:0000A284       Elactrls.TElAdvancedMemo.WMThemeChanged
 0001:0000A2FC       Elactrls.TElAdvancedMemo.SetLineBorderActiveColor
 0001:0000A358       Elactrls.TElAdvancedMemo.SetLineBorderInactiveColor
 0001:0000A3B4       Elactrls.TElAdvancedComboBox.CMEnter
 0001:0000A3D8       Elactrls.TElAdvancedComboBox.CMExit
 0001:0000A3FC       Elactrls.TElAdvancedComboBox.CMMouseEnter
 0001:0000A498       Elactrls.TElAdvancedComboBox.CMMouseLeave
 0001:0000A534       Elactrls.TElAdvancedComboBox.CNCommand
 0001:0000A594       Elactrls.TElAdvancedComboBox
 0001:0000A698       Elactrls.TElAdvancedComboBox.Notification
 0001:0000A6E0       Elactrls.TElAdvancedComboBox.ImageFormChange
 0001:0000A6F8       Elactrls.TElAdvancedComboBox.CreateParams
 0001:0000A740       Elactrls.TElAdvancedComboBox
 0001:0000A7B4       Elactrls.TElAdvancedComboBox.DrawFlatBorder
 0001:0000AC88       Elactrls.TElAdvancedComboBox.IsFocused
 0001:0000ACF0       Elactrls.TElAdvancedComboBox.SetActiveBorderType
 0001:0000AD4C       Elactrls.TElAdvancedComboBox.SetFlat
 0001:0000AD80       Elactrls.TElAdvancedComboBox.SetInactiveBorderType
 0001:0000ADDC       Elactrls.TElAdvancedComboBox.UpdateFrame
 0001:0000AE28       Elactrls.TElAdvancedComboBox.WMEraseBkgnd
 0001:0000AE44       Elactrls.TElAdvancedComboBox.WMKillFocus
 0001:0000AE80       Elactrls.TElAdvancedComboBox.WMNCPaint
 0001:0000AEBC       Elactrls.TElAdvancedComboBox.WMPaint
 0001:0000AEE4       Elactrls.TElAdvancedComboBox.WMSetFocus
 0001:0000AF08       Elactrls.TElAdvancedComboBox.WMSize
 0001:0000AF38       ElACtrls._16601
 0001:0000B018       Elactrls.TElAdvancedComboBox.ListWndProc
 0001:0000B4BC       Elactrls.TElAdvancedComboBox.EditWndProc
 0001:0000B68C       Elactrls.TElAdvancedComboBox.WndProc
 0001:0000B910       Elactrls.TElAdvancedComboBox.WMThemeChanged
 0001:0000B934       Elactrls.TElAdvancedComboBox.SetHorizontalScroll
 0001:0000B974       Elactrls.TElAdvancedComboBox.GetItemWidth
 0001:0000BA08       Elactrls.TElAdvancedComboBox.SetHorizontalExtent
 0001:0000BA54       Elactrls.TElAdvancedComboBox.ResetHorizontalExtent
 0001:0000BAC4       Elactrls.TElAdvancedComboBox.IFMRepaintChildren
 0001:0000BAF4       Elactrls.TElAdvancedComboBox.WMWindowPosChanged
 0001:0000BB20       Elactrls.TElAdvancedComboBox.SetUseXPThemes
 0001:0000BB64       Elactrls.TElAdvancedComboBox.IsThemeApplied
 0001:0000BB98       Elactrls.TElAdvancedComboBox.CreateThemeHandle
 0001:0000BC28       Elactrls.TElAdvancedComboBox.FreeThemeHandle
 0001:0000BC5C       Elactrls.TElAdvancedComboBox.CreateWnd
 0001:0000BC94       Elactrls.TElAdvancedComboBox.DestroyWnd
 0001:0000BCCC       Elactrls.TElAdvancedComboBox.GetThemedClassName
 0001:0000BCFC       Elactrls.TElAdvancedComboBox.SetBtnThinFrame
 0001:0000BD30       Elactrls.TElAdvancedComboBox.SetBtnFlat
 0001:0000BD64       Elactrls.TElAdvancedComboBox.SetBtnTransparent
 0001:0000BD98       Elactrls.TElAdvancedComboBox.SetLineBorderActiveColor
 0001:0000BDF4       Elactrls.TElAdvancedComboBox.SetLineBorderInactiveColor
 0001:0000BE50       Elactrls.TElAdvancedComboBox.CMHintShow
 0001:0000BFF8       Elactrls.TElAdvancedComboBox.SetHint
 0001:0000C130       Elactrls.TElAdvancedComboBox.CMEnabledChanged
 0001:0000C154       Elactrls.TElAdvancedComboBox.KeyDown
 0001:0000C1C0       Elactrls.TElAdvancedComboBox.DoAutoComplete
 0001:0000C2F4       Elactrls.TElAdvancedComboBox.WMGetDlgCode
 0001:0000C324       Elactrls.TElAdvancedMemo.CreateParams
 0001:0000C384       Elactrls.TElAdvancedMemo.CMEnabledChanged
 0001:0000C3B4       Elactrls.TElAdvancedMemo.SetHint
 0001:0000C4EC       Elactrls.Finalization
 0001:0000C51C       Elactrls.initialization
 0001:0000C70C       Elappbar.TElAppBar
 0001:0000CADC       Elappbar.TElAppBar.AppBarMessage
 0001:0000CB74       Elappbar.TElAppBar.AppBarMessage1
 0001:0000CBA0       Elappbar.TElAppBar.AppBarMessage2
 0001:0000CBD0       Elappbar.TElAppBar.AppBarMessage3
 0001:0000CC04       Elappbar.TElAppBar.AppBarMessage4
 0001:0000CC38       Elappbar.TElAppBar.CalcProposedState
 0001:0000CC94       Elappbar.TElAppBar.GetRect
 0001:0000CF28       Elappbar.TElAppBar.AdjustLocationForAutohide
 0001:0000D178       Elappbar.TElAppBar.ShowHiddenAppBar
 0001:0000D1D0       Elappbar.TElAppBar.SlideWindow
 0001:0000D3A0       Elappbar.TElAppBar.GetAutohideEdge
 0001:0000D438       Elappbar.TElAppBar.GetMessagePosition
 0001:0000D470       Elappbar.TElAppBar.GetEdge
 0001:0000D4A8       Elappbar.TElAppBar.SetEdge
 0001:0000D7B8       Elappbar.TElAppBar.IsAutoHide
 0001:0000D7D4       Elappbar.TElAppBar.SetAutoHide
 0001:0000D804       Elappbar.TElAppBar.IsAlwaysOnTop
 0001:0000D820       Elappbar.TElAppBar.SetAlwaysOnTop
 0001:0000D850       Elappbar.TElAppBar.GetFloatRect
 0001:0000D878       Elappbar.TElAppBar.SetFloatRect
 0001:0000D8A4       Elappbar.TElAppBar.GetDockDims
 0001:0000D8CC       Elappbar.TElAppBar.SetDockDims
 0001:0000D8F8       Elappbar.TElAppBar.SetFlags
 0001:0000DA40       Elappbar.TElAppBar.OnAppBarForcedToDocked
 0001:0000DAE4       Elappbar.TElAppBar.OnABNFullScreenApp
 0001:0000DB08       Elappbar.TElAppBar.OnABNPosChanged
 0001:0000DB34       Elappbar.TElAppBar.OnABNWindowArrange
 0001:0000DB44       Elappbar.TElAppBar.OnAppBarCallbackMsg
 0001:0000DBA0       Elappbar.TElAppBar.WmCreate
 0001:0000DCA4       Elappbar.TElAppBar.WmDestroy
 0001:0000DCE8       Elappbar.TElAppBar.OnWindowPosChanged
 0001:0000DD60       Elappbar.TElAppBar.OnActivate
 0001:0000DD9C       Elappbar.TElAppBar.OnAppBarTimer
 0001:0000DE38       Elappbar.TElAppBar.OnNcMouseMove
 0001:0000DE60       Elappbar.TElAppBar.OnNcHitTest
 0001:0000E294       Elappbar.TElAppBar.OnEnterSizeMove
 0001:0000E2E4       Elappbar.TElAppBar.OnExitSizeMove
 0001:0000E5CC       Elappbar.TElAppBar.OnMoving
 0001:0000E728       Elappbar.TElAppBar.OnSizing
 0001:0000E944       Elappbar.TElAppBar.OnGetMinMaxInfo
 0001:0000EA48       Elappbar.TElAppBar.IsEdgeLeftOrRight
 0001:0000EA70       Elappbar.TElAppBar.IsEdgeTopOrBottom
 0001:0000EA98       Elappbar.TElAppBar.IsFloating
 0001:0000EAB4       Elappbar.TElAppBar.IsDockable
 0001:0000EAE4       Elappbar.TElAppBar.IsDockableVertically
 0001:0000EB14       Elappbar.TElAppBar.IsDockableHorizontally
 0001:0000EB44       Elappbar.TElAppBar.ResetSystemKnowledge
 0001:0000EB50       Elappbar.TElAppBar.GetEdgeFromPoint
 0001:0000ECC0       Elappbar.TElAppBar
 0001:0000EE3C       Elappbar.TElAppBar
 0001:0000EE78       Elappbar.TElAppBar.UpdateBar
 0001:0000EE94       Elappbar.TElAppBar.SetSlideTime
 0001:0000EEC4       Elappbar.TElAppBar.SetKeepSize
 0001:0000EF10       Elappbar.TElAppBar.SetPreventOffScreen
 0001:0000EF44       Elappbar.TElAppBar.SetHorzInc
 0001:0000EF60       Elappbar.TElAppBar.SetVertInc
 0001:0000EF7C       Elappbar.TElAppBar.GetVertInc
 0001:0000EF98       Elappbar.TElAppBar.GetHorzInc
 0001:0000EFB4       Elappbar.TElAppBar.DoEdgeChanged
 0001:0000EFE0       Elappbar.TElAppBar.CreateParams
 0001:0000F048       Elappbar.TElAppBar.OnMouseMove
 0001:0000F070       Elappbar.Finalization
 0001:0000F0A0       Elappbar.initialization
 0001:0000F0E4       Elarray.TElArray
 0001:0000F174       ElArray._16388
 0001:0000F1D0       ElArray._16389
 0001:0000F1F8       ElArray._16390
 0001:0000F200       ElArray._16392
 0001:0000F270       ElArray._16393
 0001:0000F278       Elarray.TElArray.Error
 0001:0000F2B8       Elarray.TElArray
 0001:0000F324       Elarray.TElArray
 0001:0000F360       Elarray.TElArray.Add
 0001:0000F3A4       Elarray.TElArray.Assign
 0001:0000F3F0       Elarray.TElArray.Clear
 0001:0000F4CC       Elarray.TElArray.Delete
 0001:0000F58C       Elarray.TElArray.Exchange
 0001:0000F620       Elarray.TElArray.Expand
 0001:0000F64C       Elarray.TElArray.First
 0001:0000F668       Elarray.TElArray.Get
 0001:0000F6AC       Elarray.TElArray.Grow
 0001:0000F704       Elarray.TElArray.IndexOfFrom
 0001:0000F778       Elarray.TElArray.IndexOfBack
 0001:0000F7D8       Elarray.TElArray.IndexOf
 0001:0000F824       Elarray.TElArray.Insert
 0001:0000F8B4       Elarray.TElArray.Last
 0001:0000F8D8       Elarray.TElArray.MoveRange
 0001:0000FA70       Elarray.TElArray.Move
 0001:0000FAD8       Elarray.TElArray.Put
 0001:0000FB88       Elarray.TElArray.Remove
 0001:0000FBBC       Elarray.TElArray.Pack
 0001:0000FBFC       Elarray.TElArray.SetCapacity
 0001:0000FC6C       Elarray.TElArray.SetCount
 0001:0000FCE0       ElArray._16418
 0001:0000FE0C       Elarray.TElArray.Sort
 0001:0000FE50       Elarray.TElArray.TriggerDeleteEvent
 0001:0000FE7C       Elarray.Finalization
 0001:0000FEAC       Elarray.initialization
 0001:0000FEB4       Elbasecomp.EBaseEnabledFailed
 0001:0000FF44       Elbasecomp.TElBaseComponent
 0001:00010018       Elbasecomp.TElBaseComponent
 0001:00010070       Elbasecomp.TElBaseComponent
 0001:000100AC       Elbasecomp.TElBaseComponent.Loaded
 0001:000100D8       Elbasecomp.TElBaseComponent.WndProc
 0001:00010140       Elbasecomp.TElBaseComponent.WMQueryEndSession
 0001:00010198       Elbasecomp.TElBaseComponent.SetEnabled
 0001:00010210       Elbasecomp.TElBaseComponent.DoSetEnabled
 0001:0001025C       Elbasecomp.Finalization
 0001:0001028C       Elbasecomp.initialization
 0001:00010338       Elbiprogr.TElBiProgressBar
 0001:00010AF0       Elbiprogr.TElBiProgressBar
 0001:00010BD0       Elbiprogr.TElBiProgressBar
 0001:00010C10       Elbiprogr.TElBiProgressBar.SetCaption
 0001:00010C80       Elbiprogr.TElBiProgressBar.SetDarkText
 0001:00010CF0       Elbiprogr.TElBiProgressBar.SetLightText
 0001:00010D60       Elbiprogr.TElBiProgressBar.SetDarkTextColor
 0001:00010D94       Elbiprogr.TElBiProgressBar.SetLightTextColor
 0001:00010DC8       Elbiprogr.TElBiProgressBar.SetBorderStyle
 0001:00010DFC       Elbiprogr.TElBiProgressBar.SetLightColor
 0001:00010E30       Elbiprogr.TElBiProgressBar.SetDarkColor
 0001:00010E64       Elbiprogr.TElBiProgressBar.SetScale
 0001:00010E98       Elbiprogr.TElBiProgressBar.SetLightValue
 0001:00010ECC       Elbiprogr.TElBiProgressBar.SetDarkValue
 0001:00010F00       Elbiprogr.TElBiProgressBar.SetAdditive
 0001:00010F34       Elbiprogr.TElBiProgressBar.SetValues
 0001:00010F84       Elbiprogr.TElBiProgressBar.SetProgrShowMode
 0001:00010FB8       Elbiprogr.TElBiProgressBar.SetLightTextFullLine
 0001:00010FEC       Elbiprogr.TElBiProgressBar.SetDarkTextFullLine
 0001:00011020       ElBiProgr._16407
 0001:00011140       Elbiprogr.TElBiProgressBar.Paint
 0001:00011800       Elbiprogr.TElBiProgressBar.SetMinValue
 0001:00011834       Elbiprogr.TElBiProgressBar.SetLightButtonStyle
 0001:00011868       Elbiprogr.TElBiProgressBar.SetDarkButtonStyle
 0001:0001189C       Elbiprogr.TElBiProgressBar.GetTransparent
 0001:000118BC       Elbiprogr.TElBiProgressBar.SetTransparent
 0001:00011914       Elbiprogr.Finalization
 0001:00011944       Elbiprogr.initialization
 0001:0001194C       Elbtnctl.TElButtonControl
 0001:00011B20       Elbtnctl.TElButtonControl.GetChecked
 0001:00011B28       Elbtnctl.TElButtonControl.SetChecked
 0001:00011B30       Elbtnctl.TElButtonActionLink
 0001:00011C3C       Elbtnctl.TElButtonActionLink.SetCaption
 0001:00011CAC       Elbtnctl.TElButtonActionLink.AssignClient
 0001:00011CDC       Elbtnctl.TElButtonActionLink.IsCheckedLinked
 0001:00011D2C       Elbtnctl.TElButtonActionLink.IsImageIndexLinked
 0001:00011D40       Elbtnctl.TElButtonActionLink.SetChecked
 0001:00011DAC       Elbtnctl.TElButtonActionLink.SetHint
 0001:00011E1C       Elbtnctl.TElButtonControl.ActionChange
 0001:00011F24       Elbtnctl.TElButtonControl.GetActionLinkClass
 0001:00011F3C       Elbtnctl.TElButtonControl.WndProc
 0001:00011FE0       Elbtnctl.TElButtonControl.SetTransparent
 0001:00012048       Elbtnctl.TElButtonControl.CreateParams
 0001:00012080       Elbtnctl.TElButtonControl.WMMove
 0001:000120B4       Elbtnctl.TElButtonControl.SetTextDrawType
 0001:000120EC       Elbtnctl.TElButtonControl
 0001:00012184       Elbtnctl.TElButtonControl.SetCaption
 0001:000121FC       Elbtnctl.TElButtonControl.IsCaptionStored
 0001:00012230       Elbtnctl.TElButtonControl.CMDialogChar
 0001:000122CC       Elbtnctl.TElButtonControl.GetThemedClassName
 0001:00012300       Elbtnctl.TElButtonControl.GetUIStateDrawFocus
 0001:0001232C       Elbtnctl.TElButtonControl.GetUIStateDrawAccel
 0001:00012358       Elbtnctl.TElButtonControl.WMUpdateUIState
 0001:00012374       Elbtnctl.TElButtonControl.WMChangeUIState
 0001:00012390       Elbtnctl.TElButtonControl.SetMoneyFlat
 0001:000123C4       Elbtnctl.TElButtonControl.SetMoneyFlatActiveColor
 0001:00012404       Elbtnctl.TElButtonControl.SetMoneyFlatInactiveColor
 0001:00012444       Elbtnctl.TElButtonControl.SetMoneyFlatDownColor
 0001:00012484       Elbtnctl.TElButtonControl.GetMoneyFlat
 0001:000124A0       Elbtnctl.TElButtonControl.CMHintShow
 0001:00012648       Elbtnctl.TElButtonControl.SetHint
 0001:00012780       Elbtnctl.Finalization
 0001:000127B0       Elbtnctl.initialization
 0001:000127B8       Elbtnedit.TCustomElButtonEdit
 0001:00012A48       Elbtnedit.TElButtonEdit
 0001:00013E04       ElBtnEdit._16389
 0001:00013F64       ElBtnEdit._16390
 0001:00013F8C       Elbtnedit.TCustomElButtonEdit.SetButtonClickSound
 0001:00013FE8       Elbtnedit.TCustomElButtonEdit.GetButtonClickSound
 0001:00014010       Elbtnedit.TCustomElButtonEdit.SetButtonColor
 0001:00014034       Elbtnedit.TCustomElButtonEdit.GetButtonColor
 0001:00014054       Elbtnedit.TCustomElButtonEdit.SetButtonDown
 0001:00014078       Elbtnedit.TCustomElButtonEdit.GetButtonDown
 0001:0001409C       Elbtnedit.TCustomElButtonEdit.SetButtonDownSound
 0001:000140F8       Elbtnedit.TCustomElButtonEdit.GetButtonDownSound
 0001:00014120       Elbtnedit.TCustomElButtonEdit.SetButtonGlyph
 0001:00014144       Elbtnedit.TCustomElButtonEdit.GetButtonGlyph
 0001:00014168       Elbtnedit.TCustomElButtonEdit.SetButtonHint
 0001:000141D4       Elbtnedit.TCustomElButtonEdit.GetButtonHint
 0001:000141FC       Elbtnedit.TCustomElButtonEdit.SetButtonIcon
 0001:00014220       Elbtnedit.TCustomElButtonEdit.GetButtonIcon
 0001:00014244       Elbtnedit.TCustomElButtonEdit.SetButtonNumGlyphs
 0001:00014268       Elbtnedit.TCustomElButtonEdit.GetButtonNumGlyphs
 0001:0001428C       Elbtnedit.TCustomElButtonEdit.SetButtonSoundMap
 0001:000142B0       Elbtnedit.TCustomElButtonEdit.GetButtonSoundMap
 0001:000142D4       Elbtnedit.TCustomElButtonEdit.SetButtonUpSound
 0001:00014330       Elbtnedit.TCustomElButtonEdit.GetButtonUpSound
 0001:00014358       Elbtnedit.TCustomElButtonEdit.SetButtonUseIcon
 0001:0001437C       Elbtnedit.TCustomElButtonEdit.GetButtonUseIcon
 0001:000143A0       Elbtnedit.TCustomElButtonEdit.SetButtonWidth
 0001:00014400       Elbtnedit.TCustomElButtonEdit.GetButtonWidth
 0001:00014420       Elbtnedit.TCustomElButtonEdit.ButtonClickTransfer
 0001:00014454       Elbtnedit.TCustomElButtonEdit.WMSize
 0001:00014470       Elbtnedit.TCustomElButtonEdit.SetEditRect
 0001:00014A1C       Elbtnedit.TCustomElButtonEdit.KeyPress
 0001:00014A70       Elbtnedit.TCustomElButtonEdit.SetButtonVisible
 0001:00014AC0       Elbtnedit.TCustomElButtonEdit.GetButtonVisible
 0001:00014AE0       Elbtnedit.TCustomElButtonEdit.SetAltButtonClickSound
 0001:00014B3C       Elbtnedit.TCustomElButtonEdit.GetAltButtonClickSound
 0001:00014B64       Elbtnedit.TCustomElButtonEdit.SetAltButtonDown
 0001:00014B88       Elbtnedit.TCustomElButtonEdit.GetAltButtonDown
 0001:00014BAC       Elbtnedit.TCustomElButtonEdit.SetAltButtonDownSound
 0001:00014C08       Elbtnedit.TCustomElButtonEdit.GetAltButtonDownSound
 0001:00014C30       Elbtnedit.TCustomElButtonEdit.SetAltButtonFlat
 0001:00014C54       Elbtnedit.TCustomElButtonEdit.GetAltButtonFlat
 0001:00014C78       Elbtnedit.TCustomElButtonEdit.SetAltButtonGlyph
 0001:00014C9C       Elbtnedit.TCustomElButtonEdit.GetAltButtonGlyph
 0001:00014CC0       Elbtnedit.TCustomElButtonEdit.SetAltButtonIcon
 0001:00014CE4       Elbtnedit.TCustomElButtonEdit.GetAltButtonIcon
 0001:00014D08       Elbtnedit.TCustomElButtonEdit.SetAltButtonNumGlyphs
 0001:00014D2C       Elbtnedit.TCustomElButtonEdit.GetAltButtonNumGlyphs
 0001:00014D50       Elbtnedit.TCustomElButtonEdit.SetAltButtonSoundMap
 0001:00014D74       Elbtnedit.TCustomElButtonEdit.GetAltButtonSoundMap
 0001:00014D98       Elbtnedit.TCustomElButtonEdit.SetAltButtonUpSound
 0001:00014DF4       Elbtnedit.TCustomElButtonEdit.GetAltButtonUpSound
 0001:00014E1C       Elbtnedit.TCustomElButtonEdit.SetAltButtonUseIcon
 0001:00014E40       Elbtnedit.TCustomElButtonEdit.GetAltButtonUseIcon
 0001:00014E64       Elbtnedit.TCustomElButtonEdit.SetAltButtonVisible
 0001:00014EB4       Elbtnedit.TCustomElButtonEdit.GetAltButtonVisible
 0001:00014ED4       Elbtnedit.TCustomElButtonEdit.SetAltButtonWidth
 0001:00014F34       Elbtnedit.TCustomElButtonEdit.GetAltButtonWidth
 0001:00014F54       Elbtnedit.TCustomElButtonEdit.AltButtonClickTransfer
 0001:00014F88       Elbtnedit.TCustomElButtonEdit.SetButtonFlat
 0001:00014FAC       Elbtnedit.TCustomElButtonEdit.GetButtonFlat
 0001:00014FD0       Elbtnedit.TCustomElButtonEdit.SetAltButtonEnabled
 0001:00014FF4       Elbtnedit.TCustomElButtonEdit.GetAltButtonEnabled
 0001:00015018       Elbtnedit.TCustomElButtonEdit.SetButtonEnabled
 0001:0001503C       Elbtnedit.TCustomElButtonEdit.GetButtonEnabled
 0001:00015060       Elbtnedit.TCustomElButtonEdit.CMEnabledChanged
 0001:00015088       Elbtnedit.TCustomElButtonEdit.KeyDown
 0001:00015164       Elbtnedit.TCustomElButtonEdit.SetAltButtonHint
 0001:000151D0       Elbtnedit.TCustomElButtonEdit.GetAltButtonHint
 0001:000151F8       Elbtnedit.TCustomElButtonEdit.SetAltButtonPopupPlace
 0001:0001521C       Elbtnedit.TCustomElButtonEdit.GetAltButtonPopupPlace
 0001:00015240       Elbtnedit.TCustomElButtonEdit.SetAltButtonPullDownMenu
 0001:00015264       Elbtnedit.TCustomElButtonEdit.GetAltButtonPullDownMenu
 0001:00015288       Elbtnedit.TCustomElButtonEdit.SetButtonPopupPlace
 0001:000152AC       Elbtnedit.TCustomElButtonEdit.GetButtonPopupPlace
 0001:000152D0       Elbtnedit.TCustomElButtonEdit.SetButtonPullDownMenu
 0001:000152F4       Elbtnedit.TCustomElButtonEdit.GetButtonPullDownMenu
 0001:00015318       Elbtnedit.TCustomElButtonEdit.SetAltButtonCaption
 0001:00015384       Elbtnedit.TCustomElButtonEdit.GetAltButtonCaption
 0001:000153AC       Elbtnedit.TCustomElButtonEdit.SetButtonCaption
 0001:00015418       Elbtnedit.TCustomElButtonEdit.GetButtonCaption
 0001:00015440       Elbtnedit.TCustomElButtonEdit.WMGetDlgCode
 0001:00015470       Elbtnedit.TCustomElButtonEdit.SetAltBtnAlign
 0001:000154C8       Elbtnedit.TCustomElButtonEdit
 0001:0001552C       Elbtnedit.TCustomElButtonEdit
 0001:000156FC       Elbtnedit.TCustomElButtonEdit.WMKeyDown
 0001:000157AC       Elbtnedit.TCustomElButtonEdit.GetAltButtonColor
 0001:000157CC       Elbtnedit.TCustomElButtonEdit.SetAltButtonColor
 0001:000157F0       Elbtnedit.TCustomElButtonEdit.GetButtonThinFrame
 0001:00015814       Elbtnedit.TCustomElButtonEdit.SetButtonThinFrame
 0001:00015838       Elbtnedit.TCustomElButtonEdit.GetAltButtonThinFrame
 0001:0001585C       Elbtnedit.TCustomElButtonEdit.SetAltButtonThinFrame
 0001:00015880       Elbtnedit.TCustomElButtonEdit.SetUseXPThemes
 0001:000158C0       Elbtnedit.TCustomElButtonEdit.UpdateButtonStyles
 0001:000159AC       Elbtnedit.TCustomElButtonEdit.SetActiveBorderType
 0001:000159D0       Elbtnedit.TCustomElButtonEdit.SetFlat
 0001:000159F4       Elbtnedit.TCustomElButtonEdit.SetInactiveBorderType
 0001:00015A18       Elbtnedit.TCustomElButtonEdit.SetLineBorderActiveColor
 0001:00015A3C       Elbtnedit.TCustomElButtonEdit.SetLineBorderInactiveColor
 0001:00015A60       Elbtnedit.TCustomElButtonEdit.GetButtonTransparent
 0001:00015A84       Elbtnedit.TCustomElButtonEdit.SetButtonTransparent
 0001:00015AA8       Elbtnedit.TCustomElButtonEdit.GetAltButtonTransparent
 0001:00015ACC       Elbtnedit.TCustomElButtonEdit.SetAltButtonTransparent
 0001:00015AF0       Elbtnedit.Finalization
 0001:00015B20       Elbtnedit.initialization
 0001:00015B28       Elcalendar.TElCalendar
 0001:0001667C       ElCalendar._16387
 0001:00016684       ElCalendar._16389
 0001:0001668C       Elcalendar.TElCalendar
 0001:00016840       Elcalendar.TElCalendar
 0001:00016888       Elcalendar.TElCalendar.Change
 0001:000168B4       Elcalendar.TElCalendar.Click
 0001:000169CC       Elcalendar.TElCalendar.IsLeapYear
 0001:00016A1C       Elcalendar.TElCalendar.DaysThisMonth
 0001:00016A50       Elcalendar.TElCalendar.DrawCell
 0001:0001717C       ElCalendar._16398
 0001:00017190       ElCalendar._16400
 0001:000171E4       Elcalendar.TElCalendar.GetCellText
 0001:000173E8       Elcalendar.TElCalendar.SelectCell
 0001:00017480       Elcalendar.TElCalendar.SetCalendarDate
 0001:000174AC       Elcalendar.TElCalendar.StoreCalendarDate
 0001:000174CC       Elcalendar.TElCalendar.GetDateElement
 0001:0001752C       Elcalendar.TElCalendar.SetDate
 0001:00017588       Elcalendar.TElCalendar.SetDateElement
 0001:00017674       Elcalendar.TElCalendar.SetStartOfWeek
 0001:000176B4       Elcalendar.TElCalendar.SetUseCurrentDate
 0001:00017708       Elcalendar.TElCalendar.ChangeMonth
 0001:000177DC       Elcalendar.TElCalendar.PrevMonth
 0001:000177F4       Elcalendar.TElCalendar.NextMonth
 0001:0001780C       Elcalendar.TElCalendar.NextYear
 0001:00017888       Elcalendar.TElCalendar.PrevYear
 0001:00017904       Elcalendar.TElCalendar.UpdateCalendar
 0001:00017A24       Elcalendar.TElCalendar.WMSize
 0001:00017AB4       Elcalendar.TElCalendar.SetShowWeekNum
 0001:00017B48       Elcalendar.TElCalendar.Loaded
 0001:00017B9C       Elcalendar.TElCalendar.SetWeekEndDays
 0001:00017BD4       Elcalendar.TElCalendar.SetWeekEndColor
 0001:00017C0C       Elcalendar.TElCalendar.SetHolidays
 0001:00017C30       Elcalendar.TElCalendar.FixHolidayDate
 0001:00017D60       Elcalendar.TElCalendar.MouseToCell
 0001:00017D98       Elcalendar.TElCalendar.CMHintShow
 0001:0001803C       Elcalendar.TElCalendar.IsHoliday
 0001:00018110       Elcalendar.TElCalendar.SetShowHolidays
 0001:00018148       Elcalendar.TElCalendar.SetShowPeriods
 0001:00018180       Elcalendar.TElCalendar.SetPeriodStart
 0001:000181CC       Elcalendar.TElCalendar.SetPeriodInterval
 0001:00018214       Elcalendar.TElCalendar.SetPeriodLength
 0001:0001825C       Elcalendar.TElCalendar.SetPeriodColor
 0001:000182A0       Elcalendar.TElCalendar.IsInPeriod
 0001:000183C4       Elcalendar.TElCalendar.IsRestHoliday
 0001:000184AC       Elcalendar.TElCalendar.SetHolidayColor
 0001:000184F0       Elcalendar.TElCalendar.SetTranslateDays
 0001:00018524       Elcalendar.TElCalendar.SetFlat
 0001:00018558       Elcalendar.TElCalendar.CMMouseEnter
 0001:000185B0       Elcalendar.TElCalendar.CMMouseLeave
 0001:00018608       Elcalendar.TElCalendar.UpdateFrame
 0001:00018648       Elcalendar.TElCalendar.DrawFlatBorder
 0001:000187B0       Elcalendar.TElCalendar.WMNCPaint
 0001:00018800       Elcalendar.TElCalendar.WMKillFocus
 0001:0001883C       Elcalendar.TElCalendar.WMSetFocus
 0001:0001886C       Elcalendar.TElCalendar.WMPaint
 0001:000188A8       Elcalendar.TElCalendar.WMVScroll
 0001:000188D8       Elcalendar.TElCalendar.WMHScroll
 0001:00018908       Elcalendar.TElCalendar.SetActiveBorderType
 0001:00018958       Elcalendar.TElCalendar.SetInactiveBorderType
 0001:000189A8       ElCalendar._16449
 0001:000189EC       Elcalendar.TElCalendar.KeyDown
 0001:00018E64       Elcalendar.TElCalendar.StoreDate
 0001:00018E84       Elcalendar.TElCalendar.SetUseSystemStartOfWeek
 0001:00018EDC       Elcalendar.TElCalendar.SetLineColorLight
 0001:00018F10       Elcalendar.TElCalendar.SetLineColorDark
 0001:00018F44       Elcalendar.TElCalendar.SetUseLineColors
 0001:00018F78       Elcalendar.TElCalendar.SetBorderSides
 0001:00018FB8       Elcalendar.TElCalendar.WMNCCalcSize
 0001:00019050       Elcalendar.TElCalendar.SetSelectionBorder
 0001:00019084       Elcalendar.TElCalendar.SetDayCellBorder
 0001:000190B8       Elcalendar.TElCalendar.SetCurrentDayBorder
 0001:000190EC       Elcalendar.Finalization
 0001:00019134       Elcalendar.initialization
 0001:0001913C       Elcalenddlg.TElCalendarForm
 0001:000193F0       Elcalenddlg.TElCalendarDialog
 0001:00019834       Elcalenddlg.TElCalendarDialog.PrepareDialog
 0001:00019A54       Elcalenddlg.TElCalendarDialog.Execute
 0001:00019B44       Elcalenddlg.TElCalendarDialog
 0001:00019B80       Elcalenddlg.TElCalendarDialog
 0001:00019C38       Elcalenddlg.TElCalendarForm
 0001:00019C78       Elcalenddlg.TElCalendarForm.WMActivate
 0001:00019CC0       Elcalenddlg.TElCalendarForm.WMQueryEndSession
 0001:00019CE8       Elcalenddlg.TElCalendarForm.TriggerChangeEvent
 0001:00019D14       Elcalenddlg.TElCalendarForm.SetNames
 0001:00019D54       Elcalenddlg.TElCalendarForm.UpdateLabel
 0001:00019DA8       Elcalenddlg.TElCalendarForm.PrevYearBtnClick
 0001:00019DEC       Elcalenddlg.TElCalendarForm.PrevMonBtnClick
 0001:00019E88       Elcalenddlg.TElCalendarForm.FormCreate
 0001:0001AB10       Elcalenddlg.TElCalendarForm.MonthComboChange
 0001:0001AB74       Elcalenddlg.TElCalendarForm.NextMonBtnClick
 0001:0001AC10       Elcalenddlg.TElCalendarForm.NextYearBtnClick
 0001:0001AC54       Elcalenddlg.TElCalendarForm.YearSpinChange
 0001:0001AD20       Elcalenddlg.TElCalendarForm.FormShow
 0001:0001AD38       Elcalenddlg.TElCalendarForm.TodayBtnClick
 0001:0001ADAC       Elcalenddlg.TElCalendarForm.OkBtnClick
 0001:0001ADD0       Elcalenddlg.TElCalendarForm.FormClose
 0001:0001ADEC       Elcalenddlg.TElCalendarForm.CancelBtnClick
 0001:0001AE10       Elcalenddlg.TElCalendarForm.CalendarChange
 0001:0001AE28       Elcalenddlg.TElCalendarForm.CalendarClick
 0001:0001AE44       Elcalenddlg.Finalization
 0001:0001AE80       Elcalenddlg.initialization
 0001:0001AE9C       Elcaption.TElCaptionText
 0001:0001B094       Elcaption.TElCaptionTexts
 0001:0001B19C       Elcaption.TElCaptionButton
 0001:0001B440       Elcaption.TElCaptionButtons
 0001:0001B58C       Elcaption.TElFormCaption
 0001:0001B95C       Elcaption.TElCaptionTexts.GetItems
 0001:0001B980       Elcaption.TElCaptionTexts.SetItems
 0001:0001B9A4       Elcaption.TElCaptionTexts.GetOwner
 0001:0001B9C0       Elcaption.TElCaptionTexts.Update
 0001:0001B9EC       Elcaption.TElCaptionTexts.Add
 0001:0001BA08       Elcaption.TElCaptionText.SetActiveColor
 0001:0001BA40       Elcaption.TElCaptionText.SetInactiveColor
 0001:0001BA78       Elcaption.TElCaptionText.SetFont
 0001:0001BA98       Elcaption.TElCaptionText.SetVisible
 0001:0001BAC8       Elcaption.TElCaptionText.Assign
 0001:0001BB80       Elcaption.TElCaptionText.FontChange
 0001:0001BBA4       Elcaption.TElCaptionText.SetCaption
 0001:0001BC18       Elcaption.TElCaptionText.SetOwnerStyle
 0001:0001BC48       Elcaption.TElCaptionText
 0001:0001BC90       Elcaption.TElCaptionText
 0001:0001BD4C       Elcaption.TElCaptionText.GetGlyph
 0001:0001BD68       Elcaption.TElCaptionText.SetGlyph
 0001:0001BD90       Elcaption.TElCaptionText.SetLayout
 0001:0001BDC8       Elcaption.TElCaptionText.GlyphChanged
 0001:0001BDE4       Elcaption.TElCaptionText.SetAlign
 0001:0001BE14       Elcaption.TElCaptionText.Paint
 0001:0001BEA4       Elcaption.TElCaptionText.GetWidth
 0001:0001C008       Elcaption.TElCaptionButton.SetAlign
 0001:0001C038       Elcaption.TElCaptionButton.SetCaption
 0001:0001C0A4       Elcaption.TElCaptionButton.GetGlyph
 0001:0001C0C0       Elcaption.TElCaptionButton.FontChange
 0001:0001C0E4       Elcaption.TElCaptionButton.GlyphChanged
 0001:0001C100       Elcaption.TElCaptionButton.SetGlyph
 0001:0001C128       Elcaption.TElCaptionButton.SetEnabled
 0001:0001C158       Elcaption.TElCaptionButton.SetDown
 0001:0001C188       Elcaption.TElCaptionButton.Assign
 0001:0001C26C       Elcaption.TElCaptionButton.Paint
 0001:0001C424       Elcaption.TElCaptionButton.SetVisible
 0001:0001C47C       Elcaption.TElCaptionButton.SetOwnerStyle
 0001:0001C4B4       Elcaption.TElCaptionButton.SetActiveColor
 0001:0001C4EC       Elcaption.TElCaptionButton.SetInactiveColor
 0001:0001C524       Elcaption.TElCaptionButton.SetFont
 0001:0001C544       Elcaption.TElCaptionButton.SetLayout
 0001:0001C57C       Elcaption.TElCaptionButton
 0001:0001C5EC       Elcaption.TElCaptionButton
 0001:0001C6CC       Elcaption.TElCaptionButton.GetWidth
 0001:0001C898       Elcaption.TElCaptionButtons.GetItems
 0001:0001C8BC       Elcaption.TElCaptionButtons.SetItems
 0001:0001C8E0       Elcaption.TElCaptionButtons.GetOwner
 0001:0001C8FC       Elcaption.TElCaptionButtons.Update
 0001:0001C938       Elcaption.TElCaptionButtons.Add
 0001:0001C954       Elcaption.TElFormCaption.SetActive
 0001:0001CA10       Elcaption.TElFormCaption.SetActiveLeftColor
 0001:0001CA3C       Elcaption.TElFormCaption.SetActiveRightColor
 0001:0001CA68       Elcaption.TElFormCaption.SetInactiveLeftColor
 0001:0001CA94       Elcaption.TElFormCaption.SetBackgroundType
 0001:0001CAC0       Elcaption.TElFormCaption.SetPopupMenu
 0001:0001CB14       Elcaption.TElFormCaption.SetNumColors
 0001:0001CB40       Elcaption.TElFormCaption.SetAlignment
 0001:0001CB50       Elcaption.TElFormCaption.BitmapChange
 0001:0001CB74       Elcaption.TElFormCaption.SetBitmap
 0001:0001CB94       Elcaption.TElFormCaption.Loaded
 0001:0001CBF8       Elcaption.TElFormCaption.OnAfterHook
 0001:0001CF94       Elcaption.TElFormCaption.OnBeforeHook
 0001:0001D668       Elcaption.TElFormCaption.Notification
 0001:0001D6D0       Elcaption.TElFormCaption.Update
 0001:0001D808       ElCaption._16459
 0001:0001DEC8       ElCaption._16460
 0001:0001E384       ElCaption._16461
 0001:0001E5D4       ElCaption._16462
 0001:0001E7B4       ElCaption._16463
 0001:0001E8FC       Elcaption.TElFormCaption.PaintCaption
 0001:0001EC3C       Elcaption.TElFormCaption.SetPaintBkgnd
 0001:0001EC68       Elcaption.TElFormCaption.SetInactiveRightColor
 0001:0001EC94       Elcaption.TElFormCaption.SetButtons
 0001:0001ECB4       Elcaption.TElFormCaption.SetInactiveBitmap
 0001:0001ECD4       Elcaption.TElFormCaption.FontChange
 0001:0001ECEC       Elcaption.TElFormCaption.GetSystemFont
 0001:0001ED6C       Elcaption.TElFormCaption.SetFont
 0001:0001ED8C       Elcaption.TElFormCaption.TriggerDrawCaptionEvent
 0001:0001EDC8       Elcaption.TElFormCaption.ButtonAtPos
 0001:0001EE68       Elcaption.TElFormCaption.TriggerButtonClickEvent
 0001:0001EEB4       Elcaption.TElFormCaption.TriggerButtonDblClickEvent
 0001:0001EF00       Elcaption.TElFormCaption.SetSystemFont
 0001:0001EF2C       Elcaption.TElFormCaption.SetTexts
 0001:0001EF58       Elcaption.TElFormCaption
 0001:0001EFD8       Elcaption.TElFormCaption
 0001:0001F1AC       Elcaption.TElFormCaption.Assign
 0001:0001F2B4       Elcaption.TElFormCaption.SetUseXPThemes
 0001:0001F2F0       Elcaption.TElFormCaption.CreateThemeHandle
 0001:0001F348       Elcaption.TElFormCaption.FreeThemeHandle
 0001:0001F37C       Elcaption.TElFormCaption.IsThemeApplied
 0001:0001F3B0       Elcaption.TElFormCaption.AllocThemes
 0001:0001F3D8       Elcaption.Finalization
 0001:0001F408       Elcaption.initialization
 0001:0001F410       Elcbfmts.HasFormat
 0001:0001F48C       ElCBFmts._16386
 0001:0001F4A0       ElCBFmts._16388
 0001:0001F5A8       Elcbfmts.GetFormatName
 0001:0001F608       Elcbfmts.GetFormatIndex
 0001:0001F86C       Elcbfmts.Finalization
 0001:0001F8B4       Elcbfmts.initialization
 0001:0001F8BC       Elcheckctl.TElCheckItem
 0001:0001FAF0       Elcheckctl.TElCheckItem.DrawFlatFrame
 0001:0001FAF8       Elcheckctl.TElCheckBox
 0001:000205C8       Elcheckctl.TElRadioButton
 0001:00021058       Elcheckctl.TElCheckItem.ImageFormChange
 0001:00021070       Elcheckctl.TElCheckItem.CalcAutoHeight
 0001:000212FC       Elcheckctl.TElCheckItem.AdjustAutoSize
 0001:0002162C       Elcheckctl.TElCheckItem.setAutoSize
 0001:0002166C       Elcheckctl.TElCheckItem.setImageForm
 0001:00021708       Elcheckctl.TElCheckItem.setUseCustomGlyphs
 0001:00021750       Elcheckctl.TElCheckItem.setGlyph
 0001:00021784       Elcheckctl.TElCheckItem.setAlignment
 0001:000217B8       Elcheckctl.TElCheckItem.WMEraseBkgnd
 0001:000217DC       Elcheckctl.TElCheckItem.setSoundMap
 0001:00021840       Elcheckctl.TElCheckItem.Notification
 0001:000218D0       Elcheckctl.TElCheckItem.GlyphChange
 0001:00021908       Elcheckctl.TElCheckItem.Paint
 0001:000233E4       Elcheckctl.TElCheckItem.DoEnter
 0001:00023448       Elcheckctl.TElCheckItem.DoExit
 0001:00023470       Elcheckctl.TElCheckItem.SetFlat
 0001:000234B0       Elcheckctl.TElCheckItem.CMMouseLeave
 0001:00023538       Elcheckctl.TElCheckItem.CMMouseEnter
 0001:000235B0       Elcheckctl.TElCheckItem.CMTextChanged
 0001:000235E8       Elcheckctl.TElCheckItem.MouseDown
 0001:00023720       Elcheckctl.TElCheckItem.MouseUp
 0001:000237E0       Elcheckctl.TElCheckItem.KeyDown
 0001:0002387C       Elcheckctl.TElCheckItem.Click
 0001:00023A28       Elcheckctl.TElCheckItem.Loaded
 0001:00023A7C       Elcheckctl.TElCheckItem.CMFocusChanged
 0001:00023AAC       Elcheckctl.TElCheckItem
 0001:00023B38       Elcheckctl.TElCheckItem
 0001:00023C80       Elcheckctl.TElCheckBox.DrawFlatFrame
 0001:00023D9C       Elcheckctl.TElCheckBox.GetChecked
 0001:00023DBC       Elcheckctl.TElCheckBox.SetChecked
 0001:00023DE8       Elcheckctl.TElCheckBox.SetState
 0001:00023E2C       Elcheckctl.TElCheckBox.SetAllowGrayed
 0001:00023E74       Elcheckctl.TElCheckBox.Toggle
 0001:00023ED0       Elcheckctl.TElRadioButton.DrawFlatFrame
 0001:00024040       Elcheckctl.TElRadioButton.GetChecked
 0001:0002405C       Elcheckctl.TElRadioButton.SetChecked
 0001:00024120       Elcheckctl.TElCheckItem.DrawGlyph
 0001:00024188       Elcheckctl.TElCheckItem.SetFlatAlways
 0001:000241C8       Elcheckctl.TElCheckItem.SetIsHTML
 0001:00024260       Elcheckctl.TElCheckItem.SetImages
 0001:00024338       Elcheckctl.TElCheckItem.SetUseImageList
 0001:000243A0       Elcheckctl.TElCheckItem.ImagesChanged
 0001:000243C4       Elcheckctl.TElCheckItem.CMEnabledChanged
 0001:000243E8       Elcheckctl.TElCheckItem.IFMRepaintChildren
 0001:00024418       Elcheckctl.TElCheckItem.WMWindowPosChanged
 0001:00024444       Elcheckctl.TElCheckItem.CreateWnd
 0001:0002446C       Elcheckctl.TElCheckItem.GetCheckBoxSize
 0001:000244D0       Elcheckctl.TElCheckItem.GetPartId
 0001:00024520       Elcheckctl.TElCheckItem.WMGetDlgCode
 0001:00024574       Elcheckctl.TElCheckItem.WMContextMenu
 0001:000246CC       Elcheckctl.TElCheckItem.WMRButtonUp
 0001:000246E8       Elcheckctl.TElCheckItem.SetCursor
 0001:00024800       Elcheckctl.TElCheckItem.CalcTextRect
 0001:0002486C       Elcheckctl.TElCheckItem.MouseMove
 0001:00024940       Elcheckctl.TElCheckItem.SetLinkColor
 0001:0002498C       Elcheckctl.TElCheckItem.SetLinkPopupMenu
 0001:000249E4       Elcheckctl.TElCheckItem.SetLinkStyle
 0001:00024A30       Elcheckctl.TElCheckItem.DoLinkPopup
 0001:00024AB4       Elcheckctl.TElCheckItem.TriggerImageNeededEvent
 0001:00024B2C       Elcheckctl.TElCheckItem.TriggerLinkClickEvent
 0001:00024B94       Elcheckctl.Finalization
 0001:00024BC4       Elcheckctl.initialization
 0001:00024BCC       Elclipmon.TElClipboardMonitor
 0001:00024CE0       Elclipmon.TElClipboardMonitor.WndProc
 0001:00024D84       Elclipmon.TElClipboardMonitor.DoSetEnabled
 0001:00024DD0       Elclipmon.TElClipboardMonitor.TriggerChangeEvent
 0001:00024DF4       Elclipmon.TElClipboardMonitor.GetDataFormats
 0001:00024EC4       Elclipmon.TElClipboardMonitor
 0001:00024F00       Elclipmon.TElClipboardMonitor.GetDataString
 0001:0002503C       Elclipmon.Finalization
 0001:0002506C       Elclipmon.initialization
 0001:000258C0       Elclock.TElClock
 0001:00025AB0       Elclock.TElClock
 0001:00025B44       Elclock.TElClock
 0001:00025B9C       Elclock.TElClock.GetTime
 0001:00025C30       Elclock.TElClock.Kick
 0001:000262C4       Elclock.TElClock.OnTimer
 0001:0002631C       Elclock.TElClock.CreateTimer
 0001:00026378       Elclock.TElClock.GetTimer
 0001:00026398       Elclock.TElClock.SetTimer
 0001:000263E4       Elclock.TElClock.WMLButtonDown
 0001:00026424       Elclock.TElClock.WMLButtonUp
 0001:00026458       Elclock.TElClock.SetShowHint
 0001:00026498       Elclock.TElClock.SetShowDate
 0001:000264D8       ElClock._16400
 0001:00026518       Elclock.TElClock.PaintBorders
 0001:000265C0       Elclock.TElClock.InheritedPaint
 0001:000265D4       Elclock.TElClock.Paint
 0001:000266E4       Elclock.TElClock.SetIsTimer
 0001:0002674C       Elclock.TElClock.GetTimeElapsed
 0001:00026770       Elclock.TElClock.SetTimerActive
 0001:000267C4       Elclock.TElClock.ResetTimer
 0001:00026814       Elclock.TElClock.SetTimerPaused
 0001:0002688C       Elclock.TElClock.SetUseBias
 0001:000268D8       Elclock.TElClock.SetBias
 0001:00026924       Elclock.TElClock.SetShowWeekDay
 0001:00026970       Elclock.TElClock.SetUseCustomFormat
 0001:000269B0       Elclock.TElClock.SetCustomFormat
 0001:00026A2C       Elclock.TElClock.SetShowDaysInTimer
 0001:00026A78       Elclock.TElClock.SetIsCountdown
 0001:00026AF4       Elclock.TElClock.SetCountdownTime
 0001:00026B54       Elclock.TElClock.SetCountdownPaused
 0001:00026BCC       Elclock.TElClock.TriggerCountdownDoneEvent
 0001:00026C08       Elclock.TElClock.SetCountdownActive
 0001:00026C98       Elclock.TElClock.TriggerCountdownTickEvent
 0001:00026CC4       Elclock.TElClock.WMMouseMove
 0001:00026D1C       Elclock.ShortTZToTimeZoneInfo
 0001:00026D80       ElClock._16423
 0001:00026D94       ElClock._16425
 0001:00026DE4       ElClock._16426
 0001:00026DF8       ElClock._16428
 0001:00026E74       ElClock._16429
 0001:00026E88       ElClock._16431
 0001:00026F54       Elclock.TranslateTZDate
 0001:0002702C       Elclock.RetrieveTimeZoneInfo
 0001:00027428       Elclock.Finalization
 0001:000274E8       Elclock.initialization
 0001:00027640       Elclrcmb.TElColorCombo
 0001:00027C74       Elclrcmb.TElColorCombo
 0001:00027D60       Elclrcmb.TElColorCombo.DrawItem
 0001:00028214       Elclrcmb.TElColorCombo.CMMouseEnter
 0001:00028254       Elclrcmb.TElColorCombo.CMMouseLeave
 0001:00028294       Elclrcmb.TElColorCombo.SetSelectedColor
 0001:000283CC       Elclrcmb.TElColorCombo
 0001:00028400       Elclrcmb.TElColorCombo.FillItems
 0001:000285CC       Elclrcmb.TElColorCombo.CreateWnd
 0001:00028600       Elclrcmb.TElColorCombo.SetOptions
 0001:00028660       Elclrcmb.TElColorCombo.TriggerTranslateColorName
 0001:0002869C       Elclrcmb.TElColorCombo.Change
 0001:00028820       Elclrcmb.TElColorCombo.Loaded
 0001:00028864       Elclrcmb.TElColorCombo.CMFontChanged
 0001:000288AC       Elclrcmb.TElColorCombo.DoAddMoreColors
 0001:000288E0       Elclrcmb.Finalization
 0001:00028910       Elclrcmb.initialization
 0001:00028994       Elcolormap.TMapChangeLink
 0001:000289F4       Elcolormap.TElColorEntries
 0001:00028A7C       Elcolormap.TElColorMap
 0001:00028BB8       Elcolormap.TElColorMap.GetItems
 0001:00028BEC       Elcolormap.TElColorMap.SetItems
 0001:00028C70       Elcolormap.TElColorMap.RegisterNotifyChange
 0001:00028CA8       Elcolormap.TElColorMap.UnregisterNotifyChange
 0001:00028CE8       Elcolormap.TElColorMap.Edit
 0001:00028E58       Elcolormap.TElColorMap.AddItem
 0001:00028EB8       Elcolormap.TElColorMap.InsertItem
 0001:00028F24       Elcolormap.TElColorMap.DeleteItem
 0001:00028F6C       Elcolormap.TElColorMap.TriggerChangeEvent
 0001:00028F90       Elcolormap.TElColorMap.NotifyLinks
 0001:00029004       Elcolormap.TElColorMap.GetCount
 0001:00029020       Elcolormap.TElColorMap.ClearItems
 0001:00029060       Elcolormap.TElColorMap
 0001:000290BC       Elcolormap.TElColorMap.EntryByID
 0001:00029114       Elcolormap.TElColorMap.MakeID
 0001:000291B0       Elcolormap.TElColorMap.Assign
 0001:00029278       Elcolormap.TElColorMap.ReadData
 0001:0002935C       Elcolormap.TElColorMap.WriteData
 0001:0002944C       Elcolormap.TElColorMap.DefineProperties
 0001:0002949C       Elcolormap.TElColorMap.BeginUpdate
 0001:000294AC       Elcolormap.TElColorMap.EndUpdate
 0001:000294E0       Elcolormap.TElColorMap.SetStorage
 0001:00029534       Elcolormap.TElColorMap.Restore
 0001:000298D0       Elcolormap.TElColorMap.Save
 0001:00029AA8       Elcolormap.TElColorMap.Notification
 0001:00029AE4       Elcolormap.TElColorMap
 0001:00029B64       Elcolormap.TMapChangeLink.TriggerChangeEvent
 0001:00029B88       Elcolormap.Finalization
 0001:00029BB8       Elcolormap.initialization
 0001:00029BC0       Elcontbase.Finalization
 0001:00029BF0       Elcontbase.initialization
 0001:00029BF8       Elcrc32.CRCBuffer
 0001:00029C50       Elcrc32.CRCStr
 0001:00029CD8       Elcrc32.CRC32
 0001:00029D10       ElCRC32._16388
 0001:00029D68       Elcrc32.Finalization
 0001:00029D98       Elcrc32.initialization
 0001:00029DA8       Eldailytip.TElDailyTipForm
 0001:00029FFC       Eldailytip.TElDailyTipDialog
 0001:0002A230       Eldailytip.TElDailyTipDialog.SetIsHTML
 0001:0002A24C       Eldailytip.TElDailyTipDialog.Notification
 0001:0002A288       Eldailytip.TElDailyTipDialog.SetStringPool
 0001:0002A2DC       Eldailytip.TElDailyTipDialog
 0001:0002A340       Eldailytip.TElDailyTipDialog.SetStartID
 0001:0002A36C       Eldailytip.TElDailyTipDialog.SetEndID
 0001:0002A39C       Eldailytip.TElDailyTipDialog.Execute
 0001:0002A68C       Eldailytip.TElDailyTipDialog.SetLinkColor
 0001:0002A6CC       Eldailytip.TElDailyTipDialog.SetLinkStyle
 0001:0002A70C       Eldailytip.TElDailyTipForm.NextBtnClick
 0001:0002A850       Eldailytip.Finalization
 0001:0002A880       Eldailytip.initialization
 0001:0002ABCC       ElDragDrop._16393
 0001:0002AC50       Eldragdrop.TEnumFormatEtc
 0001:0002ACD8       Eldragdrop.TOleDragObject
 0001:0002ADA0       ElDragDrop._16398
 0001:0002AED0       Eldragdrop.IElDropSource
 0001:0002AF58       ElDragDrop._16401
 0001:0002AFDC       Eldragdrop.IElDropTarget
 0001:0002B064       ElDragDrop._16404
 0001:0002B108       Eldragdrop.TElDropTarget
 0001:0002B230       Eldragdrop.TElDragDrop
 0001:0002B610       Eldragdrop.TElDropTarget.Notification
 0001:0002B64C       Eldragdrop.TElDropTarget.SetTarget
 0001:0002BA0C       Eldragdrop.TElDropTarget.DragEnter
 0001:0002BBF0       Eldragdrop.TElDropTarget.DragOver
 0001:0002BD14       Eldragdrop.TElDropTarget.DragLeave
 0001:0002BD88       Eldragdrop.TElDropTarget.Drop
 0001:0002BED4       Eldragdrop.TElDropTarget.HasDataFormat
 0001:0002BF7C       Eldragdrop.TElDropTarget.QueryInterface
 0001:0002BFA8       Eldragdrop.TElDropTarget._AddRef
 0001:0002BFC4       Eldragdrop.TElDropTarget._Release
 0001:0002BFFC       Eldragdrop.TElDropTarget
 0001:0002C0B0       Eldragdrop.TElDropTarget
 0001:0002C0FC       Eldragdrop.TElDropTarget.AfterMessage
 0001:0002C42C       Eldragdrop.TElDropTarget.BeforeMessage
 0001:0002C45C       Eldragdrop.IElDropSource.GiveFeedback
 0001:0002C470       Eldragdrop.IElDropSource.GetData
 0001:0002C624       Eldragdrop.IElDropSource.GetDataHere
 0001:0002C794       Eldragdrop.IElDropSource.QueryGetData
 0001:0002C81C       Eldragdrop.IElDropSource.GetCanonicalFormatEtc
 0001:0002C838       Eldragdrop.IElDropSource.SetData
 0001:0002C84C       Eldragdrop.IElDropSource.EnumFormatEtc
 0001:0002C908       Eldragdrop.IElDropSource.dAdvise
 0001:0002C91C       Eldragdrop.IElDropSource.dUnadvise
 0001:0002C930       Eldragdrop.IElDropSource.EnumdAdvise
 0001:0002C950       Eldragdrop.IElDropSource.QueryContinueDrag
 0001:0002CA90       Eldragdrop.TOleDragObject
 0001:0002CAE4       Eldragdrop.TOleDragObject
 0001:0002CB20       Eldragdrop.TOleDragObject.DataObject
 0001:0002CB40       Eldragdrop.TOleDragObject.HasDataFormat
 0001:0002CC00       Eldragdrop.TOleDragObject.GetFormatData
 0001:0002CD78       Eldragdrop.TOleDragObject.GetString
 0001:0002CF10       ElDragDrop._16440
 0001:0002CF38       Eldragdrop.TOleDragObject.GetFileList
 0001:0002D10C       Eldragdrop.TOleDragObject.GetBitmap
 0001:0002D2D4       Eldragdrop.TOleDragObject.GetDragContent
 0001:0002D35C       Eldragdrop.TElDragDrop.TriggerSourceDragEvent
 0001:0002D3A0       Eldragdrop.IElDropSource
 0001:0002D410       Eldragdrop.IElDropSource
 0001:0002D44C       Eldragdrop.IElDropTarget
 0001:0002D4A0       Eldragdrop.IElDropTarget
 0001:0002D4D8       Eldragdrop.IElDropTarget.DragEnter
 0001:0002D6A4       Eldragdrop.IElDropTarget.DragOver
 0001:0002D7A4       Eldragdrop.IElDropTarget.DragLeave
 0001:0002D814       Eldragdrop.IElDropTarget.Drop
 0001:0002D940       Eldragdrop.TElDragDrop.SetContentType
 0001:0002D96C       Eldragdrop.TElDragDrop
 0001:0002DAAC       Eldragdrop.TElDragDrop
 0001:0002DB2C       Eldragdrop.TElDragDrop.TriggerOleStartDragEvent
 0001:0002DB70       Eldragdrop.TElDragDrop.SetContentLength
 0001:0002DBB0       Eldragdrop.TElDragDrop.Paint
 0001:0002DCB4       Eldragdrop.TElDragDrop.SetPicture
 0001:0002DD14       Eldragdrop.TElDragDrop.SetAutoSize
 0001:0002DD7C       Eldragdrop.TElDragDrop.SetIsDropTarget
 0001:0002E0DC       Eldragdrop.TElDragDrop.OnPictureChange
 0001:0002E134       Eldragdrop.TElDragDrop.TriggerSourceDropEvent
 0001:0002E168       Eldragdrop.TElDragDrop.TriggerPaintEvent
 0001:0002E194       Eldragdrop.TElDragDrop.WMMouseMove
 0001:0002E384       Eldragdrop.TElDragDrop.TriggerTargetDragEvent
 0001:0002E3D4       Eldragdrop.TElDragDrop.TriggerTargetDropEvent
 0001:0002E420       Eldragdrop.TElDragDrop.WMLButtonDown
 0001:0002E478       Eldragdrop.TElDragDrop.WMLButtonUp
 0001:0002E4C0       Eldragdrop.TElDragDrop.CMMouseLeave
 0001:0002E508       Eldragdrop.TElDragDrop.WMCreate
 0001:0002E544       Eldragdrop.TElDragDrop.GetThemedClassName
 0001:0002E574       Eldragdrop.TEnumFormatEtc
 0001:0002E5D8       Eldragdrop.TEnumFormatEtc.Skip
 0001:0002E618       Eldragdrop.TEnumFormatEtc.Reset
 0001:0002E634       Eldragdrop.TEnumFormatEtc.Next
 0001:0002E6B8       Eldragdrop.TEnumFormatEtc.Clone
 0001:0002E708       Eldragdrop.TEnumFormatEtc
 0001:0002E74C       Eldragdrop.Finalization
 0001:0002E77C       Eldragdrop.initialization
 0001:0002E784       Elextbkgnd.ExtDrawBkgnd2
 0001:0002EBC4       Elextbkgnd.ExtDrawBkgnd
 0001:0002F67C       Elextbkgnd.Finalization
 0001:0002F6B8       Elextbkgnd.initialization
 0001:0002F6F4       Elflatctl.TElFlatController
 0001:0002F954       Elflatctl.TElFlatEntry
 0001:0002FB98       Elflatctl.TElFlatEntries
 0001:0002FC50       Elflatctl.TElFlatMultiController
 0001:0002FEE8       Elflatctl.TElFlatMultiController
 0001:0002FF58       Elflatctl.TElFlatMultiController
 0001:00030038       Elflatctl.TElFlatEntries.GetEntries
 0001:0003005C       Elflatctl.TElFlatEntries.SetEntries
 0001:00030080       Elflatctl.TElFlatEntries.GetOwner
 0001:0003009C       Elflatctl.TElFlatEntries.Add
 0001:000300B8       Elflatctl.TElFlatMultiController.SetEntries
 0001:000300E4       ElFlatCtl._16400
 0001:00030230       Elflatctl.TElFlatMultiController.ScanForm
 0001:00030250       Elflatctl.TElFlatMultiController.CMControlListChange
 0001:000303F8       Elflatctl.TElFlatMultiController.SetActive
 0001:00030418       Elflatctl.TElFlatMultiController.GetActive
 0001:00030434       Elflatctl.TElFlatMultiController.SetDesignActive
 0001:00030454       Elflatctl.TElFlatMultiController.GetDesignActive
 0001:00030470       Elflatctl.TElFlatMultiController.AfterProcessHandler
 0001:0003049C       Elflatctl.TElFlatMultiController.SetAutoAddControls
 0001:000304C0       Elflatctl.TElFlatMultiController.SetFlatFocusedScrollbars
 0001:00030540       Elflatctl.TElFlatMultiController.SetActiveBorderType
 0001:000305C0       Elflatctl.TElFlatMultiController.SetInactiveBorderType
 0001:00030640       Elflatctl.TElFlatMultiController.SetLineBorderActiveColor
 0001:000306C0       Elflatctl.TElFlatMultiController.SetLineBorderInactiveColor
 0001:00030740       Elflatctl.TElFlatMultiController.SetBorderSides
 0001:000307C0       Elflatctl.TElFlatMultiController.Loaded
 0001:000308B0       Elflatctl.TElFlatMultiController.SetUseXPThemes
 0001:00030930       Elflatctl.TElFlatEntry.GetActive
 0001:0003094C       Elflatctl.TElFlatEntry.SetActive
 0001:00030980       Elflatctl.TElFlatEntry.GetFlatFocusedScrollbars
 0001:0003099C       Elflatctl.TElFlatEntry.SetFlatFocusedScrollbars
 0001:000309E0       Elflatctl.TElFlatEntry.GetDesignActive
 0001:000309FC       Elflatctl.TElFlatEntry.SetDesignActive
 0001:00030A30       Elflatctl.TElFlatEntry.SetControl
 0001:00030A64       Elflatctl.TElFlatEntry
 0001:00030AC0       Elflatctl.TElFlatEntry
 0001:00030AFC       Elflatctl.TElFlatEntry.Assign
 0001:00030B68       Elflatctl.TElFlatEntry.GetActiveBorderType
 0001:00030B84       Elflatctl.TElFlatEntry.SetActiveBorderType
 0001:00030BA4       Elflatctl.TElFlatEntry.GetInactiveBorderType
 0001:00030BC0       Elflatctl.TElFlatEntry.SetInactiveBorderType
 0001:00030BE0       Elflatctl.TElFlatEntry.SetLineBorderActiveColor
 0001:00030C08       Elflatctl.TElFlatEntry.SetLineBorderInactiveColor
 0001:00030C30       Elflatctl.TElFlatEntry.SetBorderSides
 0001:00030C54       Elflatctl.TElFlatEntry.GetUseXPThemes
 0001:00030C70       Elflatctl.TElFlatEntry.SetUseXPThemes
 0001:00030C90       Elflatctl.TElFlatController.SetFlatFocusedScrollbars
 0001:00030CF4       Elflatctl.TElFlatController.UpdateFrame
 0001:00030DC4       ElFlatCtl._16438
 0001:00030EE4       ElFlatCtl._16439
 0001:00030F30       Elflatctl.TElFlatController.DrawFlatBorder
 0001:000311C8       Elflatctl.TElFlatController.HookAfterProcessHandler
 0001:000313E4       Elflatctl.TElFlatController.SetActive
 0001:00031430       Elflatctl.TElFlatController.GetActive
 0001:0003144C       Elflatctl.TElFlatController.SetControl
 0001:00031518       Elflatctl.TElFlatController.GetControl
 0001:00031540       Elflatctl.TElFlatController.SetDesignActive
 0001:0003158C       Elflatctl.TElFlatController.GetDesignActive
 0001:000315A8       Elflatctl.TElFlatController.SetActiveBorderType
 0001:0003160C       Elflatctl.TElFlatController.SetInactiveBorderType
 0001:00031670       Elflatctl.TElFlatController
 0001:000316B4       Elflatctl.TElFlatController
 0001:00031768       Elflatctl.TElFlatController.SetBorderSides
 0001:000317DC       Elflatctl.TElFlatController.SetLineBorderActiveColor
 0001:00031840       Elflatctl.TElFlatController.SetLineBorderInactiveColor
 0001:000318A4       Elflatctl.TElFlatController.IsControlThemed
 0001:00031918       Elflatctl.TElFlatController.SetUseXPThemes
 0001:00031958       Elflatctl.TElFlatController.CreateThemeHandle
 0001:0003199C       Elflatctl.TElFlatController.IsThemeApplied
 0001:000319C8       Elflatctl.TElFlatController.FreeThemeHandle
 0001:000319EC       Elflatctl.TElFlatController.HookBeforeProcessHandler
 0001:00031AC8       Elflatctl.TElFlatController.Loaded
 0001:00031AFC       Elflatctl.TElFlatController.DoNCPaint
 0001:00031C28       Elflatctl.Finalization
 0001:00031C58       Elflatctl.initialization
 0001:00031D0C       Elfrmpers.TElMinMaxInfo
 0001:00031EB8       Elfrmpers.TElStoredProps
 0001:00031F40       Elfrmpers.TElFormPersist
 0001:000321C0       Elfrmpers.TElMinMaxInfo.SetInfo
 0001:00032278       Elfrmpers.TElMinMaxInfo.GetInfo
 0001:00032318       Elfrmpers.TElFormPersist.OnSavePropData
 0001:00032368       Elfrmpers.TElFormPersist.OnLoadPropData
 0001:000323CC       Elfrmpers.TElFormPersist.OnDelPropData
 0001:000323F8       Elfrmpers.TElFormPersist.InfoChanged
 0001:00032404       ElFrmPers._16400
 0001:0003254C       ElFrmPers._16401
 0001:00032574       Elfrmpers.TElFormPersist.OnAfterHook
 0001:00032884       Elfrmpers.TElFormPersist.OnHook
 0001:00032A2C       Elfrmpers.TElFormPersist.SetStorage
 0001:00032A80       Elfrmpers.TElFormPersist.Save
 0001:00032ADC       Elfrmpers.TElFormPersist.Restore
 0001:00032B38       Elfrmpers.TElFormPersist.TriggerSaveEvent
 0001:00032B5C       Elfrmpers.TElFormPersist.TriggerRestoreEvent
 0001:00032B80       Elfrmpers.TElFormPersist.SetMinMaxInfo
 0001:00032BB0       Elfrmpers.TElFormPersist.SetActive
 0001:00032BF0       Elfrmpers.TElFormPersist.Notification
 0001:00032C68       Elfrmpers.TElFormPersist.SavePosition
 0001:00032F6C       ElFrmPers._16413
 0001:00033094       ElFrmPers._16414
 0001:000330BC       Elfrmpers.TElFormPersist.RestorePosition
 0001:000334C0       Elfrmpers.TElFormPersist.UpdatePosition
 0001:00033600       ElFrmPers._16417
 0001:00033A78       Elfrmpers.TElFormPersist.SaveProps
 0001:00033B28       ElFrmPers._16419
 0001:00033FB8       Elfrmpers.TElFormPersist.RestoreProps
 0001:00034068       Elfrmpers.TElFormPersist.DefineProperties
 0001:000340C0       Elfrmpers.TElFormPersist.ReadPropsList
 0001:000340E0       Elfrmpers.TElFormPersist.WritePropsList
 0001:00034100       Elfrmpers.TElFormPersist.GetPropsToStore
 0001:0003411C       Elfrmpers.TElFormPersist.UpdateTopmost
 0001:00034184       Elfrmpers.TElFormPersist.SetTopMost
 0001:00034254       Elfrmpers.TElFormPersist.Loaded
 0001:000342A0       Elfrmpers.TElFormPersist
 0001:00034314       Elfrmpers.TElFormPersist
 0001:000344D0       Elfrmpers.TElFormPersist.SetFlipped
 0001:00034540       ElFrmPers._16431
 0001:000345B0       Elfrmpers.TElFormPersist.DoFlip
 0001:0003461C       ElFrmPers._16433
 0001:00034758       Elfrmpers.Finalization
 0001:000347B4       Elfrmpers.initialization
 0001:00034830       Elgauge.TElGauge
 0001:00034E80       Elgauge.TElGauge.SetValue
 0001:00034ED4       Elgauge.TElGauge.SetMinValue
 0001:00034F40       Elgauge.TElGauge.SetMaxValue
 0001:00034F98       Elgauge.TElGauge.SetShowPoints
 0001:00034FD0       Elgauge.TElGauge.SetPoints
 0001:00035014       Elgauge.TElGauge.SetBackColor
 0001:0003504C       Elgauge.TElGauge.SetForeColor
 0001:00035084       Elgauge.TElGauge.SetCriticalValue
 0001:000350E4       Elgauge.TElGauge.SetCriticalColor
 0001:0003511C       Elgauge.TElGauge.Notification
 0001:00035164       Elgauge.TElGauge.Paint
 0001:000356E4       Elgauge.TElGauge.SetText
 0001:00035754       Elgauge.TElGauge.ImageFormChange
 0001:0003576C       Elgauge.TElGauge.SetImageForm
 0001:000357F8       Elgauge.TElGauge.SetGaugeKind
 0001:00035830       Elgauge.TElGauge.SetTransparent
 0001:00035894       Elgauge.TElGauge
 0001:000358EC       Elgauge.TElGauge
 0001:000359F8       Elgauge.TElGauge.IFMRepaintChildren
 0001:00035A1C       Elgauge.Finalization
 0001:00035A4C       Elgauge.initialization
 0001:00035A54       Elgraphs.TDataEntry
 0001:00035AE8       Elgraphs.TElGraph
 0001:000360F8       Elgraphs.TDataEntry.SetVisible
 0001:00036134       Elgraphs.TDataEntry.SetColor
 0001:00036178       Elgraphs.TDataEntry.SetName
 0001:00036208       Elgraphs.TDataEntry
 0001:00036284       Elgraphs.TDataEntry
 0001:000362C0       Elgraphs.TDataEntry.AddValue
 0001:00036354       Elgraphs.TDataEntry.GetValue
 0001:00036378       Elgraphs.TDataEntry.SetMinGrid
 0001:000363BC       Elgraphs.TDataEntry.SetMaxGrid
 0001:00036400       Elgraphs.TDataEntry.CalcMinMax
 0001:000364D0       Elgraphs.TDataEntry.GetValueCount
 0001:000364EC       Elgraphs.TDataEntry.GetLimit
 0001:00036508       Elgraphs.TDataEntry.SetLimit
 0001:00036534       Elgraphs.TDataEntry.Reset
 0001:00036554       Elgraphs.TElGraph.GetDataList
 0001:0003657C       Elgraphs.TElGraph.SetImageForm
 0001:000365D4       Elgraphs.TElGraph.SetShowLegend
 0001:0003660C       Elgraphs.TElGraph.SetShowMinMax
 0001:00036644       Elgraphs.TElGraph.GetEntriesCount
 0001:00036664       Elgraphs.TElGraph.SetShowGrid
 0001:0003669C       Elgraphs.TElGraph.Print
 0001:000366D8       Elgraphs.TElGraph.CreateEntry
 0001:00036700       Elgraphs.TElGraph.AddEntry
 0001:00036728       Elgraphs.TElGraph.InsertEntry
 0001:0003675C       Elgraphs.TElGraph.DeleteEntry
 0001:00036800       Elgraphs.TElGraph.Refresh
 0001:00036820       Elgraphs.TElGraph.DoDrawGraph
 0001:00037568       Elgraphs.TElGraph.Paint
 0001:00037588       Elgraphs.TElGraph.GetLegendRect
 0001:00037620       Elgraphs.TElGraph.GetMinMaxRect
 0001:000376D4       Elgraphs.TElGraph.SetLegendAtRight
 0001:00037714       Elgraphs.TElGraph.SetLegendWidth
 0001:00037754       Elgraphs.TElGraph.GetMainRect
 0001:000377E0       Elgraphs.TElGraph.SetLegendBkColor
 0001:00037830       Elgraphs.TElGraph.Notification
 0001:00037878       Elgraphs.TElGraph.TriggerResizeEvent
 0001:000378A4       Elgraphs.TElGraph.SetMinMaxEntry
 0001:000378E4       Elgraphs.TElGraph.SetHGridLines
 0001:0003791C       Elgraphs.TElGraph.SetVGridLines
 0001:00037954       Elgraphs.TElGraph.GetColumnEntry
 0001:00037970       Elgraphs.TElGraph.SetColumnEntry
 0001:000379A8       Elgraphs.TElGraph.WMEraseBkgnd
 0001:000379C4       Elgraphs.TElGraph.SetShowTimeouts
 0001:000379FC       Elgraphs.TElGraph.SetBounds
 0001:00037A98       Elgraphs.TElGraph.GetTransparent
 0001:00037AB8       Elgraphs.TElGraph.SetTransparent
 0001:00037B10       Elgraphs.TElGraph
 0001:00037B50       Elgraphs.TElGraph
 0001:00037C10       Elgraphs.TElGraph.IFMRepaintChildren
 0001:00037C34       Elgraphs.Finalization
 0001:00037C64       Elgraphs.initialization
 0001:00037C6C       ___CRTL_VCL_Init
 0001:00037CB0       ___CRTL_VCL_Exit
 0001:00037CB4       ___CRTL_VCLLIB_Linkage
 0001:00037CB8       ___CRTL_VCL_Sharemem
 0001:00037D14       ___CRTL_VCL_HookSystem
 0001:00037D70       __ExceptInit
 0001:00037DBC       __GetExceptDLLinfoInternal
 0001:00037DE4       __InitExceptBlockLDTC
 0001:00037E1D       __ExitExceptBlock
 0001:00037E2B       __ExceptionHandler
 0001:00037E54       ___CRTL_DLL_Lock
 0001:00037E78       ___CRTL_DLL_Unlock
 0001:00037E90       Elhashlist.EElHashListError
 0001:00038004       Elhashlist.TElHashList
 0001:00038088       Elhashlist.TElHashList.AddItem
 0001:000380E4       Elhashlist.TElHashList.DeleteItem
 0001:00038234       Elhashlist.TElHashList.InsertItem
 0001:000384E0       Elhashlist.TElHashList.GetItem
 0001:000385B8       Elhashlist.TElHashList.GetIndex
 0001:00038714       Elhashlist.TElHashList.SetCapacity
 0001:0003879C       Elhashlist.TElHashList.Grow
 0001:000387F4       Elhashlist.TElHashList.Clear
 0001:000388A0       Elhashlist.TElHashList.GetByIndex
 0001:00038908       Elhashlist.TElHashList.SetHashType
 0001:00038944       Elhashlist.TElHashList.SetQuickHash
 0001:00038978       Elhashlist.TElHashList.CalcQuickHash
 0001:000389F8       Elhashlist.TElHashList.SetAutoClearObjects
 0001:00038A1C       Elhashlist.TElHashList
 0001:00038A68       Elhashlist.TElHashList
 0001:00038AB8       Elhashlist.Finalization
 0001:00038AE8       Elhashlist.initialization
 0001:00038E0C       Elheader.EElHeaderError
 0001:00038FA4       Elheader.TElHeaderSection
 0001:00039544       Elheader.TElHeaderSections
 0001:000398BC       Elheader.TCustomElHeader
 0001:00039B20       Elheader.TElHeader
 0001:0003A61C       Elheader.TElHeaderSection
 0001:0003A700       Elheader.TElHeaderSection.UpdateSection
 0001:0003A7C8       Elheader.TElHeaderSection.SetSortMode
 0001:0003A880       Elheader.TElHeaderSection.SetMaxWidth
 0001:0003A8C0       Elheader.TElHeaderSection.SetMinWidth
 0001:0003A900       Elheader.TElHeaderSection.SetWidth
 0001:0003AB44       Elheader.TElHeaderSection.SetLookupEnabled
 0001:0003ABC0       Elheader.TElHeaderSection.GetVisible
 0001:0003AC14       Elheader.TElHeaderSection.SetVisible
 0001:0003AE74       Elheader.TElHeaderSection.GetWidth
 0001:0003AE90       Elheader.TElHeaderSection.GetLeft
 0001:0003AEE8       Elheader.TElHeaderSection.GetRight
 0001:0003AF60       Elheader.TElHeaderSection.SetText
 0001:0003B00C       Elheader.TElHeaderSection.SetStyle
 0001:0003B050       Elheader.TElHeaderSection.SetAlignment
 0001:0003B094       Elheader.TElHeaderSection.GetIndex
 0001:0003B0B0       Elheader.TElHeaderSection.Assign
 0001:0003B2C8       Elheader.TElHeaderSection.GetPosition
 0001:0003B304       Elheader.TElHeaderSection.SetImageIndex
 0001:0003B34C       Elheader.TElHeaderSection.SetResizable
 0001:0003B38C       Elheader.TElHeaderSection.SetSaveSize
 0001:0003B3A8       Elheader.TElHeaderSection.SetEditable
 0001:0003B3E4       Elheader.TElHeaderSection.SetFieldName
 0001:0003B45C       Elheader.TElHeaderSection.SetFieldType
 0001:0003B498       Elheader.TElHeaderSection.SetProtected
 0001:0003B4D4       Elheader.TElHeaderSection.SetExpandable
 0001:0003B5B8       Elheader.TElHeaderSection.SetExpanded
 0001:0003B610       Elheader.TElHeaderSection.SetParentSection
 0001:0003B690       Elheader.TElHeaderSection.SetPopupMenu
 0001:0003B6C8       Elheader.TElHeaderSection.SetParentColor
 0001:0003B6F4       Elheader.TElHeaderSection.SetColor
 0001:0003B72C       Elheader.TElHeaderSection.SetFontColor
 0001:0003B764       Elheader.TElHeaderSection.SetUseMainStyle
 0001:0003B7B4       Elheader.TElHeaderSection.SetTextLayout
 0001:0003B7E0       Elheader.TElHeaderSection.SetFilterEnabled
 0001:0003B85C       Elheader.TElHeaderSection.SetAutoSize
 0001:0003B898       Elheader.TElHeaderSection.SetLookupList
 0001:0003B8B8       Elheader.TElHeaderSection.SetFilterIsActive
 0001:0003B8F0       Elheader.TElHeaderSection.GetLocked
 0001:0003B914       Elheader.TElHeaderSection.GetOwner
 0001:0003B934       Elheader.TElHeaderSection
 0001:0003B97C       Elheader.TElHeaderSection.SetShowSortMark
 0001:0003B9B8       Elheader.TElHeaderSections
 0001:0003BA18       Elheader.TElHeaderSections
 0001:0003BA5C       Elheader.TElHeaderSections.Clear
 0001:0003BA94       Elheader.TElHeaderSections.DefineProperties
 0001:0003BAE4       Elheader.TElHeaderSections.CreateSection
 0001:0003BB0C       Elheader.TElHeaderSections.AddSection
 0001:0003BB30       Elheader.TElHeaderSections.InsertSection
 0001:0003BC28       Elheader.TElHeaderSections.DeleteSection
 0001:0003BD58       Elheader.TElHeaderSections.MoveSection
 0001:0003BE58       Elheader.TElHeaderSections.GetCount
 0001:0003BE74       Elheader.TElHeaderSections.SetSection
 0001:0003BE88       Elheader.TElHeaderSections.GetSectionByIntTag
 0001:0003BEF0       Elheader.TElHeaderSections.GetSection
 0001:0003BF14       Elheader.TElHeaderSections.GetSectionByPos
 0001:0003BF38       Elheader.TElHeaderSections.WriteData
 0001:0003C264       Elheader.TElHeaderSections.ReadData
 0001:0003C284       Elheader.TElHeaderSections.FrameReadData
 0001:0003C2A4       Elheader.TElHeaderSections.IntReadData
 0001:0003D294       Elheader.TElHeaderSections.LoadFromStream
 0001:0003D2D4       Elheader.TElHeaderSections.SaveToStream
 0001:0003D2F0       Elheader.TElHeaderSections.SaveToFile
 0001:0003D388       Elheader.TElHeaderSections.LoadFromFile
 0001:0003D41C       Elheader.TElHeaderSections.LastVisibleSection
 0001:0003D460       Elheader.TElHeaderSections.GetPrevVisibleSection
 0001:0003D4CC       Elheader.TElHeaderSections.Assign
 0001:0003D610       Elheader.TElHeaderSections.GetOwner
 0001:0003D62C       Elheader.TElHeaderSections.FindSection
 0001:0003D694       Elheader.TCustomElHeader
 0001:0003D854       Elheader.TCustomElHeader
 0001:0003D900       Elheader.TCustomElHeader.CreateSections
 0001:0003D924       Elheader.TCustomElHeader.GetSectionAtEx
 0001:0003DAAC       Elheader.TCustomElHeader.GetSectionAt
 0001:0003DBB8       Elheader.TCustomElHeader.InvalidateRight
 0001:0003DC7C       Elheader.TCustomElHeader.GetColumnsWidth
 0001:0003DD20       Elheader.TCustomElHeader.InResizeArea
 0001:0003DE70       Elheader.TCustomElHeader.WMCancelMode
 0001:0003DEFC       Elheader.TCustomElHeader.WMLButtonDown
 0001:0003DF30       Elheader.TCustomElHeader.WMMouseMove
 0001:0003DF64       Elheader.TCustomElHeader.WMLButtonUp
 0001:0003DF98       Elheader.TCustomElHeader.CMMouseLeave
 0001:0003DFBC       Elheader.TCustomElHeader.CMMouseEnter
 0001:0003DFE0       Elheader.TCustomElHeader.CMDrag
 0001:0003E088       Elheader.TCustomElHeader.GetSectionRect
 0001:0003E104       Elheader.TCustomElHeader.DoGetPicture
 0001:0003E148       Elheader.TCustomElHeader.MeasureSectionWidth
 0001:0003E484       Elheader.TCustomElHeader.RedrawSection
 0001:0003F7A0       Elheader.TCustomElHeader.RedrawSections
 0001:0003FAF4       Elheader.TCustomElHeader.CalcHeaderHeight
 0001:0003FBF0       Elheader.TCustomElHeader.AdjustHeaderHeight
 0001:0003FC24       Elheader.TCustomElHeader.AdjustStickySize
 0001:0003FF8C       Elheader.TCustomElHeader.GetResizableWidth
 0001:00040008       Elheader.TCustomElHeader.MarkStickySections
 0001:00040094       Elheader.TCustomElHeader.Resize
 0001:00040298       Elheader.TCustomElHeader.AllocateLineDC
 0001:000402C0       Elheader.TCustomElHeader.ReleaseLineDC
 0001:000402E4       Elheader.TCustomElHeader.DrawLine
 0001:00040334       Elheader.TCustomElHeader.Paint
 0001:0004035C       Elheader.TCustomElHeader.SetSections
 0001:00040380       Elheader.TCustomElHeader.SetLockHeight
 0001:000403D4       Elheader.TCustomElHeader.SetFilterColor
 0001:00040460       Elheader.TCustomElHeader.TriggerSectionAutoSizeEvent
 0001:00040494       Elheader.TCustomElHeader.TriggerMeasureSectionEvent
 0001:000404D0       Elheader.TCustomElHeader.TriggerFilterCallEvent
 0001:00040504       Elheader.TCustomElHeader.WMLButtonDblClk
[...]
  4870 0001:00175B2A  4871 0001:00175B6A  4875 0001:00175B89  4876 0001:00175BA3
  4878 0001:00175BAD  4880 0001:00175BC0  4881 0001:00175BC7  4882 0001:00175BCE
  4883 0001:00175BD3  4884 0001:00175BE5  4885 0001:00175BF1  4887 0001:00175BFD
  4889 0001:00175C09  4890 0001:00175C1B  4891 0001:00175C2B  4895 0001:00175C3D
  4896 0001:00175C4F  4897 0001:00175C5F  4899 0001:00175C75  4902 0001:00175C8E
  4903 0001:00175C9E  4908 0001:00175CB3  4910 0001:00175CC6  4912 0001:00175CD2
  4913 0001:00175CEF  4914 0001:00175CFF  4915 0001:00175D0F  4919 0001:00175D1C
  4920 0001:00175D2C  4921 0001:00175D3E  4922 0001:00175D45  4923 0001:00175D4C
  4924 0001:00175D51  4925 0001:00175D56  4926 0001:00175D6C  4930 0001:00175D82
  4931 0001:00175D8E  4955 0001:00175D9E  4957 0001:00175DB3  4959 0001:00175DC3
  4960 0001:00175DD2  4962 0001:00175E24  4963 0001:00175E64  4967 0001:00175E83
  4968 0001:00175E95  4969 0001:00175EA9  4974 0001:00175EE8  4976 0001:00175F1E
  4977 0001:00175F25  4978 0001:00175F2C  4979 0001:00175F31  4980 0001:00175F40
  4981 0001:00175F49  4983 0001:00175F55  4985 0001:00175F61  4986 0001:00175F73
  4987 0001:00175F83  4991 0001:00175F95  4992 0001:00175FA5  4993 0001:00175FB7
  4995 0001:00175FCD  4999 0001:00175FE6  5000 0001:00175FF0  5002 0001:00175FFC
  5003 0001:00176019  5004 0001:00176029  5008 0001:0017603E  5009 0001:0017604E
  5010 0001:00176060  5011 0001:00176067  5012 0001:0017606E  5013 0001:00176073
  5014 0001:00176078  5015 0001:0017608E  5020 0001:001760A4  5021 0001:001760B0
  5023 0001:001760C0  5024 0001:00176118  5025 0001:0017613D  5032 0001:00176144
  5033 0001:00176150  5034 0001:0017615B  5035 0001:00176177  5037 0001:0017619E
  5038 0001:001761AC  5039 0001:001761B4  5041 0001:001761C0  5042 0001:001761C5
  5043 0001:001761CD  5044 0001:001761E7  5046 0001:001761F5  5049 0001:001761FC
  5050 0001:00176208  5052 0001:00176216  5053 0001:00176222  5055 0001:0017622A
  5058 0001:00176230  5059 0001:00176237  5060 0001:0017624F  5062 0001:00176263
  5063 0001:00176276  5067 0001:00176280  5068 0001:00176289  5069 0001:00176291
  5070 0001:0017629C  5071 0001:001762A4  5072 0001:001762AC  5073 0001:001762CD
  5074 0001:001762D5  5075 0001:001762E0  5076 0001:001762EE  5077 0001:0017630E
  5080 0001:00176314  5081 0001:00176320  5083 0001:00176328  5087 0001:00176339
  5092 0001:00176340  5093 0001:00176362  5095 0001:0017636B  5099 0001:00176375
  5100 0001:00176391  5101 0001:0017639F  5103 0001:001763DE  5106 0001:001763E4
  5107 0001:00176403  5108 0001:0017643C  5111 0001:00176440  5112 0001:00176449
  5113 0001:00176458  5116 0001:0017645C  5117 0001:00176468  5119 0001:00176486
  5120 0001:00176492  5121 0001:0017649E  5123 0001:001764BE  5124 0001:001764CB
  5125 0001:001764F1  5128 0001:001764FB  5130 0001:00176507  5131 0001:00176513
  5132 0001:00176520  5133 0001:00176546  5135 0001:0017654E  5138 0001:00176554
  5139 0001:00176560  5141 0001:0017657A  5142 0001:00176586  5143 0001:0017658E
  5145 0001:001765B4  5162 0001:001765B8  5163 0001:001765C5  5164 0001:001765D0
  5165 0001:001765DA  5167 0001:001765E5  5169 0001:00176615  5176 0001:0017661C
  5177 0001:00176629  5178 0001:00176633  5180 0001:0017663E  5182 0001:0017666E
  5183 0001:00176679  5186 0001:00176680  5187 0001:00176688  5188 0001:00176695
  5189 0001:001766A7  5192 0001:001766AC  5193 0001:001766B4  5194 0001:001766C1
  5195 0001:001766D3  5198 0001:001766D8  5199 0001:001766E1  5200 0001:001766E9
  5201 0001:001766F7  5205 0001:00176705  5206 0001:0017670D  5208 0001:00176719
  5209 0001:00176731  5210 0001:00176739  5212 0001:00176752  5215 0001:00176758
  5216 0001:00176765  5218 0001:00176773  5220 0001:0017677F  5223 0001:001767AF
  5226 0001:001767B4  5227 0001:001767C1  5229 0001:001767CF  5230 0001:001767DB
  5232 0001:0017680B  5235 0001:00176810  5236 0001:0017681D  5238 0001:0017682B
  5239 0001:00176837  5241 0001:00176867  5244 0001:0017686C  5245 0001:00176878
  5246 0001:00176888  5247 0001:00176890  5250 0001:00176894  5251 0001:001768A0
  5252 0001:001768B0  5255 0001:001768B4  5256 0001:001768C0  5257 0001:001768CB
  5258 0001:001768E3  5259 0001:001768EB  5262 0001:001768F0  5263 0001:001768FC
  5264 0001:00176907  5265 0001:0017690F  5269 0001:00176914  5270 0001:00176923
  5272 0001:00176933  5273 0001:00176955  5275 0001:0017697B  5277 0001:00176988
  5278 0001:0017698E  5280 0001:00176996  5284 0001:0017699C  5285 0001:001769AB
  5287 0001:001769BB  5288 0001:001769C8  5289 0001:001769CE  5291 0001:001769D6
  5294 0001:001769DC  5295 0001:001769E8  5296 0001:001769F9  5299 0001:00176A00
  5300 0001:00176A0C  5301 0001:00176A1D  5304 0001:00176A24  5305 0001:00176A30
  5307 0001:00176A3C  5308 0001:00176A46  5309 0001:00176A64  5311 0001:00176A70
  5312 0001:00176A7F  5314 0001:00176A8B  5315 0001:00176A9A  5317 0001:00176AA4
  5318 0001:00176AAC  5319 0001:00176AB4  5323 0001:00176AB8  5324 0001:00176AC4
  5326 0001:00176AD2  5327 0001:00176ADE  5329 0001:00176AEA  5330 0001:00176AF2
  5333 0001:00176AFA  5347 0001:00176B00  5348 0001:00176B22  5350 0001:00176B32
  5351 0001:00176B3D  5352 0001:00176B65  5353 0001:00176B8D  5355 0001:00176B95
  5357 0001:00176BB1  5361 0001:00176BC3  5365 0001:00176BE4  5367 0001:00176C00
  5371 0001:00176C16  5372 0001:00176C32  5373 0001:00176C45  5375 0001:00176C61
  5377 0001:00176C7E  5381 0001:00176C8E  5382 0001:00176CD3  5384 0001:00176CE8
  5385 0001:00176CF9  5386 0001:00176D0A  5387 0001:00176D26  5388 0001:00176D5A
  5389 0001:00176D65  5390 0001:00176D70  5391 0001:00176D82  5392 0001:00176D94
  5394 0001:00176DC9  5397 0001:00176DD0  5398 0001:00176DD7  5400 0001:00176DE3
  5401 0001:00176DF5  5402 0001:00176E07  5403 0001:00176E19  5404 0001:00176E2B
  5405 0001:00176E35  5406 0001:00176E40  5408 0001:00176E51  5411 0001:00176E54
  5414 0001:00176E63  5416 0001:00176E71  5417 0001:00176E7D  5421 0001:00176E91
  5422 0001:00176EA3  5424 0001:00176EAF  5426 0001:00176ED9  5427 0001:00176EE5
  5431 0001:00176EF9  5432 0001:00176F0B  5434 0001:00176F17  5446 0001:00176F21
  5449 0001:00176F28  5450 0001:00176F47  5452 0001:00176F55  5453 0001:00176F61
  5461 0001:00176F6D  5462 0001:00176F79  5464 0001:00176F9C  5468 0001:00176FF2
  5473 0001:00176FF8  5474 0001:00177004  5476 0001:0017701C  5477 0001:0017702C
  5479 0001:00177036  5480 0001:0017703F  5481 0001:0017705F  5483 0001:00177071
  5484 0001:0017708A  5487 0001:0017708C  5488 0001:00177097  5503 0001:0017709C
  5505 0001:001770BF  5506 0001:001770CA  5511 0001:001770D3  5513 0001:001770E5
  5514 0001:001770F0  5517 0001:001770F5  5518 0001:00177106  5520 0001:00177116
  5524 0001:00177129  5525 0001:0017713A  5528 0001:0017714B  5529 0001:00177165
  5530 0001:00177176  5532 0001:0017719B  5533 0001:001771CF  5534 0001:001771D5
  5535 0001:001771F3  5536 0001:001771F9  5537 0001:0017723D  5544 0001:00177244
  5545 0001:0017726C  5547 0001:0017727C  5548 0001:0017728D  5549 0001:00177298
  5550 0001:001772B8  5552 0001:001772C6  5553 0001:001772FC  5554 0001:00177302
  5555 0001:0017731D  5556 0001:00177323  5557 0001:0017733F  5558 0001:00177374
  5563 0001:0017737C  5564 0001:00177383  5565 0001:001773B7  5569 0001:001773BC
  5570 0001:001773C8  5571 0001:001773CF  5572 0001:001773D5  5573 0001:001773DC
  5574 0001:001773E1  5576 0001:001773F4  5578 0001:001773FC  5580 0001:00177404
  5582 0001:0017740C  5584 0001:00177412  5585 0001:0017741D  5588 0001:00177424
  5589 0001:00177430  5590 0001:00177441  5593 0001:00177448  5594 0001:00177451
  5595 0001:00177463  5598 0001:00177468  5599 0001:00177471  5600 0001:00177485
  5603 0001:0017748C  5613 0001:00177493  5614 0001:001774AD  5623 0001:001774B0
  5624 0001:001774CF  5626 0001:001774E0  5630 0001:0017751B  5635 0001:00177520
  5636 0001:00177545  5637 0001:0017754A  5638 0001:00177560  5639 0001:00177586
  5641 0001:001775A0  5642 0001:001775B5  5643 0001:001775C0  5646 0001:001775CF
  5648 0001:001775D8  5649 0001:001775EC  5651 0001:001775F5  5652 0001:001775FD
  5657 0001:00177603  5662 0001:00177622  5663 0001:0017764A  5666 0001:00177650
  5667 0001:0017765C  5668 0001:0017766D  5671 0001:00177674  5672 0001:00177680
  5673 0001:00177691  5674 0001:00177699  5683 0001:001776A0  5684 0001:001776A9
  5686 0001:001776B9  5687 0001:001776C3  5688 0001:001776D0  5689 0001:001776E8
  5690 0001:001776F5  5691 0001:00177702  5693 0001:0017770D  5695 0001:00177719
  5696 0001:00177725  5698 0001:00177734  5701 0001:00177745  5703 0001:0017774A
  5704 0001:00177758  5705 0001:00177764  5707 0001:0017776C  5710 0001:00177770
  5711 0001:0017777C  5713 0001:0017778A  5714 0001:00177796  5715 0001:001777A2
  5717 0001:001777B3  5720 0001:001777B8  5721 0001:001777CC  5723 0001:001777D8
  5724 0001:001777E7  5726 0001:001777F6  5728 0001:00177802  5729 0001:00177811
  5731 0001:00177820  5732 0001:0017782B  5735 0001:00177834  5736 0001:00177843
  5739 0001:00177859  5742 0001:00177860  5743 0001:0017786C  5744 0001:00177877
  5745 0001:00177883  5746 0001:0017789C  5755 0001:001778A0  5756 0001:001778AF
  5757 0001:001778C5  5764 0001:001778CC  5765 0001:001778DB  5766 0001:001778E3
  5767 0001:001778F9  5768 0001:00177901  5771 0001:00177908  5773 0001:00177917
  5776 0001:0017791C  5777 0001:00177928  5778 0001:00177930  5781 0001:00177934
  5782 0001:0017793D  5783 0001:0017794C  5790 0001:00177950  5791 0001:00177979
  5794 0001:0017798C  5799 0001:0017799E  5801 0001:001779B0  5803 0001:001779DC
  5805 0001:001779E2  5806 0001:001779E8  5809 0001:001779F8  5810 0001:00177A01
  5820 0001:00177A0D  5821 0001:00177A2B  5830 0001:00177A51  5835 0001:00177A63
  5837 0001:00177A8B  5838 0001:00177A91  5841 0001:00177AA3  5842 0001:00177AB3
  5845 0001:00177AC7  5848 0001:00177AF0  5849 0001:00177B07  5855 0001:00177B5D
  5860 0001:00177B6C  5861 0001:00177B7C  5862 0001:00177B83  5863 0001:00177B8A
  5864 0001:00177B8F  5865 0001:00177B9C  5867 0001:00177BA8  5868 0001:00177BB3
  5869 0001:00177BDF  5872 0001:00177BE8  5873 0001:00177BEF  5876 0001:00177C31
  5877 0001:00177C39  5878 0001:00177C52  5882 0001:00177C65  5887 0001:00177C6C
  5888 0001:00177C95  5889 0001:00177CA7  5890 0001:00177CAF  5891 0001:00177CC2
  5892 0001:00177CF2  5893 0001:00177D11  5894 0001:00177D2E  5895 0001:00177D36
  5896 0001:00177D5F  5901 0001:00177D68  5902 0001:00177D91  5903 0001:00177DA7
  5904 0001:00177DCA  5907 0001:00177DD3  5908 0001:00177DF7  5910 0001:00177E1A
  5911 0001:00177E23  5912 0001:00177E59  5913 0001:00177E8C  5916 0001:00177E94
  5917 0001:00177E9E  5918 0001:00177EAA  5920 0001:00177EE3  5921 0001:00177EEB
  5926 0001:00177EF0  5927 0001:00177F00  5928 0001:00177F12  5929 0001:00177F1E
  5931 0001:00177F39  5932 0001:00177F41  5937 0001:00177F48  5938 0001:00177F58
  5939 0001:00177F6A  5941 0001:00177F76  5942 0001:00177F7C  5944 0001:00177F9F
  5948 0001:00177FBA  5949 0001:00177FD3  5950 0001:00177FDE  5952 0001:00177FE9
  5957 0001:00178014  5958 0001:00178021  5960 0001:00178039  5961 0001:0017803F
  5963 0001:00178054  5964 0001:0017808D  5965 0001:00178095  5966 0001:001780A0
  5976 0001:001780A8  5978 0001:001780CE  5979 0001:001780DF  5980 0001:001780EA
  5981 0001:001780F2  5982 0001:001780FC  5983 0001:00178107  5984 0001:0017810F
  5986 0001:00178122  5989 0001:0017812C  5990 0001:0017813B  5992 0001:0017814D
  5994 0001:00178152  5996 0001:00178186  5998 0001:001781C5  5999 0001:001781D3
  6000 0001:001781E2  6001 0001:001781F7  6002 0001:00178213  6005 0001:00178220
  6006 0001:00178234  6011 0001:0017824B  6012 0001:00178256  6014 0001:00178261
  6015 0001:0017826A  6016 0001:00178273  6018 0001:00178281  6020 0001:001782B8
  6026 0001:001782C8  6027 0001:001782D1  6028 0001:001782D9  6029 0001:001782E1
  6030 0001:001782EC  6031 0001:00178305  6032 0001:00178318  6033 0001:00178323
  6036 0001:00178328  6037 0001:00178330  6038 0001:00178338  6039 0001:00178342
  6040 0001:0017834E  6041 0001:0017835D  6042 0001:0017837C  6058 0001:00178380
  6059 0001:001783A2  6060 0001:001783AD  6061 0001:001783B2  6062 0001:001783C5
  6063 0001:001783F1  6065 0001:001783FC  6069 0001:00178409  6071 0001:0017841C
  6072 0001:00178432  6073 0001:0017843D  6076 0001:00178443  6080 0001:00178456
  6082 0001:0017845E  6083 0001:00178466  6084 0001:0017846A  6085 0001:00178472
  6086 0001:00178476  6087 0001:001784A3  6101 0001:001784A8  6102 0001:001784CB
  6104 0001:001784E7  6106 0001:001784FA  6107 0001:00178502  6108 0001:00178510
  6109 0001:00178518  6111 0001:00178523  6115 0001:0017852E  6116 0001:00178533
  6119 0001:00178542  6121 0001:0017854A  6123 0001:00178569  6127 0001:0017857C
  6128 0001:00178595  6129 0001:001785AB  6131 0001:001785C0  6132 0001:001785C4
  6133 0001:001785CD  6136 0001:001785EC  6137 0001:001785F9  6140 0001:00178616
  6142 0001:00178626  6143 0001:0017862E  6147 0001:0017863A  6148 0001:00178642
  6149 0001:00178650  6150 0001:00178658  6151 0001:00178663  6153 0001:00178687
  6157 0001:00178697  6159 0001:001786A6  6160 0001:001786B3  6164 0001:001786C2
  6165 0001:001786D0  6167 0001:00178703  6173 0001:00178708  6174 0001:0017872D
  6176 0001:0017873E  6177 0001:00178757  6178 0001:0017877A  6179 0001:00178787
  6180 0001:00178790  6181 0001:001787C5  6184 0001:001787D4  6185 0001:001787EC
  6187 0001:001787F6  6188 0001:00178808  6189 0001:00178835  6192 0001:0017883C
  6193 0001:0017884D  6194 0001:00178858  6195 0001:00178863  6196 0001:0017887F
  6199 0001:00178884  6200 0001:00178890  6201 0001:00178898  6202 0001:001788A6
  6203 0001:001788AE  6206 0001:001788B4  6207 0001:001788C3  6208 0001:001788CB
  6209 0001:001788DC  6210 0001:001788E4  6213 0001:001788E8  6214 0001:001788EF
  6215 0001:001788F7  6216 0001:001788FF  6217 0001:0017890A  6218 0001:00178912
  6227 0001:00178918  6228 0001:00178938  6229 0001:00178940  6230 0001:0017894E
  6231 0001:00178966  6233 0001:00178994  6235 0001:001789C1  6242 0001:001789C8
  6243 0001:001789D5  6244 0001:001789E1  6246 0001:001789EF  6247 0001:001789F4
  6248 0001:00178A05  6257 0001:00178A0C  6258 0001:00178A2F  6259 0001:00178A33
  6260 0001:00178A38  6261 0001:00178A44  6263 0001:00178A4C  6265 0001:00178A57
  6269 0001:00178A73  6271 0001:00178A82  6272 0001:00178A89  6274 0001:00178A8F
  6275 0001:00178A93  6279 0001:00178AAA  6280 0001:00178AD2  6296 0001:00178AD8
  6297 0001:00178AFB  6298 0001:00178B03  6301 0001:00178B16  6305 0001:00178B21
  6308 0001:00178B2C  6310 0001:00178B34  6312 0001:00178B53  6316 0001:00178B66
  6317 0001:00178B82  6318 0001:00178B98  6319 0001:00178BA3  6321 0001:00178BB8
  6322 0001:00178BBC  6323 0001:00178BC5  6326 0001:00178BE4  6327 0001:00178BF1
  6329 0001:00178C01  6331 0001:00178C0C  6332 0001:00178C31  6351 0001:00178C38
  6352 0001:00178C67  6353 0001:00178C6F  6354 0001:00178C76  6355 0001:00178C7A
  6356 0001:00178C85  6357 0001:00178C9F  6359 0001:00178CAD  6363 0001:00178CB8
  6365 0001:00178CC0  6367 0001:00178CDF  6371 0001:00178CF2  6373 0001:00178D07
  6374 0001:00178D13  6376 0001:00178D19  6379 0001:00178D1F  6380 0001:00178D2C
  6383 0001:00178D44  6384 0001:00178D5E  6389 0001:00178D74  6390 0001:00178D7F
  6391 0001:00178D85  6392 0001:00178D9E  6395 0001:00178DAD  6399 0001:00178DBC
  6400 0001:00178DD2  6401 0001:00178DDD  6402 0001:00178DE8  6404 0001:00178DEE
  6405 0001:00178DFC  6406 0001:00178E02  6407 0001:00178E05  6410 0001:00178E23
  6411 0001:00178E2E  6412 0001:00178E44  6413 0001:00178E7B  6423 0001:00178E90
  6424 0001:00178E9C  6425 0001:00178EA7  6432 0001:00178EAC  6433 0001:00178EBB
  6434 0001:00178ECD  6435 0001:00178ED7  6436 0001:00178EE5  6444 0001:00178EEC
  6445 0001:00178EFB  6446 0001:00178F0D  6447 0001:00178F17  6448 0001:00178F25
  6457 0001:00178F2C  6459 0001:00178F4C  6460 0001:00178F54  6461 0001:00178F6C
  6462 0001:00178FAD  6467 0001:00178FB4  6468 0001:00178FC0  6469 0001:00178FCF
  6470 0001:00178FE5  6471 0001:00178FF6  6474 0001:00178FFC  6475 0001:0017900B
  6476 0001:00179019  6479 0001:00179020  6480 0001:0017902C  6481 0001:0017903C
  6482 0001:00179051  6487 0001:00179058  6488 0001:00179061  6489 0001:00179077
  6490 0001:0017908F  6491 0001:00179097  6496 0001:0017909C  6497 0001:001790A8
  6499 0001:001790BA  6500 0001:001790C6  6501 0001:001790D8  6502 0001:001790EA
  6505 0001:001790FD  6506 0001:00179108  6511 0001:0017910C  6512 0001:00179124
  6513 0001:00179136  6514 0001:00179159  6517 0001:00179160  6519 0001:00179173
  6520 0001:00179192  6521 0001:001791AB  6527 0001:001791B0  6528 0001:001791E4
  6530 0001:001791ED  6531 0001:001791FC  6534 0001:0017920A  6535 0001:00179213
  6536 0001:00179222  6537 0001:00179231  6539 0001:0017923F  6541 0001:00179259
  6544 0001:00179283  6547 0001:0017928C  6548 0001:00179295  6549 0001:001792A8
  6552 0001:001792AC  6553 0001:001792B5  6554 0001:001792C6  6557 0001:001792CC
  6558 0001:001792D5  6559 0001:001792E6  6562 0001:001792EC  6563 0001:001792F8
  6565 0001:00179312  6566 0001:00179324  6568 0001:00179334  6569 0001:00179342
  6572 0001:00179348  6573 0001:00179354  6575 0001:0017935F  6576 0001:0017936D
  6577 0001:00179388  6579 0001:00179391  6582 0001:00179398  6583 0001:0017939F
  6584 0001:001793A5  6587 0001:001793A8  6588 0001:001793AF  6589 0001:001793B8
  6590 0001:001793BE  6593 0001:001793C4  6594 0001:001793C8  6595 0001:001793DF
  6597 0001:00179428

Line numbers for ElHotKey(ElHotKey.pas) segment .text

   170 0001:00179F30   171 0001:00179F42   172 0001:00179F4B   173 0001:00179F5B
   174 0001:00179F67   175 0001:00179F72   176 0001:00179F94   181 0001:00179FAC
   182 0001:00179FD0   183 0001:00179FDC   184 0001:00179FE9   185 0001:00179FF1
   186 0001:00179FF8   187 0001:0017A008   188 0001:0017A018   190 0001:0017A024
   193 0001:0017A02D   195 0001:0017A037   197 0001:0017A063   199 0001:0017A06A
   201 0001:0017A076   202 0001:0017A082   205 0001:0017A091   206 0001:0017A0A8
   207 0001:0017A0E7   210 0001:0017A104   211 0001:0017A123   212 0001:0017A12D
   213 0001:0017A136   214 0001:0017A13F   216 0001:0017A174   219 0001:0017A17C
   220 0001:0017A195   222 0001:0017A19E   223 0001:0017A1B6   225 0001:0017A1E0
   228 0001:0017A1E8   229 0001:0017A1FE   230 0001:0017A235   234 0001:0017A23C
   239 0001:0017A240   242 0001:0017A247   243 0001:0017A251   245 0001:0017A261
   250 0001:0017A268   253 0001:0017A26F   254 0001:0017A279   256 0001:0017A289
   260 0001:0017A290   261 0001:0017A295   266 0001:0017A298   267 0001:0017A2A0
   268 0001:0017A2AD   269 0001:0017A2B6   270 0001:0017A2C8   271 0001:0017A2CF
   272 0001:0017A2E1   273 0001:0017A2E8   274 0001:0017A2FA   275 0001:0017A301
   276 0001:0017A31C   277 0001:0017A32F   278 0001:0017A34A   279 0001:0017A35D
   280 0001:0017A378   281 0001:0017A38B   282 0001:0017A3A1   283 0001:0017A3AC
   284 0001:0017A3B3   285 0001:0017A3C8   290 0001:0017A3E0   291 0001:0017A401
   292 0001:0017A408   293 0001:0017A40F   294 0001:0017A421   304 0001:0017A45B
   309 0001:0017A464   310 0001:0017A46C   311 0001:0017A479   312 0001:0017A482
   313 0001:0017A494   314 0001:0017A49B   315 0001:0017A4AD   316 0001:0017A4B4
   317 0001:0017A4C6   318 0001:0017A4CD   319 0001:0017A4E8   320 0001:0017A4EF
   321 0001:0017A50A   322 0001:0017A511   323 0001:0017A52C   324 0001:0017A533
   325 0001:0017A540   326 0001:0017A547   327 0001:0017A54E   328 0001:0017A563
   333 0001:0017A570   334 0001:0017A578   335 0001:0017A57B   336 0001:0017A581
   337 0001:0017A583   339 0001:0017A599   342 0001:0017A5B1   343 0001:0017A5C3
   345 0001:0017A5C8   346 0001:0017A5DA   348 0001:0017A5DF   349 0001:0017A5F1
   351 0001:0017A5F4   353 0001:0017A607   354 0001:0017A610   356 0001:0017A615
   358 0001:0017A618   360 0001:0017A62B   361 0001:0017A634   363 0001:0017A639
   365 0001:0017A63C   367 0001:0017A64F   368 0001:0017A658   370 0001:0017A65D
   372 0001:0017A660   373 0001:0017A66C   374 0001:0017A678   376 0001:0017A686
   378 0001:0017A718

