
 Start Length Name Class
 0001:00000000 00000000CH _TEXT                  CODE


Detailed map of segments
 0001:00000B2C 0000000C C=CODE    S=_TEXT    G=(none)   M=elpkdbB6.cpp ACBP=A9
 0001:00010880 00001EF4 C=CODE    S=_TEXT    G=(none)   M=ElDBLookupCtrls.pas ACBP=A9

  Address         Publics by Value

 0001:0000067A       Sysinit._GetTls
 0001:000006D0       Windows.Finalization
 0001:00000700       Windows.initialization
 0001:00000708       Messages.Finalization
 0001:00000738       Messages.initialization
 0001:00000740       Commctrl.Finalization
 0001:00000770       Commctrl.initialization
 0001:00000778       Shellapi.Finalization
 0001:000007A8       Shellapi.initialization
 0001:000007B0       Regstr.Finalization
 0001:000007E0       Regstr.initialization
 0001:000007E8       Wininet.Finalization
 0001:00000818       Wininet.initialization
 0001:00000820       Urlmon.Finalization
 0001:00000850       Urlmon.initialization
 0001:00000858       Shlobj.Finalization
 0001:00000888       Shlobj.initialization
 0001:00000890       Commdlg.Finalization
 0001:000008C0       Commdlg.initialization
 0001:000008C8       Dlgs.Finalization
 0001:000008F8       Dlgs.initialization
 0001:00000900       Imm.Finalization
 0001:00000930       Imm.initialization
 0001:00000938       Mmsystem.Finalization
 0001:00000968       Mmsystem.initialization
 0001:00000970       Richedit.Finalization
 0001:000009A0       Richedit.initialization
 0001:000009A8       Winspool.Finalization
 0001:000009D8       Winspool.initialization
 0001:000009E0       SysInit._16395
 0001:000009EC       SysInit._16396
 0001:00000A10       Sysinit.VclInit
 0001:00000AAC       Sysinit.VclExit
 0001:00000ADC       Sysinit._PackageLoad
 0001:00000AE8       Sysinit._PackageUnload
 0001:00000AF4       Sysinit.Finalization
 0001:00000B24       Sysinit.initialization
 0001:00000B2C       DllEntryPoint
 0001:00000B58       Eldbboxes.TElDBListBox
 0001:00000DC4       Eldbboxes.TElDBComboBox
 0001:0000104C       Eldbboxes.TElDBListBox.GetDataField
 0001:00001070       Eldbboxes.TElDBListBox.GetDataSource
 0001:00001090       Eldbboxes.TElDBListBox.GetField
 0001:000010B0       Eldbboxes.TElDBListBox.SetDataField
 0001:000010D4       Eldbboxes.TElDBListBox.SetDataSource
 0001:0000112C       Eldbboxes.TElDBListBox.CMExit
 0001:00001190       Eldbboxes.TElDBListBox
 0001:00001228       Eldbboxes.TElDBListBox
 0001:00001274       Eldbboxes.TElDBListBox.Click
 0001:000012A8       Eldbboxes.TElDBListBox.DataChange
 0001:0000133C       Eldbboxes.TElDBListBox.ExecuteAction
 0001:00001390       Eldbboxes.TElDBListBox.GetReadOnly
 0001:000013B0       Eldbboxes.TElDBListBox.KeyDown
 0001:000013FC       Eldbboxes.TElDBListBox.KeyPress
 0001:00001450       Eldbboxes.TElDBListBox.Notification
 0001:0000149C       Eldbboxes.TElDBListBox.SetItems
 0001:000014C8       Eldbboxes.TElDBListBox.SetReadOnly
 0001:000014EC       Eldbboxes.TElDBListBox.UpdateAction
 0001:00001540       Eldbboxes.TElDBListBox.UpdateData
 0001:000015D8       Eldbboxes.TElDBListBox.UseRightToLeftAlignment
 0001:00001600       Eldbboxes.TElDBListBox.WMLButtonDown
 0001:00001668       Eldbboxes.TElDBComboBox
 0001:00001718       Eldbboxes.TElDBComboBox
 0001:00001764       Eldbboxes.TElDBComboBox.Click
 0001:00001798       Eldbboxes.TElDBComboBox.CMExit
 0001:00001804       Eldbboxes.TElDBComboBox.DataChange
 0001:000018FC       Eldbboxes.TElDBComboBox.ExecuteAction
 0001:00001950       Eldbboxes.TElDBComboBox.GetDataField
 0001:00001974       Eldbboxes.TElDBComboBox.GetDataSource
 0001:00001994       Eldbboxes.TElDBComboBox.GetField
 0001:000019B4       Eldbboxes.TElDBComboBox.GetReadOnly
 0001:000019D4       Eldbboxes.TElDBComboBox.KeyDown
 0001:00001A20       Eldbboxes.TElDBComboBox.KeyPress
 0001:00001A74       Eldbboxes.TElDBComboBox.Notification
 0001:00001AC0       Eldbboxes.TElDBComboBox.SetDataField
 0001:00001AE4       Eldbboxes.TElDBComboBox.SetDataSource
 0001:00001B3C       Eldbboxes.TElDBComboBox.SetItems
 0001:00001B68       Eldbboxes.TElDBComboBox.SetReadOnly
 0001:00001B8C       Eldbboxes.TElDBComboBox.UpdateAction
 0001:00001BE0       Eldbboxes.TElDBComboBox.UpdateData
 0001:00001CC0       Eldbboxes.TElDBComboBox.UseRightToLeftAlignment
 0001:00001CE8       Eldbboxes.TElDBComboBox.WMLButtonDown
 0001:00001D50       Eldbboxes.TElDBComboBox.CMGetDataLink
 0001:00001D70       Eldbboxes.TElDBComboBox.EditingChange
 0001:00001D88       Eldbboxes.TElDBComboBox.SetEditReadOnly
 0001:00001DD4       Eldbboxes.TElDBComboBox.CreateWnd
 0001:00001E34       Eldbboxes.TElDBComboBox.WndProc
 0001:00001E98       Eldbboxes.TElDBComboBox.Change
 0001:00001ECC       Eldbboxes.Finalization
 0001:00001EFC       Eldbboxes.initialization
 0001:00001F04       Eldbbtnedit.TElDBButtonEdit
 0001:000031FC       Eldbbtnedit.TElDBButtonEdit
 0001:000032CC       Eldbbtnedit.TElDBButtonEdit
 0001:00003318       Eldbbtnedit.TElDBButtonEdit.ActiveChange
 0001:00003330       Eldbbtnedit.TElDBButtonEdit.Change
 0001:00003350       Eldbbtnedit.TElDBButtonEdit.DataChange
 0001:0000350C       Eldbbtnedit.TElDBButtonEdit.EditingChange
 0001:00003534       Eldbbtnedit.TElDBButtonEdit.ExecuteAction
 0001:00003588       Eldbbtnedit.TElDBButtonEdit.GetDataField
 0001:000035AC       Eldbbtnedit.TElDBButtonEdit.GetDataSource
 0001:000035CC       Eldbbtnedit.TElDBButtonEdit.GetField
 0001:000035EC       Eldbbtnedit.TElDBButtonEdit.KeyDown
 0001:0000363C       Eldbbtnedit.TElDBButtonEdit.KeyPress
 0001:000036F0       Eldbbtnedit.TElDBButtonEdit.Loaded
 0001:00003720       Eldbbtnedit.TElDBButtonEdit.Notification
 0001:0000376C       Eldbbtnedit.TElDBButtonEdit.ResetMaxLength
 0001:0000382C       Eldbbtnedit.TElDBButtonEdit.SetDataField
 0001:00003860       Eldbbtnedit.TElDBButtonEdit.SetDataSource
 0001:000038D0       Eldbbtnedit.TElDBButtonEdit.UpdateAction
 0001:00003924       Eldbbtnedit.TElDBButtonEdit.UpdateData
 0001:00003A04       Eldbbtnedit.TElDBButtonEdit.UseRightToLeftAlignment
 0001:00003A2C       Eldbbtnedit.TElDBButtonEdit.CMExit
 0001:00003A90       Eldbbtnedit.TElDBButtonEdit.CMGetDataLink
 0001:00003AB0       Eldbbtnedit.Finalization
 0001:00003AE0       Eldbbtnedit.initialization
 0001:00003AE8       Eldbctrls.TElDBEdit
 0001:0000461C       Eldbctrls.TElDBMemo
 0001:00004874       Eldbctrls.TElDBCheckBox
 0001:00004B04       Eldbctrls.TElDBRadioGroup
 0001:00005704       Eldbctrls.TElDBNavButton
 0001:000060D4       Eldbctrls.TElDBNavigator
 0001:00006414       Eldbctrls.TElNavDataLink
 0001:000064F0       Eldbctrls.TElWideDBEdit
 0001:000072C4       Eldbctrls.TElWideDBMemo
 0001:000080C8       Eldbctrls.TElDBEdit.GetDataField
 0001:000080EC       Eldbctrls.TElDBEdit.GetDataSource
 0001:0000810C       Eldbctrls.TElDBEdit.GetField
 0001:0000812C       Eldbctrls.TElDBEdit.SetDataField
 0001:00008160       Eldbctrls.TElDBEdit.SetDataSource
 0001:000081D0       Eldbctrls.TElDBEdit.ExecuteAction
 0001:00008224       Eldbctrls.TElDBEdit.UpdateAction
 0001:00008278       Eldbctrls.TElDBEdit.UseRightToLeftAlignment
 0001:000082A0       Eldbctrls.TElDBEdit.Change
 0001:000082C0       Eldbctrls.TElDBEdit.EditCanModify
 0001:000082E4       Eldbctrls.TElDBEdit.KeyDown
 0001:0000832C       Eldbctrls.TElDBEdit.KeyPress
 0001:000083E0       Eldbctrls.TElDBEdit.Loaded
 0001:00008410       Eldbctrls.TElDBEdit.Notification
 0001:0000845C       Eldbctrls.TElDBEdit.ResetMaxLength
 0001:0000851C       Eldbctrls.TElDBEdit.DataChange
 0001:000086CC       Eldbctrls.TElDBEdit.Reset
 0001:000086EC       Eldbctrls.TElDBEdit
 0001:000087D4       Eldbctrls.TElDBEdit
 0001:00008820       Eldbctrls.TElDBEdit.ActiveChange
 0001:00008838       Eldbctrls.TElDBEdit.EditingChange
 0001:00008860       Eldbctrls.TElDBEdit.UpdateData
 0001:000088CC       Eldbctrls.TElDBEdit.CMEnter
 0001:000088F4       Eldbctrls.TElDBEdit.CMExit
 0001:00008970       Eldbctrls.TElDBEdit.CMGetDataLink
 0001:00008990       Eldbctrls.TElDBEdit.SetFocused
 0001:000089E8       Eldbctrls.TElDBEdit.GetReadOnly
 0001:00008A08       Eldbctrls.TElDBEdit.SetReadOnly
 0001:00008A2C       Eldbctrls.TElDBEdit.WMCut
 0001:00008A58       Eldbctrls.TElDBEdit.WMPaste
 0001:00008A84       Eldbctrls.TElDBEdit.WMUndo
 0001:00008AB0       Eldbctrls.TElDBMemo.GetDataField
 0001:00008AD4       Eldbctrls.TElDBMemo.GetDataSource
 0001:00008AF4       Eldbctrls.TElDBMemo.GetField
 0001:00008B14       Eldbctrls.TElDBMemo.SetDataField
 0001:00008B38       Eldbctrls.TElDBMemo.SetDataSource
 0001:00008BA8       Eldbctrls.TElDBMemo.SetAutoDisplay
 0001:00008BE4       Eldbctrls.TElDBMemo.LoadMemo
 0001:00008D1C       Eldbctrls.TElDBMemo
 0001:00008DE0       Eldbctrls.TElDBMemo
 0001:00008E2C       Eldbctrls.TElDBMemo.Change
 0001:00008E64       Eldbctrls.TElDBMemo.CMEnter
 0001:00008EB0       Eldbctrls.TElDBMemo.CMExit
 0001:00008F1C       Eldbctrls.TElDBMemo.CMGetDataLink
 0001:00008F3C       Eldbctrls.TElDBMemo.DataChange
 0001:00009118       Eldbctrls.TElDBMemo.EditingChange
 0001:00009154       Eldbctrls.TElDBMemo.ExecuteAction
 0001:000091A8       Eldbctrls.TElDBMemo.GetReadOnly
 0001:000091C8       Eldbctrls.TElDBMemo.KeyDown
 0001:0000921C       Eldbctrls.TElDBMemo.KeyPress
 0001:000092F4       Eldbctrls.TElDBMemo.Loaded
 0001:0000931C       Eldbctrls.TElDBMemo.Notification
 0001:00009368       Eldbctrls.TElDBMemo.SetFocused
 0001:000093C8       Eldbctrls.TElDBMemo.SetReadOnly
 0001:000093EC       Eldbctrls.TElDBMemo.UpdateAction
 0001:00009440       Eldbctrls.TElDBMemo.UpdateData
 0001:000094A4       Eldbctrls.TElDBMemo.UseRightToLeftAlignment
 0001:000094CC       Eldbctrls.TElDBMemo.WMCut
 0001:000094F8       Eldbctrls.TElDBMemo.WMLButtonDblClk
 0001:0000952C       Eldbctrls.TElDBMemo.WMPaste
 0001:00009558       Eldbctrls.TElDBMemo.WMUndo
 0001:00009584       Eldbctrls.TElDBCheckBox.GetDataField
 0001:000095A8       Eldbctrls.TElDBCheckBox.GetDataSource
 0001:000095C8       Eldbctrls.TElDBCheckBox.GetField
 0001:000095E8       Eldbctrls.TElDBCheckBox.GetReadOnly
 0001:00009608       Eldbctrls.TElDBCheckBox.SetDataField
 0001:0000962C       Eldbctrls.TElDBCheckBox.SetDataSource
 0001:0000969C       Eldbctrls.TElDBCheckBox.SetReadOnly
 0001:000096C0       Eldbctrls.TElDBCheckBox
 0001:000097BC       Eldbctrls.TElDBCheckBox
 0001:00009808       Eldbctrls.TElDBCheckBox.CMExit
 0001:0000986C       Eldbctrls.TElDBCheckBox.CMGetDataLink
 0001:0000988C       Eldbctrls.TElDBCheckBox.DataChange
 0001:000098B0       Eldbctrls.TElDBCheckBox.ExecuteAction
 0001:00009904       Eldbctrls.TElDBCheckBox.GetFieldState
 0001:00009A54       Eldbctrls.TElDBCheckBox.KeyPress
 0001:00009AA0       Eldbctrls.TElDBCheckBox.Notification
 0001:00009AEC       Eldbctrls.TElDBCheckBox.SetValueCheck
 0001:00009B18       Eldbctrls.TElDBCheckBox.SetValueUncheck
 0001:00009B44       Eldbctrls.TElDBCheckBox.Toggle
 0001:00009B78       Eldbctrls.TElDBCheckBox.UpdateAction
 0001:00009BCC       Eldbctrls.TElDBCheckBox.UpdateData
 0001:00009D1C       Eldbctrls.TElDBCheckBox.UseRightToLeftAlignment
 0001:00009D44       Eldbctrls.TElDBCheckBox.ValueMatch
 0001:00009DCC       Eldbctrls.TElDBCheckBox.Click
 0001:00009E0C       Eldbctrls.TElDBRadioGroup
 0001:00009EB8       Eldbctrls.TElDBRadioGroup
 0001:00009F10       Eldbctrls.TElDBRadioGroup.CanModify
 0001:00009F34       Eldbctrls.TElDBRadioGroup.Change
 0001:00009F60       Eldbctrls.TElDBRadioGroup.Click
 0001:00009FFC       Eldbctrls.TElDBRadioGroup.CMExit
 0001:0000A08C       Eldbctrls.TElDBRadioGroup.DataChange
 0001:0000A188       Eldbctrls.TElDBRadioGroup.ExecuteAction
 0001:0000A1DC       Eldbctrls.TElDBRadioGroup.GetButtonValue
 0001:0000A29C       Eldbctrls.TElDBRadioGroup.GetDataField
 0001:0000A2C0       Eldbctrls.TElDBRadioGroup.GetDataSource
 0001:0000A2E0       Eldbctrls.TElDBRadioGroup.GetField
 0001:0000A300       Eldbctrls.TElDBRadioGroup.GetReadOnly
 0001:0000A320       Eldbctrls.TElDBRadioGroup.KeyPress
 0001:0000A36C       Eldbctrls.TElDBRadioGroup.Notification
 0001:0000A3B8       Eldbctrls.TElDBRadioGroup.SetDataField
 0001:0000A3DC       Eldbctrls.TElDBRadioGroup.SetDataSource
 0001:0000A434       Eldbctrls.TElDBRadioGroup.SetItems
 0001:0000A460       Eldbctrls.TElDBRadioGroup.SetReadOnly
 0001:0000A484       Eldbctrls.TElDBRadioGroup.SetValue
 0001:0000A59C       Eldbctrls.TElDBRadioGroup.SetValues
 0001:0000A5C8       Eldbctrls.TElDBRadioGroup.UpdateAction
 0001:0000A61C       Eldbctrls.TElDBRadioGroup.UpdateData
 0001:0000A6F0       Eldbctrls.TElDBRadioGroup.UseRightToLeftAlignment
 0001:0000A70C       Eldbctrls.TElDBNavButton.SetRole
 0001:0000A780       Eldbctrls.TElDBNavButton.AClick
 0001:0000A9BC       Eldbctrls.TElDBNavButton.GetArrowThemedClassName
 0001:0000AA20       Eldbctrls.TElDBNavButton.GetArrowThemePartID
 0001:0000AA50       Eldbctrls.TElDBNavButton.GetArrowThemeStateID
 0001:0000AB20       Eldbctrls.TElDBNavButton.GetThemedClassName
 0001:0000AB84       Eldbctrls.TElDBNavButton.GetThemePartID
 0001:0000AC38       Eldbctrls.TElDBNavButton.GetThemeStateID
 0001:0000AD70       Eldbctrls.TElDBNavButton.SetUseImageList
 0001:0000ADC8       Eldbctrls.TElDBNavButton.Loaded
 0001:0000AE18       Eldbctrls.TElDBNavButton.SetImageList
 0001:0000AE60       Eldbctrls.TElDBNavButton
 0001:0000AEB4       Eldbctrls.TElDBNavButton.SetImageIndex
 0001:0000AEFC       Eldbctrls.TElDBNavigator.GetDataSource
 0001:0000AF1C       Eldbctrls.TElDBNavigator.SetDataSource
 0001:0000AF60       Eldbctrls.TElDBNavigator
 0001:0000B080       Eldbctrls.TElDBNavigator.ActiveChanged
 0001:0000B108       Eldbctrls.TElDBNavigator.DataChanged
 0001:0000B2B8       Eldbctrls.TElDBNavigator.EditingChanged
 0001:0000B42C       Eldbctrls.TElDBNavigator.FindButtonByRole
 0001:0000B49C       Eldbctrls.TElDBNavigator.AddButton
 0001:0000B4F0       Eldbctrls.TElDBNavigator.DoSearch
 0001:0000B51C       Eldbctrls.TElDBNavigator.GetButtonClass
 0001:0000B534       Eldbctrls.TElDBNavigator.SetIsToolbar
 0001:0000B5BC       Eldbctrls.TElDBNavigator
 0001:0000B620       Eldbctrls.TElDBNavigator.Notification
 0001:0000B66C       Eldbctrls.TElDBNavigator.Loaded
 0001:0000B688       Eldbctrls.TElDBNavigator.CMControlChange
 0001:0000B6AC       Eldbctrls.TElDBNavigator.CMEnabledChanged
 0001:0000B6D8       Eldbctrls.TElNavDataLink
 0001:0000B72C       Eldbctrls.TElNavDataLink
 0001:0000B768       Eldbctrls.TElNavDataLink.ActiveChanged
 0001:0000B788       Eldbctrls.TElNavDataLink.DataSetChanged
 0001:0000B7A8       Eldbctrls.TElNavDataLink.EditingChanged
 0001:0000B7C8       Eldbctrls.TElWideDBEdit
 0001:0000B8B0       Eldbctrls.TElWideDBEdit
 0001:0000B8FC       Eldbctrls.TElWideDBEdit.ActiveChange
 0001:0000B914       Eldbctrls.TElWideDBEdit.Change
 0001:0000B934       Eldbctrls.TElWideDBEdit.CMEnter
 0001:0000B95C       Eldbctrls.TElWideDBEdit.CMExit
 0001:0000B9D0       Eldbctrls.TElWideDBEdit.CMGetDataLink
 0001:0000B9F0       Eldbctrls.TElWideDBEdit.DataChange
 0001:0000BBAC       Eldbctrls.TElWideDBEdit.EditCanModify
 0001:0000BBD0       Eldbctrls.TElWideDBEdit.EditingChange
 0001:0000BBF8       Eldbctrls.TElWideDBEdit.ExecuteAction
 0001:0000BC4C       Eldbctrls.TElWideDBEdit.GetDataField
 0001:0000BC70       Eldbctrls.TElWideDBEdit.GetDataSource
 0001:0000BC90       Eldbctrls.TElWideDBEdit.GetField
 0001:0000BCB0       Eldbctrls.TElWideDBEdit.GetReadOnly
 0001:0000BCD0       Eldbctrls.TElWideDBEdit.KeyDown
 0001:0000BD18       Eldbctrls.TElWideDBEdit.KeyPress
 0001:0000BDCC       Eldbctrls.TElWideDBEdit.Loaded
 0001:0000BDFC       Eldbctrls.TElWideDBEdit.Notification
 0001:0000BE48       Eldbctrls.TElWideDBEdit.Reset
 0001:0000BE68       Eldbctrls.TElWideDBEdit.ResetMaxLength
 0001:0000BF28       Eldbctrls.TElWideDBEdit.SetDataField
 0001:0000BF5C       Eldbctrls.TElWideDBEdit.SetDataSource
 0001:0000BFCC       Eldbctrls.TElWideDBEdit.SetFocused
 0001:0000C018       Eldbctrls.TElWideDBEdit.SetReadOnly
 0001:0000C03C       Eldbctrls.TElWideDBEdit.UpdateAction
 0001:0000C090       Eldbctrls.TElWideDBEdit.UpdateData
 0001:0000C170       Eldbctrls.TElWideDBEdit.UseRightToLeftAlignment
 0001:0000C198       Eldbctrls.TElWideDBEdit.WMCut
 0001:0000C1C4       Eldbctrls.TElWideDBEdit.WMPaste
 0001:0000C1F0       Eldbctrls.TElWideDBEdit.WMUndo
 0001:0000C21C       Eldbctrls.TElWideDBMemo
 0001:0000C2E8       Eldbctrls.TElWideDBMemo
 0001:0000C334       Eldbctrls.TElWideDBMemo.Change
 0001:0000C36C       Eldbctrls.TElWideDBMemo.CMEnter
 0001:0000C3B8       Eldbctrls.TElWideDBMemo.CMExit
 0001:0000C424       Eldbctrls.TElWideDBMemo.CMGetDataLink
 0001:0000C444       Eldbctrls.TElWideDBMemo.DataChange
 0001:0000C674       Eldbctrls.TElWideDBMemo.EditingChange
 0001:0000C6B0       Eldbctrls.TElWideDBMemo.ExecuteAction
 0001:0000C704       Eldbctrls.TElWideDBMemo.GetDataField
 0001:0000C728       Eldbctrls.TElWideDBMemo.GetDataSource
 0001:0000C748       Eldbctrls.TElWideDBMemo.GetField
 0001:0000C768       Eldbctrls.TElWideDBMemo.GetReadOnly
 0001:0000C788       Eldbctrls.TElWideDBMemo.KeyDown
 0001:0000C7DC       Eldbctrls.TElWideDBMemo.KeyPress
 0001:0000C8B4       Eldbctrls.TElWideDBMemo.Loaded
 0001:0000C8DC       Eldbctrls.TElWideDBMemo.LoadMemo
 0001:0000CA98       Eldbctrls.TElWideDBMemo.Notification
 0001:0000CAE4       Eldbctrls.TElWideDBMemo.SetAutoDisplay
 0001:0000CB20       Eldbctrls.TElWideDBMemo.SetDataField
 0001:0000CB44       Eldbctrls.TElWideDBMemo.SetDataSource
 0001:0000CBB4       Eldbctrls.TElWideDBMemo.SetFocused
 0001:0000CC14       Eldbctrls.TElWideDBMemo.SetReadOnly
 0001:0000CC38       Eldbctrls.TElWideDBMemo.UpdateAction
 0001:0000CC8C       Eldbctrls.TElWideDBMemo.UpdateData
 0001:0000CD70       Eldbctrls.TElWideDBMemo.UseRightToLeftAlignment
 0001:0000CD98       Eldbctrls.TElWideDBMemo.WMCut
 0001:0000CDC4       Eldbctrls.TElWideDBMemo.WMLButtonDblClk
 0001:0000CDF8       Eldbctrls.TElWideDBMemo.WMPaste
 0001:0000CE24       Eldbctrls.TElWideDBMemo.WMUndo
 0001:0000CE50       Eldbctrls.Finalization
 0001:0000CE8C       Eldbctrls.initialization
 0001:0000CED4       Eldbcurredit.TElDBCurrencyEdit
 0001:0000D0D0       Eldbcurredit.TElDBCurrencyEdit
 0001:0000D188       Eldbcurredit.TElDBCurrencyEdit
 0001:0000D1D4       Eldbcurredit.TElDBCurrencyEdit.CMExit
 0001:0000D250       Eldbcurredit.TElDBCurrencyEdit.CMGetDataLink
 0001:0000D270       Eldbcurredit.TElDBCurrencyEdit.DataChange
 0001:0000D2B0       Eldbcurredit.TElDBCurrencyEdit.ExecuteAction
 0001:0000D304       Eldbcurredit.TElDBCurrencyEdit.GetDataField
 0001:0000D328       Eldbcurredit.TElDBCurrencyEdit.GetDataSource
 0001:0000D348       Eldbcurredit.TElDBCurrencyEdit.GetField
 0001:0000D368       Eldbcurredit.TElDBCurrencyEdit.GetReadOnly
 0001:0000D388       Eldbcurredit.TElDBCurrencyEdit.KeyPress
 0001:0000D434       Eldbcurredit.TElDBCurrencyEdit.Notification
 0001:0000D480       Eldbcurredit.TElDBCurrencyEdit.SetDataField
 0001:0000D4A4       Eldbcurredit.TElDBCurrencyEdit.SetDataSource
 0001:0000D514       Eldbcurredit.TElDBCurrencyEdit.SetReadOnly
 0001:0000D538       Eldbcurredit.TElDBCurrencyEdit.UpdateAction
 0001:0000D58C       Eldbcurredit.TElDBCurrencyEdit.UpdateData
 0001:0000D5C0       Eldbcurredit.TElDBCurrencyEdit.UseRightToLeftAlignment
 0001:0000D5E8       Eldbcurredit.TElDBCurrencyEdit.EditingChange
 0001:0000D610       Eldbcurredit.Finalization
 0001:0000D640       Eldbcurredit.initialization
 0001:0000D648       Eldbdtpick.TElDBDateTimePicker
 0001:0000D8C0       Eldbdtpick.TElDBDateTimePicker
 0001:0000D964       Eldbdtpick.TElDBDateTimePicker
 0001:0000D9B0       Eldbdtpick.TElDBDateTimePicker.CMExit
 0001:0000DA14       Eldbdtpick.TElDBDateTimePicker.CMGetDataLink
 0001:0000DA34       Eldbdtpick.TElDBDateTimePicker.DataChange
 0001:0000DB08       Eldbdtpick.TElDBDateTimePicker.ExecuteAction
 0001:0000DB5C       Eldbdtpick.TElDBDateTimePicker.GetDataField
 0001:0000DB80       Eldbdtpick.TElDBDateTimePicker.GetDataSource
 0001:0000DBA0       Eldbdtpick.TElDBDateTimePicker.GetField
 0001:0000DBC0       Eldbdtpick.TElDBDateTimePicker.GetReadOnly
 0001:0000DC2C       Eldbdtpick.TElDBDateTimePicker.KeyPress
 0001:0000DC88       Eldbdtpick.TElDBDateTimePicker.Notification
 0001:0000DCD4       Eldbdtpick.TElDBDateTimePicker.SetDataField
 0001:0000DCF8       Eldbdtpick.TElDBDateTimePicker.SetDataSource
 0001:0000DD68       Eldbdtpick.TElDBDateTimePicker.SetReadOnly
 0001:0000DD94       Eldbdtpick.TElDBDateTimePicker.UpdateAction
 0001:0000DDE8       Eldbdtpick.TElDBDateTimePicker.UpdateData
 0001:0000DE40       Eldbdtpick.TElDBDateTimePicker.UseRightToLeftAlignment
 0001:0000DE68       Eldbdtpick.TElDBDateTimePicker.SetModified
 0001:0000DEA0       Eldbdtpick.TElDBDateTimePicker.TriggerChangeEvent
 0001:0000DEC4       Eldbdtpick.TElDBDateTimePicker.KeyDown
 0001:0000DEF4       Eldbdtpick.TElDBDateTimePicker.CMEnter
 0001:0000DF2C       Eldbdtpick.TElDBDateTimePicker.CloseUp
 0001:0000DF6C       Eldbdtpick.TElDBDateTimePicker.DropDown
 0001:0000DFB8       Eldbdtpick.Finalization
 0001:0000DFE8       Eldbdtpick.initialization
 0001:0000DFF0       Eldbhtmlview.TElDBHTMLView
 0001:0000E1FC       Eldbhtmlview.TElDBHTMLView
 0001:0000E294       Eldbhtmlview.TElDBHTMLView
 0001:0000E2E0       Eldbhtmlview.TElDBHTMLView.CMGetDataLink
 0001:0000E300       Eldbhtmlview.TElDBHTMLView.DataChange
 0001:0000E388       Eldbhtmlview.TElDBHTMLView.ExecuteAction
 0001:0000E3DC       Eldbhtmlview.TElDBHTMLView.GetDataField
 0001:0000E400       Eldbhtmlview.TElDBHTMLView.GetDataSource
 0001:0000E420       Eldbhtmlview.TElDBHTMLView.GetField
 0001:0000E440       Eldbhtmlview.TElDBHTMLView.Notification
 0001:0000E48C       Eldbhtmlview.TElDBHTMLView.SetDataField
 0001:0000E4B0       Eldbhtmlview.TElDBHTMLView.SetDataSource
 0001:0000E520       Eldbhtmlview.TElDBHTMLView.UpdateAction
 0001:0000E574       Eldbhtmlview.TElDBHTMLView.UseRightToLeftAlignment
 0001:0000E59C       Eldbhtmlview.Finalization
 0001:0000E5CC       Eldbhtmlview.initialization
 0001:0000E5D4       Eldblbl.TElDBLabel
 0001:0000E768       Eldblbl.TElDBLabel
 0001:0000E800       Eldblbl.TElDBLabel
 0001:0000E84C       Eldblbl.TElDBLabel.CMGetDataLink
 0001:0000E86C       Eldblbl.TElDBLabel.DataChange
 0001:0000E8C4       Eldblbl.TElDBLabel.ExecuteAction
 0001:0000E918       Eldblbl.TElDBLabel.GetDataField
 0001:0000E93C       Eldblbl.TElDBLabel.GetDataSource
 0001:0000E95C       Eldblbl.TElDBLabel.GetField
 0001:0000E97C       Eldblbl.TElDBLabel.Notification
 0001:0000E9C8       Eldblbl.TElDBLabel.SetDataField
 0001:0000E9EC       Eldblbl.TElDBLabel.SetDataSource
 0001:0000EA5C       Eldblbl.TElDBLabel.UpdateAction
 0001:0000EAB0       Eldblbl.TElDBLabel.UseRightToLeftAlignment
 0001:0000EAD8       Eldblbl.TElDBLabel.GetFieldText
 0001:0000EBD0       Eldblbl.Finalization
 0001:0000EC00       Eldblbl.initialization
 0001:0000EC08       Eldbspin.TElDBSpinEdit
 0001:0000EE58       Eldbspin.TElDBFloatSpinEdit
 0001:0000F0B4       Eldbspin.TElDBSpinEdit.GetDataField
 0001:0000F0D8       Eldbspin.TElDBSpinEdit.GetDataSource
 0001:0000F0F8       Eldbspin.TElDBSpinEdit.GetField
 0001:0000F118       Eldbspin.TElDBSpinEdit.SetDataField
 0001:0000F13C       Eldbspin.TElDBSpinEdit.SetDataSource
 0001:0000F1AC       Eldbspin.TElDBSpinEdit.DataChange
 0001:0000F1FC       Eldbspin.TElDBSpinEdit.CMGetDataLink
 0001:0000F21C       Eldbspin.TElDBSpinEdit
 0001:0000F2D4       Eldbspin.TElDBSpinEdit
 0001:0000F320       Eldbspin.TElDBSpinEdit.CMExit
 0001:0000F384       Eldbspin.TElDBSpinEdit.EditingChange
 0001:0000F3AC       Eldbspin.TElDBSpinEdit.ExecuteAction
 0001:0000F400       Eldbspin.TElDBSpinEdit.GetReadOnly
 0001:0000F420       Eldbspin.TElDBSpinEdit.KeyPress
 0001:0000F48C       Eldbspin.TElDBSpinEdit.Notification
 0001:0000F4D8       Eldbspin.TElDBSpinEdit.SetReadOnly
 0001:0000F4FC       Eldbspin.TElDBSpinEdit.UpdateAction
 0001:0000F550       Eldbspin.TElDBSpinEdit.UpdateData
 0001:0000F5A0       Eldbspin.TElDBSpinEdit.UseRightToLeftAlignment
 0001:0000F5C8       Eldbspin.TElDBSpinEdit.SpinDownClick
 0001:0000F630       Eldbspin.TElDBSpinEdit.SpinDrag
 0001:0000F698       Eldbspin.TElDBSpinEdit.SpinUpClick
 0001:0000F700       Eldbspin.TElDBSpinEdit.KeyDown
 0001:0000F764       Eldbspin.TElDBFloatSpinEdit
 0001:0000F81C       Eldbspin.TElDBFloatSpinEdit
 0001:0000F868       Eldbspin.TElDBFloatSpinEdit.CMExit
 0001:0000F8CC       Eldbspin.TElDBFloatSpinEdit.CMGetDataLink
 0001:0000F8EC       Eldbspin.TElDBFloatSpinEdit.DataChange
 0001:0000F944       Eldbspin.TElDBFloatSpinEdit.ExecuteAction
 0001:0000F998       Eldbspin.TElDBFloatSpinEdit.GetDataField
 0001:0000F9BC       Eldbspin.TElDBFloatSpinEdit.GetDataSource
 0001:0000F9DC       Eldbspin.TElDBFloatSpinEdit.GetField
 0001:0000F9FC       Eldbspin.TElDBFloatSpinEdit.GetReadOnly
 0001:0000FA1C       Eldbspin.TElDBFloatSpinEdit.KeyPress
 0001:0000FA94       Eldbspin.TElDBFloatSpinEdit.Notification
 0001:0000FAE0       Eldbspin.TElDBFloatSpinEdit.SetDataField
 0001:0000FB04       Eldbspin.TElDBFloatSpinEdit.SetDataSource
 0001:0000FB74       Eldbspin.TElDBFloatSpinEdit.SetReadOnly
 0001:0000FB98       Eldbspin.TElDBFloatSpinEdit.UpdateAction
 0001:0000FBEC       Eldbspin.TElDBFloatSpinEdit.UpdateData
 0001:0000FC44       Eldbspin.TElDBFloatSpinEdit.UseRightToLeftAlignment
 0001:0000FC6C       Eldbspin.TElDBFloatSpinEdit.EditingChange
 0001:0000FC94       Eldbspin.TElDBFloatSpinEdit.SpinDownClick
 0001:0000FD08       Eldbspin.TElDBFloatSpinEdit.SpinDrag
 0001:0000FD7C       Eldbspin.TElDBFloatSpinEdit.SpinUpClick
 0001:0000FDF0       Eldbspin.TElDBFloatSpinEdit.KeyDown
 0001:0000FE60       Eldbspin.Finalization
 0001:0000FE90       Eldbspin.initialization
 0001:00010880       Eldblookupctrls.TElDBLookupListControl.KeyValueChanged
 0001:00010948       Eldblookupctrls.TElDBLookupListControl.UpdateListFields
 0001:00010AE4       Eldblookupctrls.TElDBLookupListControl.SelectCurrent
 0001:00010CA8       Eldblookupctrls.TElDBLookupListControl.Select
 0001:00010D98       Eldblookupctrls.TElDBLookupListControl.ExecuteAction
 0001:00010DD8       Eldblookupctrls.TElDBLookupListControl.UpdateAction
 0001:00010E18       Eldblookupctrls.TElDBLookUpComboControl.KeyValueChanged
 0001:00010EE0       Eldblookupctrls.TElDBLookUpComboControl.UpdateListFields
 0001:000110C0       Eldblookupctrls.TElDBLookUpComboControl.SelectCurrent
 0001:00011280       Eldblookupctrls.TElDBLookUpComboControl.Select
 0001:00011370       Eldblookupctrls.TElDBLookUpComboControl.ExecuteAction
 0001:000113B0       Eldblookupctrls.TElDBLookUpComboControl.UpdateAction
 0001:000113F0       Eldblookupctrls.TElDBLookupListBox.Create
 0001:00011468       Eldblookupctrls.TElDBLookupListBox.Destroy
 0001:00011504       Eldblookupctrls.TElDBLookupListBox.SetDataSource
 0001:00011510       Eldblookupctrls.TElDBLookupListBox.SetListSource
 0001:0001151C       Eldblookupctrls.TElDBLookupListBox.SetDataFieldName
 0001:00011528       Eldblookupctrls.TElDBLookupListBox.SetListFieldName
 0001:00011534       Eldblookupctrls.TElDBLookupListBox.SetKeyFieldName
 0001:00011540       Eldblookupctrls.TElDBLookupListBox.GetDataSource
 0001:0001154C       Eldblookupctrls.TElDBLookupListBox.GetListSource
 0001:00011558       Eldblookupctrls.TElDBLookupListBox.GetListFieldName
 0001:00011574       Eldblookupctrls.TElDBLookupListBox.GetDataFieldName
 0001:00011590       Eldblookupctrls.TElDBLookupListBox.GetKeyFieldName
 0001:000115A8       Eldblookupctrls.TElDBLookupListBox.MouseDown
 0001:000115FC       Eldblookupctrls.TElDBLookupListBox.WMLButtonDown
 0001:0001167C       Eldblookupctrls.TElDBLookupListBox.WMLButtonDblClk
 0001:0001168C       Eldblookupctrls.TElDBLookupListBox.SetKeyValue
 0001:00011698       Eldblookupctrls.TElDBLookupListBox.GetKeyValue
 0001:000116B4       Eldblookupctrls.TElDBLookupListBox.GetSelectedString
 0001:00011784       Eldblookupctrls.TElDBLookupListBox.SetListFieldIndex
 0001:00011794       Eldblookupctrls.TElDBLookupListBox.GetListFieldIndex
 0001:000117A4       Eldblookupctrls.TElDBLookupListBox.GetField
 0001:000117B4       Eldblookupctrls.TElDBLookupListBox.ExecuteAction
 0001:000117E8       Eldblookupctrls.TElDBLookupListBox.UpdateAction
 0001:0001181C       Eldblookupctrls.TElDBLookupListBox.WMChar
 0001:00011864       Eldblookupctrls.TElDBLookupListBox.WMKeyDown
 0001:000118A8       Eldblookupctrls.TElDBLookupListBox.DrawItem
 0001:00011A90       Eldblookupctrls.TElDBLookupListBox.GetFields
 0001:00011A9C       Eldblookupctrls.TElDBLookupListBox.SetFieldCount
 0001:00011B78       Eldblookupctrls.TElDBLookupListBox.ClearFields
 0001:00011BB0       Eldblookupctrls.TElDBLookupListBox.AddItem
 0001:00011BE0       Eldblookupctrls.TElDBLookupListBox.WMSize
 0001:00011C88       Eldblookupctrls.TElDBLookupComboBox.Create
 0001:00011D08       Eldblookupctrls.TElDBLookupComboBox.Destroy
 0001:00011DC0       Eldblookupctrls.TElDBLookupComboBox.Change
 0001:00011DF4       Eldblookupctrls.TElDBLookupComboBox.SetDataSource
 0001:00011E00       Eldblookupctrls.TElDBLookupComboBox.SetListSource
 0001:00011E0C       Eldblookupctrls.TElDBLookupComboBox.SetDataFieldName
 0001:00011E18       Eldblookupctrls.TElDBLookupComboBox.SetListFieldName
 0001:00011E24       Eldblookupctrls.TElDBLookupComboBox.SetKeyFieldName
 0001:00011E30       Eldblookupctrls.TElDBLookupComboBox.GetDataSource
 0001:00011E3C       Eldblookupctrls.TElDBLookupComboBox.GetListSource
 0001:00011E48       Eldblookupctrls.TElDBLookupComboBox.GetListFieldName
 0001:00011E64       Eldblookupctrls.TElDBLookupComboBox.GetDataFieldName
 0001:00011E80       Eldblookupctrls.TElDBLookupComboBox.GetKeyFieldName
 0001:00011E98       Eldblookupctrls.TElDBLookupComboBox.SetKeyValue
 0001:00011EA4       Eldblookupctrls.TElDBLookupComboBox.GetKeyValue
 0001:00011EC0       Eldblookupctrls.TElDBLookupComboBox.GetSelectedString
 0001:00011F90       Eldblookupctrls.TElDBLookupComboBox.SetListFieldIndex
 0001:00011FA0       Eldblookupctrls.TElDBLookupComboBox.GetListFieldIndex
 0001:00011FB0       Eldblookupctrls.TElDBLookupComboBox.GetField
 0001:00011FC0       Eldblookupctrls.TElDBLookupComboBox.ExecuteAction
 0001:00011FF4       Eldblookupctrls.TElDBLookupComboBox.UpdateAction
 0001:00012028       Eldblookupctrls.TElDBLookupComboBox.WMChar
 0001:00012078       Eldblookupctrls.TElDBLookupComboBox.GetSelected
 0001:000120DC       Eldblookupctrls.TElDBLookupComboBox.SetSelected
 0001:00012140       Eldblookupctrls.TElDBLookupComboBox.EditWndProc
 0001:00012168       Eldblookupctrls.TElDBLookupComboBox.DrawItem
 0001:00012370       Eldblookupctrls.TElDBLookupComboBox.ListWndProc
 0001:00012404       Eldblookupctrls.TElDBLookupComboBox.AddItem
 0001:00012498       Eldblookupctrls.TElDBLookupComboBox.GetFields
 0001:000124A4       Eldblookupctrls.TElDBLookupComboBox.SetFieldCount
 0001:00012580       Eldblookupctrls.TElDBLookupComboBox.ClearFields
 0001:000125B8       Eldblookupctrls.TElDBLookupComboBox.MouseDown
 0001:000125E0       Eldblookupctrls.TElDBLookupComboBox.WMMouseWheel
 0001:00012654       Eldblookupctrls.TElDBLookupComboBox.SetHScrollBarWidth
 0001:000126F0       Eldblookupctrls.TElDBLookupComboBox.CMFontChanged
 0001:0001273C       Eldblookupctrls.Finalization
 0001:0001276C       Eldblookupctrls.initialization
 0001:00013148       Eldbwidelookupcontrols.TElWideDBLookupListControl.KeyValueChanged
 0001:0001320C       Eldbwidelookupcontrols.TElWideDBLookupListControl.UpdateListFields
 0001:00013428       Eldbwidelookupcontrols.TElWideDBLookupListControl.SelectCurrent
 0001:000135E8       Eldbwidelookupcontrols.TElWideDBLookupListControl.Select
 0001:00013694       Eldbwidelookupcontrols.TElWideDBLookupListControl.ExecuteAction
 0001:000136D4       Eldbwidelookupcontrols.TElWideDBLookupListControl.UpdateAction
 0001:00013714       Eldbwidelookupcontrols.TElWideDBLookUpComboControl.KeyValueChanged
 0001:000137D8       Eldbwidelookupcontrols.TElWideDBLookUpComboControl.UpdateListFields
 0001:00013A1C       Eldbwidelookupcontrols.TElWideDBLookUpComboControl.SelectCurrent
 0001:00013BCC       Eldbwidelookupcontrols.TElWideDBLookUpComboControl.Select
 0001:00013CBC       Eldbwidelookupcontrols.TElWideDBLookUpComboControl.ExecuteAction
 0001:00013CFC       Eldbwidelookupcontrols.TElWideDBLookUpComboControl.UpdateAction
 0001:00013D3C       Eldbwidelookupcontrols.TElWideDBLookupListBox.Create
 0001:00013DB0       Eldbwidelookupcontrols.TElWideDBLookupListBox.Destroy
 0001:00013E4C       Eldbwidelookupcontrols.TElWideDBLookupListBox.SetDataSource
 0001:00013E58       Eldbwidelookupcontrols.TElWideDBLookupListBox.SetListSource
 0001:00013E64       Eldbwidelookupcontrols.TElWideDBLookupListBox.SetDataFieldName
 0001:00013E70       Eldbwidelookupcontrols.TElWideDBLookupListBox.SetListFieldName
 0001:00013E7C       Eldbwidelookupcontrols.TElWideDBLookupListBox.SetKeyFieldName
 0001:00013E88       Eldbwidelookupcontrols.TElWideDBLookupListBox.GetDataSource
 0001:00013E94       Eldbwidelookupcontrols.TElWideDBLookupListBox.GetListSource
 0001:00013EA0       Eldbwidelookupcontrols.TElWideDBLookupListBox.GetListFieldName
 0001:00013EBC       Eldbwidelookupcontrols.TElWideDBLookupListBox.GetDataFieldName
 0001:00013ED8       Eldbwidelookupcontrols.TElWideDBLookupListBox.GetKeyFieldName
 0001:00013EF0       Eldbwidelookupcontrols.TElWideDBLookupListBox.MouseDown
 0001:00013F44       Eldbwidelookupcontrols.TElWideDBLookupListBox.WMLButtonDown
 0001:00013FB8       Eldbwidelookupcontrols.TElWideDBLookupListBox.WMLButtonDblClk
 0001:00013FC8       Eldbwidelookupcontrols.TElWideDBLookupListBox.SetKeyValue
 0001:00013FD4       Eldbwidelookupcontrols.TElWideDBLookupListBox.GetKeyValue
 0001:00013FF0       Eldbwidelookupcontrols.TElWideDBLookupListBox.GetSelectedString
 0001:000140C0       Eldbwidelookupcontrols.TElWideDBLookupListBox.SetListFieldIndex
 0001:000140D0       Eldbwidelookupcontrols.TElWideDBLookupListBox.GetListFieldIndex
 0001:000140E0       Eldbwidelookupcontrols.TElWideDBLookupListBox.GetField
 0001:000140F0       Eldbwidelookupcontrols.TElWideDBLookupListBox.ExecuteAction
 0001:00014124       Eldbwidelookupcontrols.TElWideDBLookupListBox.UpdateAction
 0001:00014158       Eldbwidelookupcontrols.TElWideDBLookupListBox.WMChar
 0001:00014194       Eldbwidelookupcontrols.TElWideDBLookupListBox.DoDrawText
 0001:00014310       Eldbwidelookupcontrols.TElWideDBLookupListBox.DrawItem
 0001:0001433C       Eldbwidelookupcontrols.TElWideDBLookupListBox.SetHorizontalExtent
 0001:000143D4       Eldbwidelookupcontrols.TElWideDBLookupListBox.GetFields
 0001:000143E0       Eldbwidelookupcontrols.TElWideDBLookupListBox.SetFieldCount
 0001:000144BC       Eldbwidelookupcontrols.TElWideDBLookupListBox.ClearFields
 0001:000144F4       Eldbwidelookupcontrols.TElWideDBLookupListBox.AddItem
 0001:00014560       Eldbwidelookupcontrols.TElWideDBLookupComboBox.Create
 0001:00014608       Eldbwidelookupcontrols.TElWideDBLookupComboBox.Destroy
 0001:000146A4       Eldbwidelookupcontrols.TElWideDBLookupComboBox.SetDataSource
 0001:000146B0       Eldbwidelookupcontrols.TElWideDBLookupComboBox.SetListSource
 0001:000146BC       Eldbwidelookupcontrols.TElWideDBLookupComboBox.SetDataFieldName
 0001:000146C8       Eldbwidelookupcontrols.TElWideDBLookupComboBox.SetListFieldName
 0001:000146D4       Eldbwidelookupcontrols.TElWideDBLookupComboBox.SetKeyFieldName
 0001:000146E0       Eldbwidelookupcontrols.TElWideDBLookupComboBox.GetDataSource
 0001:000146EC       Eldbwidelookupcontrols.TElWideDBLookupComboBox.GetListSource
 0001:000146F8       Eldbwidelookupcontrols.TElWideDBLookupComboBox.GetListFieldName
 0001:00014714       Eldbwidelookupcontrols.TElWideDBLookupComboBox.GetDataFieldName
 0001:00014730       Eldbwidelookupcontrols.TElWideDBLookupComboBox.GetKeyFieldName
 0001:00014748       Eldbwidelookupcontrols.TElWideDBLookupComboBox.SetKeyValue
 0001:00014754       Eldbwidelookupcontrols.TElWideDBLookupComboBox.GetKeyValue
 0001:00014770       Eldbwidelookupcontrols.TElWideDBLookupComboBox.GetSelectedString
 0001:00014844       Eldbwidelookupcontrols.TElWideDBLookupComboBox.SetListFieldIndex
 0001:00014854       Eldbwidelookupcontrols.TElWideDBLookupComboBox.GetListFieldIndex
 0001:00014864       Eldbwidelookupcontrols.TElWideDBLookupComboBox.GetField
 0001:00014874       Eldbwidelookupcontrols.TElWideDBLookupComboBox.ExecuteAction
 0001:000148A8       Eldbwidelookupcontrols.TElWideDBLookupComboBox.UpdateAction
 0001:000148DC       Eldbwidelookupcontrols.TElWideDBLookupComboBox.WMChar
 0001:000148E0       Eldbwidelookupcontrols.TElWideDBLookupComboBox.GetSelected
 0001:000148EC       Eldbwidelookupcontrols.TElWideDBLookupComboBox.SetSelected
 0001:000148F8       Eldbwidelookupcontrols.TElWideDBLookupComboBox.ListWindowProc
 0001:00014984       Eldbwidelookupcontrols.TElWideDBLookupComboBox.WMKeyDown
 0001:000149C8       Eldbwidelookupcontrols.TElWideDBLookupComboBox.WMMouseMove
 0001:000149CC       Eldbwidelookupcontrols.TElWideDBLookupComboBox.WMMouseWheel
 0001:00014A28       Eldbwidelookupcontrols.TElWideDBLookupComboBox.DoDrawText
 0001:00014BAC       Eldbwidelookupcontrols.TElWideDBLookupComboBox.GetFields
 0001:00014BB8       Eldbwidelookupcontrols.TElWideDBLookupComboBox.SetFieldCount
 0001:00014C94       Eldbwidelookupcontrols.TElWideDBLookupComboBox.ClearFields
 0001:00014CCC       Eldbwidelookupcontrols.TElWideDBLookupComboBox.AddItem
 0001:00014D3C       Eldbwidelookupcontrols.Finalization
 0001:00014D6C       Eldbwidelookupcontrols.initialization
 0001:00014D74       ___CRTL_VCL_Init
 0001:00014DB8       ___CRTL_VCL_Exit
 0001:00014DBC       ___CRTL_VCLLIB_Linkage
 0001:00014DC0       ___CRTL_VCL_Sharemem
 0001:00014E1C       ___CRTL_VCL_HookSystem
 0001:00014E78       __ExceptInit
 0001:00014EC4       __GetExceptDLLinfoInternal
 0001:00014EEC       __InitExceptBlockLDTC
 0001:00014F25       __ExitExceptBlock
 0001:00014F33       __ExceptionHandler
 0001:00014F5C       ___CRTL_DLL_Lock
 0001:00014F80       ___CRTL_DLL_Unlock
 0001:00014F98       System.AnsiString
 0001:00014FD0       System.AnsiString
 0001:00015000       System.AnsiString
 0001:00015080       __InitVCL
 0001:000150C0       __ExitVCL
 0001:000150CC       __LateVCLInit

Line numbers for elpkdbB6(elpkdbB6.cpp) segment .text

    27 0001:00000B2C    29 0001:00000B2F    30 0001:00000B34

Line numbers for ElDBLookupCtrls(ElDBLookupCtrls.pas) segment .text

   194 0001:00010880   195 0001:00010897   197 0001:0001089E   199 0001:000108AA
   201 0001:000108B3   202 0001:000108DD   203 0001:000108F8   204 0001:00010908
   207 0001:0001091A   209 0001:0001093E   214 0001:00010948   215 0001:00010969
   216 0001:00010970   217 0001:0001097B   220 0001:000109B3   221 0001:000109D2
   222 0001:000109E2   223 0001:000109E7   224 0001:000109F5   225 0001:00010A03
   226 0001:00010A0F   228 0001:00010A1D   229 0001:00010A2B   230 0001:00010A36
   231 0001:00010A5F   232 0001:00010A62   234 0001:00010A6A   235 0001:00010A75
   237 0001:00010A9A   238 0001:00010AA8   248 0001:00010ADA   255 0001:00010AE4
   256 0001:00010B06   258 0001:00010B29   259 0001:00010B2E   260 0001:00010B36
   261 0001:00010B47   262 0001:00010B70   263 0001:00010B84   265 0001:00010B97
   266 0001:00010BA8   267 0001:00010BB6   269 0001:00010C00   271 0001:00010C0B
   272 0001:00010C13   273 0001:00010C24   274 0001:00010C34   276 0001:00010C3C
   277 0001:00010C50   278 0001:00010C63   281 0001:00010CA3   286 0001:00010CA8
   287 0001:00010CCD   289 0001:00010CDD   290 0001:00010CE7   291 0001:00010CFD
   292 0001:00010D1B   294 0001:00010D3A   296 0001:00010D8E   305 0001:00010D98
   306 0001:00010D9F   308 0001:00010DD3   311 0001:00010DD8   312 0001:00010DDF
   314 0001:00010E13   319 0001:00010E18   320 0001:00010E2F   322 0001:00010E36
   324 0001:00010E42   326 0001:00010E4B   327 0001:00010E75   328 0001:00010E90
   329 0001:00010EA0   332 0001:00010EB2   334 0001:00010ED6   339 0001:00010EE0
   340 0001:00010F01   341 0001:00010F08   342 0001:00010F13   345 0001:00010F4B
   346 0001:00010F6A   347 0001:00010F7A   348 0001:00010F88   349 0001:00010F8D
   350 0001:00010F9B   351 0001:00010FA7   353 0001:00010FB5   354 0001:00010FC3
   355 0001:00010FCE   356 0001:00010FF7   357 0001:00010FFA   358 0001:00011002
   359 0001:0001100D   360 0001:00011032   361 0001:00011040   362 0001:00011050
   364 0001:00011063   365 0001:00011074   366 0001:00011084   369 0001:000110B6
   375 0001:000110C0   376 0001:000110E1   378 0001:00011104   379 0001:00011109
   380 0001:00011111   381 0001:00011122   382 0001:0001114B   384 0001:0001115E
   385 0001:0001116F   386 0001:0001117D   388 0001:000111C7   390 0001:000111D2
   391 0001:000111DA   392 0001:000111EB   393 0001:000111FB   395 0001:00011211
   396 0001:00011225   397 0001:00011238   400 0001:00011278   405 0001:00011280
   406 0001:000112A5   408 0001:000112B5   409 0001:000112BF   410 0001:000112D5
   411 0001:000112F3   413 0001:00011312   415 0001:00011366   424 0001:00011370
   425 0001:00011377   427 0001:000113AB   430 0001:000113B0   431 0001:000113B7
   433 0001:000113EB   438 0001:000113F0   439 0001:00011407   440 0001:00011410
   441 0001:0001141C   442 0001:00011432   443 0001:00011438   444 0001:00011440
   445 0001:00011460   450 0001:00011468   451 0001:00011475   452 0001:00011483
   453 0001:00011488   455 0001:00011490   456 0001:000114AB   457 0001:000114BA
   458 0001:000114CD   460 0001:000114E8   461 0001:000114FF   465 0001:00011504
   466 0001:0001150F   470 0001:00011510   471 0001:0001151B   475 0001:0001151C
   476 0001:00011527   480 0001:00011528   481 0001:00011533   485 0001:00011534
   486 0001:0001153F   490 0001:00011540   491 0001:0001154B   495 0001:0001154C
   496 0001:00011557   499 0001:00011558   500 0001:0001155E   501 0001:00011571
   504 0001:00011574   505 0001:0001157A   506 0001:0001158D   509 0001:00011590
   510 0001:00011596   511 0001:000115A3   515 0001:000115A8   516 0001:000115BF
   517 0001:000115E4   518 0001:000115F3   523 0001:000115FC   524 0001:00011603
   525 0001:0001160C   526 0001:00011618   527 0001:00011621   529 0001:00011639
   530 0001:00011640   532 0001:0001164E   533 0001:0001166B   534 0001:00011672
   538 0001:0001167C   539 0001:0001168A   543 0001:0001168C   544 0001:00011697
   547 0001:00011698   548 0001:0001169E   549 0001:000116B1   554 0001:000116B4
   555 0001:000116D6   556 0001:000116DE   557 0001:000116F6   558 0001:00011735
   559 0001:0001176F   563 0001:00011784   564 0001:00011790   568 0001:00011794
   569 0001:000117A0   573 0001:000117A4   574 0001:000117B0   577 0001:000117B4
   578 0001:000117BB   579 0001:000117E3   582 0001:000117E8   583 0001:000117EF
   584 0001:00011817   589 0001:0001181C   590 0001:00011823   591 0001:0001182F
   592 0001:00011838   593 0001:0001185D   596 0001:00011864   598 0001:00011867
   599 0001:0001186E   600 0001:00011885   601 0001:0001189D   602 0001:000118A4
   609 0001:000118A8   610 0001:000118D5   612 0001:000118E3   614 0001:000118F8
   615 0001:0001190B   618 0001:0001191E   619 0001:00011927   621 0001:00011935
   622 0001:0001193E   624 0001:00011951   625 0001:00011969   627 0001:0001197E
   629 0001:00011991   630 0001:000119A4   631 0001:000119B7   632 0001:000119C1
   634 0001:000119D7   635 0001:000119EC   636 0001:000119FA   637 0001:00011A12
   638 0001:00011A22   640 0001:00011A2A   641 0001:00011A3E   643 0001:00011A54
   644 0001:00011A7B   648 0001:00011A90   649 0001:00011A99   654 0001:00011A9C
   655 0001:00011AA4   657 0001:00011AAE   658 0001:00011AC8   659 0001:00011AE2
   660 0001:00011AE8   661 0001:00011AF5   662 0001:00011B0F   665 0001:00011B17
   667 0001:00011B1B   668 0001:00011B25   669 0001:00011B38   670 0001:00011B52
   671 0001:00011B6C   673 0001:00011B72   678 0001:00011B78   679 0001:00011B7D
   680 0001:00011B88   681 0001:00011B97   682 0001:00011BAA   685 0001:00011BB0
   686 0001:00011BB9   687 0001:00011BC9   688 0001:00011BCD   689 0001:00011BDA
   695 0001:00011BE0   696 0001:00011BFF   697 0001:00011C07   698 0001:00011C15
   699 0001:00011C37   700 0001:00011C55   701 0001:00011C81   706 0001:00011C88
   707 0001:00011C9F   708 0001:00011CA8   709 0001:00011CB4   710 0001:00011CCA
   711 0001:00011CD0   712 0001:00011CD8   713 0001:00011CE0   714 0001:00011D00
   719 0001:00011D08   720 0001:00011D15   721 0001:00011D23   722 0001:00011D28
   723 0001:00011D30   724 0001:00011D4B   725 0001:00011D66   726 0001:00011D75
   727 0001:00011D88   728 0001:00011DA3   729 0001:00011DBA   732 0001:00011DC0
   733 0001:00011DC3   734 0001:00011DDA   735 0001:00011DE4   736 0001:00011DF2
   740 0001:00011DF4   741 0001:00011DFF   745 0001:00011E00   746 0001:00011E0B
   750 0001:00011E0C   751 0001:00011E17   755 0001:00011E18   756 0001:00011E23
   760 0001:00011E24   761 0001:00011E2F   765 0001:00011E30   766 0001:00011E3B
   770 0001:00011E3C   771 0001:00011E47   774 0001:00011E48   775 0001:00011E4E
   776 0001:00011E61   779 0001:00011E64   780 0001:00011E6A   781 0001:00011E7D
   784 0001:00011E80   785 0001:00011E86   786 0001:00011E93   790 0001:00011E98
   791 0001:00011EA3   794 0001:00011EA4   795 0001:00011EAA   796 0001:00011EBD
   801 0001:00011EC0   802 0001:00011EE2   803 0001:00011EEA   804 0001:00011F02
   805 0001:00011F42   806 0001:00011F7C   810 0001:00011F90   811 0001:00011F9C
   815 0001:00011FA0   816 0001:00011FAC   820 0001:00011FB0   821 0001:00011FBC
   824 0001:00011FC0   825 0001:00011FC7   826 0001:00011FEF   829 0001:00011FF4
   830 0001:00011FFB   831 0001:00012023   836 0001:00012028   837 0001:0001202F
   838 0001:00012038   839 0001:00012044   840 0001:0001204D   841 0001:00012072
   844 0001:00012078   845 0001:0001207E   846 0001:00012095   848 0001:000120B1
   849 0001:000120BA   852 0001:000120DC   853 0001:000120E5   854 0001:000120FC
   856 0001:00012117   857 0001:00012120   861 0001:00012140   864 0001:0001215A
   867 0001:00012160   869 0001:00012165   877 0001:00012168   878 0001:00012195
   880 0001:000121A3   882 0001:000121B9   883 0001:000121CC   886 0001:000121DF
   888 0001:000121F6   889 0001:000121FF   891 0001:00012212   892 0001:0001222A
   894 0001:0001223F   896 0001:00012252   897 0001:00012265   898 0001:00012278
   899 0001:00012282   901 0001:00012298   902 0001:000122AC   904 0001:000122C3
   905 0001:000122CB   906 0001:000122D9   907 0001:000122F1   908 0001:00012301
   910 0001:00012309   911 0001:0001231D   913 0001:00012333   914 0001:0001235A
   919 0001:00012370   920 0001:00012377   921 0001:0001237C   922 0001:00012383
   924 0001:00012394   925 0001:000123A0   926 0001:000123A9   937 0001:000123B7
   938 0001:000123C9   939 0001:000123D0   940 0001:000123D9   941 0001:000123E1
   944 0001:000123F8   949 0001:000123FE   954 0001:00012404   955 0001:0001240D
   956 0001:0001241D   958 0001:00012421   959 0001:0001242E   961 0001:00012441
   962 0001:00012447   963 0001:0001245B   964 0001:00012475   965 0001:00012482
   968 0001:00012491   978 0001:00012498   979 0001:000124A1   984 0001:000124A4
   985 0001:000124AC   987 0001:000124B6   988 0001:000124D0   989 0001:000124EA
   990 0001:000124F0   991 0001:000124FD   992 0001:00012517   995 0001:0001251F
   997 0001:00012523   998 0001:0001252D   999 0001:00012540  1000 0001:0001255A
  1001 0001:00012574  1003 0001:0001257A  1008 0001:00012580  1009 0001:00012585
  1010 0001:00012590  1011 0001:0001259F  1012 0001:000125B2  1016 0001:000125B8
  1017 0001:000125BF  1018 0001:000125C8  1019 0001:000125D8  1024 0001:000125E0
  1025 0001:000125E7  1026 0001:000125F3  1027 0001:000125FC  1029 0001:0001260A
  1031 0001:00012613  1032 0001:0001261F  1034 0001:00012621  1035 0001:00012638
  1037 0001:00012650  1044 0001:00012654  1045 0001:0001266E  1046 0001:00012676
  1047 0001:00012684  1048 0001:000126A6  1049 0001:000126E6  1054 0001:000126F0
  1055 0001:000126F6  1056 0001:000126FD  1057 0001:000126FF  1058 0001:00012710
  1059 0001:00012722  1060 0001:00012734  1062 0001:0001276C

Line numbers for ElDBWideLookupControls(ElDBWideLookupControls.pas) segment .text

   198 0001:00013148   199 0001:0001315F   201 0001:00013166   203 0001:00013172
   205 0001:0001317B   206 0001:000131A5   207 0001:000131BD   208 0001:000131CD
   211 0001:000131DF   213 0001:00013203   220 0001:0001320C   221 0001:0001322F
   222 0001:00013236   223 0001:00013241   226 0001:00013279   228 0001:00013298
   229 0001:000132A8   230 0001:000132AD   231 0001:000132BB   232 0001:000132C9
   233 0001:000132D5   235 0001:000132E3   236 0001:000132F1   238 0001:000132FF
   239 0001:0001330E   241 0001:00013322   242 0001:00013337   245 0001:00013354
   246 0001:0001336E   247 0001:00013374   248 0001:00013377   250 0001:00013383
   251 0001:00013391   252 0001:000133B8   254 0001:000133C6   255 0001:000133D4
   265 0001:0001341E   272 0001:00013428   273 0001:0001344A   275 0001:0001346D
   276 0001:00013472   277 0001:0001347A   278 0001:0001348B   279 0001:000134B4
   280 0001:000134C5   282 0001:000134D8   283 0001:000134E9   284 0001:000134F7
   286 0001:00013541   288 0001:0001354C   289 0001:00013554   290 0001:00013565
   291 0001:00013575   293 0001:0001357D   294 0001:0001358E   295 0001:000135A1
   298 0001:000135E1   303 0001:000135E8   304 0001:00013606   306 0001:00013612
   307 0001:0001361C   308 0001:00013632   309 0001:00013650   311 0001:0001368A
   320 0001:00013694   321 0001:0001369B   323 0001:000136CF   326 0001:000136D4
   327 0001:000136DB   329 0001:0001370F   334 0001:00013714   335 0001:0001372B
   337 0001:00013732   339 0001:0001373E   341 0001:00013747   342 0001:00013771
   343 0001:00013789   344 0001:00013799   347 0001:000137AB   349 0001:000137CF
   356 0001:000137D8   357 0001:000137FB   358 0001:00013802   359 0001:0001380D
   362 0001:00013845   363 0001:00013864   364 0001:00013874   365 0001:00013882
   366 0001:00013887   367 0001:00013895   368 0001:000138A1   370 0001:000138AF
   371 0001:000138BD   373 0001:000138CB   374 0001:000138DA   376 0001:000138EE
   377 0001:00013903   380 0001:00013920   381 0001:0001393A   382 0001:00013940
   383 0001:00013943   384 0001:0001394F   385 0001:0001395D   387 0001:00013984
   388 0001:00013992   389 0001:000139A2   391 0001:000139B3   392 0001:000139BB
   393 0001:000139CB   396 0001:00013A15   402 0001:00013A1C   403 0001:00013A3D
   405 0001:00013A60   406 0001:00013A65   407 0001:00013A6D   408 0001:00013A7E
   409 0001:00013AA7   411 0001:00013ABA   412 0001:00013ACB   413 0001:00013AD9
   415 0001:00013B23   417 0001:00013B2E   418 0001:00013B36   419 0001:00013B47
   420 0001:00013B57   422 0001:00013B6B   423 0001:00013B73   424 0001:00013B86
   427 0001:00013BC6   432 0001:00013BCC   433 0001:00013BF1   435 0001:00013C01
   436 0001:00013C0B   437 0001:00013C21   438 0001:00013C3F   440 0001:00013C5E
   442 0001:00013CB2   451 0001:00013CBC   452 0001:00013CC3   454 0001:00013CF7
   457 0001:00013CFC   458 0001:00013D03   460 0001:00013D37   465 0001:00013D3C
   466 0001:00013D53   467 0001:00013D5C   468 0001:00013D65   469 0001:00013D7B
   470 0001:00013D81   471 0001:00013D88   472 0001:00013DA9   477 0001:00013DB0
   478 0001:00013DBD   479 0001:00013DCB   480 0001:00013DD0   482 0001:00013DD8
   483 0001:00013DF3   484 0001:00013E02   485 0001:00013E15   487 0001:00013E30
   488 0001:00013E47   492 0001:00013E4C   493 0001:00013E57   497 0001:00013E58
   498 0001:00013E63   502 0001:00013E64   503 0001:00013E6F   507 0001:00013E70
   508 0001:00013E7B   512 0001:00013E7C   513 0001:00013E87   517 0001:00013E88
   518 0001:00013E93   522 0001:00013E94   523 0001:00013E9F   526 0001:00013EA0
   527 0001:00013EA6   528 0001:00013EB9   531 0001:00013EBC   532 0001:00013EC2
   533 0001:00013ED5   536 0001:00013ED8   537 0001:00013EDE   538 0001:00013EEB
   542 0001:00013EF0   543 0001:00013F07   544 0001:00013F2C   545 0001:00013F3B
   550 0001:00013F44   551 0001:00013F4B   552 0001:00013F54   553 0001:00013F5D
   554 0001:00013F66   556 0001:00013F7B   557 0001:00013F82   559 0001:00013F90
   560 0001:00013FAD   564 0001:00013FB8   565 0001:00013FC6   569 0001:00013FC8
   570 0001:00013FD3   573 0001:00013FD4   574 0001:00013FDA   575 0001:00013FED
   580 0001:00013FF0   581 0001:00014012   582 0001:0001401A   583 0001:00014032
   584 0001:00014071   585 0001:000140B1   589 0001:000140C0   590 0001:000140CC
   594 0001:000140D0   595 0001:000140DC   599 0001:000140E0   600 0001:000140EC
   603 0001:000140F0   604 0001:000140F7   605 0001:0001411F   608 0001:00014124
   609 0001:0001412B   610 0001:00014153   615 0001:00014158   616 0001:0001415F
   617 0001:00014168   618 0001:00014171   619 0001:00014190   627 0001:00014194
   628 0001:000141BB   630 0001:000141C8   631 0001:000141D8   632 0001:000141EB
   633 0001:000141F2   635 0001:00014208   636 0001:0001422B   637 0001:00014240
   639 0001:00014250   640 0001:00014268   642 0001:0001427A   644 0001:0001428A
   646 0001:00014292   647 0001:000142A3   649 0001:000142BA   652 0001:000142C6
   653 0001:000142FA   661 0001:00014310   662 0001:00014321   663 0001:00014327
   664 0001:00014334   670 0001:0001433C   671 0001:00014356   672 0001:0001435E
   673 0001:0001436C   674 0001:0001438E   675 0001:000143A2   676 0001:000143CB
   680 0001:000143D4   681 0001:000143DD   686 0001:000143E0   687 0001:000143E8
   689 0001:000143F2   690 0001:0001440C   691 0001:00014426   692 0001:0001442C
   693 0001:00014439   694 0001:00014453   697 0001:0001445B   699 0001:0001445F
   700 0001:00014469   701 0001:0001447C   702 0001:00014496   703 0001:000144B0
   705 0001:000144B6   710 0001:000144BC   711 0001:000144C1   712 0001:000144CC
   713 0001:000144DB   714 0001:000144EE   717 0001:000144F4   718 0001:00014510
   719 0001:00014520   720 0001:00014524   721 0001:00014559   726 0001:00014560
   727 0001:00014577   728 0001:00014580   729 0001:00014596   730 0001:0001459C
   731 0001:000145A9   732 0001:000145C1   733 0001:000145D1   734 0001:000145E1
   735 0001:00014602   740 0001:00014608   741 0001:00014615   742 0001:00014623
   743 0001:00014628   744 0001:00014630   745 0001:0001464B   746 0001:0001465A
   747 0001:0001466D   748 0001:00014688   749 0001:0001469F   753 0001:000146A4
   754 0001:000146AF   758 0001:000146B0   759 0001:000146BB   763 0001:000146BC
   764 0001:000146C7   768 0001:000146C8   769 0001:000146D3   773 0001:000146D4
   774 0001:000146DF   778 0001:000146E0   779 0001:000146EB   783 0001:000146EC
   784 0001:000146F7   787 0001:000146F8   788 0001:000146FE   789 0001:00014711
   792 0001:00014714   793 0001:0001471A   794 0001:0001472D   797 0001:00014730
   798 0001:00014736   799 0001:00014743   803 0001:00014748   804 0001:00014753
   807 0001:00014754   808 0001:0001475A   809 0001:0001476D   814 0001:00014770
   815 0001:00014792   816 0001:0001479A   817 0001:000147B1   818 0001:000147F5
   819 0001:00014835   823 0001:00014844   824 0001:00014850   828 0001:00014854
   829 0001:00014860   833 0001:00014864   834 0001:00014870   837 0001:00014874
   838 0001:0001487B   839 0001:000148A3   842 0001:000148A8   843 0001:000148AF
   844 0001:000148D7   848 0001:000148DC   852 0001:000148E0   853 0001:000148EB
   857 0001:000148EC   858 0001:000148F7   863 0001:000148F8   864 0001:000148FF
   865 0001:00014910   867 0001:00014921   868 0001:00014927   869 0001:00014935
   872 0001:00014940   873 0001:0001494E   875 0001:00014956   876 0001:00014967
   879 0001:0001497F   884 0001:00014984   885 0001:00014988   886 0001:0001498E
   887 0001:00014995   889 0001:000149A9   890 0001:000149B6   892 0001:000149C4
   901 0001:000149C8   906 0001:000149CC   907 0001:000149D0   908 0001:000149D6
   909 0001:000149DD   911 0001:000149E5   913 0001:000149EE   914 0001:000149F7
   916 0001:000149FA   917 0001:00014A0B   919 0001:00014A23   926 0001:00014A28
   927 0001:00014A4E   928 0001:00014A5D   929 0001:00014A70   931 0001:00014A88
   934 0001:00014AAB   935 0001:00014ABA   940 0001:00014AE1   941 0001:00014AF6
   942 0001:00014B0E   944 0001:00014B1D   946 0001:00014B2A   948 0001:00014B35
   949 0001:00014B4A   951 0001:00014B65   952 0001:00014B96   956 0001:00014BAC
   957 0001:00014BB5   963 0001:00014BB8   964 0001:00014BC0   966 0001:00014BCA
   967 0001:00014BE4   968 0001:00014BFE   969 0001:00014C04   970 0001:00014C11
   971 0001:00014C2B   974 0001:00014C33   976 0001:00014C37   977 0001:00014C41
   978 0001:00014C54   979 0001:00014C6E   980 0001:00014C88   982 0001:00014C8E
   988 0001:00014C94   989 0001:00014C99   990 0001:00014CA5   991 0001:00014CB4
   992 0001:00014CC7   996 0001:00014CCC   997 0001:00014CE8   998 0001:00014CF8
   999 0001:00014CFC  1000 0001:00014D34  1002 0001:00014D6C

