
 Start Length Name Class
 0001:00000000 00000000CH _TEXT                  CODE


Detailed map of segments
 0001:00000000 00000000 C=CODE    S=_TEXT    G=(none)   M=xxx1.pas ACBP=A9
 0001:00000000 00000000 C=CODE    S=_TEXT    G=(none)   M=xxx2.pas ACBP=A9

  Address         Publics by Value

 0001:000005A2       Sysinit._GetTls
 0001:000005F8       Windows.MakeLong
 0001:00000604       Windows.FillMemory
 0001:00000610       Windows.ZeroMemory
 0001:00000618       Windows.MakeWParam
 0001:00000620       Windows.Finalization
 0001:00000650       Windows.initialization
 0001:00000658       Messages.Finalization
 0001:00000688       Messages.initialization
 0001:00000690       Commctrl.Finalization
 0001:000006C0       Commctrl.initialization
 0001:000006C8       Shellapi.Finalization
 0001:000006F8       Shellapi.initialization
 0001:00000700       Regstr.Finalization
 0001:00000730       Regstr.initialization
 0001:00000738       Wininet.Finalization
 0001:00000768       Wininet.initialization
 0001:00000770       Urlmon.Finalization
 0001:000007A0       Urlmon.initialization
 0001:00000A38       Shlobj.Finalization
 0001:00000A68       Shlobj.initialization
 0001:00000A70       Commdlg.Finalization
 0001:00000AA0       Commdlg.initialization
 0001:00000AA8       Dlgs.Finalization
 0001:00000AD8       Dlgs.initialization
 0001:00000AE0       Imm.Finalization
 0001:00000B10       Imm.initialization
 0001:00000B18       Mmsystem.Finalization
 0001:00000B48       Mmsystem.initialization
 0001:00000B50       Richedit.Finalization
 0001:00000B80       Richedit.initialization
 0001:00000B88       Winspool.Finalization
 0001:00000BB8       Winspool.initialization
 0001:00000BC0       SysInit._16395
 0001:00000BCC       SysInit._16396
 0001:00000BF0       Sysinit.VclInit
 0001:00000C8C       Sysinit.VclExit
 0001:00000CBC       Sysinit._PackageLoad
 0001:00000CC8       Sysinit._PackageUnload
 0001:00000CD4       Sysinit.Finalization
 0001:00000D04       Sysinit.initialization
 0001:00000D0C       DllEntryPoint
 0001:00000EA4       Elshellctl.EElShellError
 0001:00000F2C       Elshellctl.TElShellTreeItem
 0001:000011AC       Elshellctl.TElShellTree
 0001:00003D40       Elshellctl.TElShellComboBox
 0001:00004028       Elshellctl.TElShellListItem
 0001:000042A8       Elshellctl.TElShellList
 0001:00006D60       ElShellCtl._16407
 0001:00006DEC       ElShellCtl._16410
 0001:00006E58       ElShellCtl._16411
 0001:00006EBC       ElShellCtl._16412
 0001:00006EF0       ElShellCtl._16413
 0001:00007070       ElShellCtl._16414
 0001:000070A0       ElShellCtl._16415
 0001:00007220       ElShellCtl._16416
 0001:00007250       ElShellCtl._16417
 0001:000073B8       ElShellCtl._16418
 0001:000073E8       ElShellCtl._16419
 0001:00007408       ElShellCtl._16420
 0001:00007488       ElShellCtl._16421
 0001:000074CC       ElShellCtl._16422
 0001:00007530       ElShellCtl._16423
 0001:00007544       Elshellctl.TElShellTree.GetRootFolder
 0001:00007560       Elshellctl.TElShellTree.SetRootFolder
 0001:000075DC       Elshellctl.TElShellTree.GetFocusedPIDL
 0001:00007610       Elshellctl.TElShellTree.GetFocusedDisplayName
 0001:00007648       Elshellctl.TElShellTree.BuildTree
 0001:000076A4       Elshellctl.TElShellTree.SetRootPIDL
 0001:000077E8       Elshellctl.TElShellTree
 0001:00007928       Elshellctl.TElShellTree.DoItemFocused
 0001:0000793C       Elshellctl.TElShellTree.ReleaseFocusedPIDL
 0001:0000796C       Elshellctl.TElShellTree.SetCustomRootFolder
 0001:000079EC       Elshellctl.TElShellTree.CreateView
 0001:00007A10       Elshellctl.TElShellTree.CreateItems
 0001:00007A38       Elshellctl.TElShellTree
 0001:00007A94       Elshellctl.TElShellTree.RefreshTree
 0001:00007E34       Elshellctl.TElShellTree.CheckChildren
 0001:00007FB0       Elshellctl.TElShellTree.FillItemWithData
 0001:000083D8       Elshellctl.TElShellTree.Loaded
 0001:00008414       Elshellctl.TElShellTree.SetShowHidden
 0001:00008450       Elshellctl.TElShellTree.SetShowFiles
 0001:0000848C       Elshellctl.TElShellTree.SetHighlightCompressed
 0001:000084C8       Elshellctl.TElShellTree.GetFileFilters
 0001:000084E4       Elshellctl.TElShellTree.SetFileFilters
 0001:00008508       Elshellctl.TElShellTree.NameFiltered
 0001:000085F4       Elshellctl.TElShellTree.CreateHandle
 0001:00008638       Elshellctl.TElShellTree.DoItemCollapse
 0001:00008680       Elshellctl.TElShellTree.DoItemExpand
 0001:000087C8       Elshellctl.TElShellTree.DoItemExpanding
 0001:000088F0       Elshellctl.TElShellTree.DoItemAdded
 0001:00008978       Elshellctl.TElShellTree.SetFileSystemOnly
 0001:000089B4       Elshellctl.TElShellTree.GetItemFocused
 0001:000089D0       Elshellctl.TElShellTree.SetItemFocused
 0001:000089EC       Elshellctl.TElShellTree.DoCompareItems
 0001:00008E40       Elshellctl.TElShellTree.SetSortType
 0001:00008E88       Elshellctl.TElShellTree.SetSortModifiers
 0001:00008ED0       Elshellctl.TElShellTree.TriggerVirtualTextNeeded
 0001:00009154       Elshellctl.TElShellTree.SetSizeFormat
 0001:000091D8       Elshellctl.TElShellTree.SetDefaultColumns
 0001:00009230       Elshellctl.TElShellTree.AddDefaultColumns
 0001:00009474       Elshellctl.TElShellTree.DeleteDefaultColumns
 0001:000094FC       Elshellctl.TElShellTree.TriggerVirtualValueNeeded
 0001:0000955C       Elshellctl.TElShellTree.TriggerSortBegin
 0001:000095E0       Elshellctl.TElShellTree.TriggerInplaceEditorNeeded
 0001:00009644       Elshellctl.TElShellTree.TriggerTryEditEvent
 0001:00009698       Elshellctl.TElShellTree.FileFiltersChange
 0001:000096B8       Elshellctl.TElShellTree.OnValidateEdit
 0001:0000976C       Elshellctl.TElShellTree.SetSelectionPIDL
 0001:000099A4       Elshellctl.TElShellTree.SetExpandRoot
 0001:000099E0       Elshellctl.TElShellTree.BuildRootPIDL
 0001:00009A04       Elshellctl.TElShellTree.TriggerVirtualHintNeeded
 0001:00009AA8       Elshellctl.TElShellTree.DoGetPicture
 0001:00009ADC       Elshellctl.TElShellTreeItem.BuildFullPIDL
 0001:00009B3C       Elshellctl.TElShellTreeItem.GetPicture
 0001:00009C68       Elshellctl.TElShellTreeItem.GetAttributes
 0001:00009D6C       Elshellctl.TElShellTreeItem.GetDisplayName
 0001:00009E60       Elshellctl.TElShellTreeItem.GetFullName
 0001:00009F70       Elshellctl.TElShellTreeItem.GetHasSubFolders
 0001:00009F98       Elshellctl.TElShellTreeItem.GetIsFolder
 0001:00009FC0       Elshellctl.TElShellTreeItem.GetIsRemovable
 0001:00009FE8       Elshellctl.TElShellTreeItem.GetParentFolder
 0001:0000A0C4       Elshellctl.TElShellTreeItem.GetPIDL
 0001:0000A0E0       Elshellctl.TElShellTreeItem.GetSize
 0001:0000A11C       Elshellctl.TElShellTreeItem.SetDisplayName
 0001:0000A250       Elshellctl.TElShellTreeItem
 0001:0000A318       Elshellctl.TElShellTreeItem
 0001:0000A390       Elshellctl.TElShellTreeItem.GetCreationTime
 0001:0000A3E0       Elshellctl.TElShellTreeItem.GetModificationTime
 0001:0000A430       Elshellctl.TElShellTreeItem.GetLastAccessTime
 0001:0000A480       Elshellctl.TElShellTreeItem.GetWin32Data
 0001:0000A67C       Elshellctl.TElShellTreeItem.CheckWin32FindData
 0001:0000A6F0       Elshellctl.TElShellTreeItem.GetFileName
 0001:0000A77C       Elshellctl.TElShellTreeItem.GetSizeAsString
 0001:0000A974       Elshellctl.TElShellTreeItem.GetTypeName
 0001:0000AA50       Elshellctl.TElShellTreeItem.GetIsFileObject
 0001:0000AA78       Elshellctl.TElShellTreeItem.GetAttrAsString
 0001:0000AC34       Elshellctl.TElShellTreeItem.GetComment
 0001:0000ADCC       Elshellctl.TElShellTreeItem.Invalidate
 0001:0000AEA8       Elshellctl.TElShellTreeItem.FindItemByPIDL
 0001:0000AF10       Elshellctl.TElShellTreeItem.GetCanRename
 0001:0000AF34       Elshellctl.TElShellTreeItem.GetHintText
 0001:0000B018       ElShellCtl._16503
 0001:0000B074       ElShellCtl._16504
 0001:0000B10C       ElShellCtl._16505
 0001:0000B16C       ElShellCtl._16506
 0001:0000B1B8       ElShellCtl._16507
 0001:0000B224       ElShellCtl._16508
 0001:0000B398       ElShellCtl._16509
 0001:0000B3CC       Elshellctl.TElShellComboBox.SetExplorerStyle
 0001:0000B400       Elshellctl.TElShellComboBox.FillItems
 0001:0000B4A0       Elshellctl.TElShellComboBox
 0001:0000B510       ElShellCtl._16513
 0001:0000B6D4       ElShellCtl._16514
 0001:0000B814       ElShellCtl._16515
 0001:0000B834       Elshellctl.TElShellComboBox.FillCombo
 0001:0000BBEC       Elshellctl.TElShellComboBox.CreateWnd
 0001:0000BC08       Elshellctl.TElShellComboBox.SetShowHidden
 0001:0000BC3C       Elshellctl.TElShellComboBox.CreateParams
 0001:0000BC6C       Elshellctl.TElShellComboBox.GetItemWidth
 0001:0000BD14       Elshellctl.TElShellComboBox.SetFileSystemOnly
 0001:0000BD48       Elshellctl.TElShellComboBox
 0001:0000BE00       Elshellctl.TElShellComboBox.CMFontChanged
 0001:0000BE6C       Elshellctl.TElShellComboBox.DrawItem
 0001:0000C14C       Elshellctl.TElShellComboBox.CNCommand
 0001:0000C1C8       Elshellctl.TElShellComboBox.SetSelection
 0001:0000C33C       Elshellctl.TElShellComboBox.CNDrawItem
 0001:0000C440       Elshellctl.TElShellComboBox.GetSelection
 0001:0000C45C       Elshellctl.TElShellComboBox.ShowEdit
 0001:0000C678       Elshellctl.TElShellComboBox.KeyPress
 0001:0000C730       Elshellctl.TElShellComboBox.DropDown
 0001:0000C74C       Elshellctl.TElShellComboBox.CancelEdit
 0001:0000C788       Elshellctl.TElShellComboBox.WMDeleteItem
 0001:0000C7D0       Elshellctl.TElShellComboBox.AcceptEdit
 0001:0000C880       Elshellctl.TElShellComboBox.MouseMove
 0001:0000C90C       Elshellctl.TElShellComboBox.WMLButtonDown
 0001:0000C998       Elshellctl.TElShellComboBox.SetCursor
 0001:0000C9DC       Elshellctl.TElShellComboBox.SetStyle
 0001:0000CA10       Elshellctl.TElShellComboBox.DestroyWnd
 0001:0000CA30       Elshellctl.TElShellList.SetCustomFolder
 0001:0000CAA4       Elshellctl.TElShellList.SetDefaultColumns
 0001:0000CAFC       Elshellctl.TElShellList.GetFocusedDisplayName
 0001:0000CB34       Elshellctl.TElShellList.GetFocusedPIDL
 0001:0000CB68       Elshellctl.TElShellList.GetItemFocused
 0001:0000CB84       Elshellctl.TElShellList.SetHighlightCompressed
 0001:0000CBB8       Elshellctl.TElShellList.SetItemFocused
 0001:0000CBD4       Elshellctl.TElShellList.SetFolder
 0001:0000CC44       Elshellctl.TElShellList.SetShowHidden
 0001:0000CC78       Elshellctl.TElShellList.SetSizeFormat
 0001:0000CCFC       Elshellctl.TElShellList.SetSortModifiers
 0001:0000CD44       Elshellctl.TElShellList.SetSortType
 0001:0000CD8C       Elshellctl.TElShellList.SetPIDL
 0001:0000CEC4       Elshellctl.TElShellList.AddDefaultColumns
 0001:0000D0DC       Elshellctl.TElShellList.DeleteDefaultColumns
 0001:0000D164       Elshellctl.TElShellList.RefreshList
 0001:0000D530       Elshellctl.TElShellList.TriggerSortBegin
 0001:0000D5B4       Elshellctl.TElShellList.TriggerTryEditEvent
 0001:0000D600       Elshellctl.TElShellList.TriggerVirtualTextNeeded
 0001:0000D84C       Elshellctl.TElShellList.TriggerVirtualValueNeeded
 0001:0000D8AC       Elshellctl.TElShellList.SetFileSystemOnly
 0001:0000D8E0       Elshellctl.TElShellList.FindItemByPIDL
 0001:0000D958       Elshellctl.TElShellList.NameFiltered
 0001:0000DA44       Elshellctl.TElShellList.GetFileFilters
 0001:0000DA60       Elshellctl.TElShellList.SetFileFilters
 0001:0000DA84       Elshellctl.TElShellList
 0001:0000DBB8       Elshellctl.TElShellList
 0001:0000DC14       Elshellctl.TElShellList.FileFiltersChange
 0001:0000DC2C       Elshellctl.TElShellList.CreateHandle
 0001:0000DC70       Elshellctl.TElShellList.CreateItems
 0001:0000DC98       Elshellctl.TElShellList.CreateView
 0001:0000DCBC       Elshellctl.TElShellList.SetRootPIDL
 0001:0000DE84       Elshellctl.TElShellList.DoCompareItems
 0001:0000E274       Elshellctl.TElShellList.SetSelectionPIDL
 0001:0000E29C       Elshellctl.TElShellList.BuildRootPIDL
 0001:0000E2C0       Elshellctl.TElShellList.TriggerVirtualHintNeeded
 0001:0000E364       Elshellctl.TElShellList.DoGetPicture
 0001:0000E398       Elshellctl.TElShellList.Loaded
 0001:0000E3D4       Elshellctl.TElShellList.DoItemAdded
 0001:0000E45C       Elshellctl.TElShellListItem.GetAttrAsString
 0001:0000E624       Elshellctl.TElShellListItem.GetCanRename
 0001:0000E648       Elshellctl.TElShellListItem.GetComment
 0001:0000E7E8       Elshellctl.TElShellListItem.GetCreationTime
 0001:0000E838       Elshellctl.TElShellListItem.GetDisplayName
 0001:0000E938       Elshellctl.TElShellListItem.GetFileName
 0001:0000E9C4       Elshellctl.TElShellListItem.GetFullName
 0001:0000EA4C       Elshellctl.TElShellListItem.GetIsFileObject
 0001:0000EA74       Elshellctl.TElShellListItem.GetIsFolder
 0001:0000EA9C       Elshellctl.TElShellListItem.GetIsRemovable
 0001:0000EAC4       Elshellctl.TElShellListItem.GetLastAccessTime
 0001:0000EB14       Elshellctl.TElShellListItem.GetModificationTime
 0001:0000EB64       Elshellctl.TElShellListItem.GetPIDL
 0001:0000EB80       Elshellctl.TElShellListItem.GetSize
 0001:0000EBBC       Elshellctl.TElShellListItem.GetSizeAsString
 0001:0000EDB4       Elshellctl.TElShellListItem.GetTypeName
 0001:0000EE90       Elshellctl.TElShellListItem.SetDisplayName
 0001:0000EFC0       Elshellctl.TElShellListItem
 0001:0000F088       Elshellctl.TElShellListItem
 0001:0000F100       Elshellctl.TElShellListItem.BuildFullPIDL
 0001:0000F130       Elshellctl.TElShellListItem.CheckWin32FindData
 0001:0000F170       Elshellctl.TElShellListItem.GetWin32Data
 0001:0000F36C       Elshellctl.TElShellListItem.Invalidate
 0001:0000F448       Elshellctl.TElShellListItem.GetPicture
 0001:0000F574       Elshellctl.TElShellListItem.GetAttributes
 0001:0000F678       Elshellctl.TElShellListItem.GetHintText
 0001:0000F75C       ElShellCtl._16605
 0001:0000F7B8       ElShellCtl._16606
 0001:0000F844       ElShellCtl._16607
 0001:0000F8A4       ElShellCtl._16608
 0001:0000F8F0       ElShellCtl._16609
 0001:0000F95C       ElShellCtl._16610
 0001:0000FB54       ElShellCtl._16611
 0001:0000FB88       Elshellctl.Finalization
 0001:0000FBD0       Elshellctl.initialization
 0001:0000FBD8       Elprinter.EPrinterError
 0001:0000FC98       Elprinter.TElPrinter
 0001:0000FE68       Elprinter.TElControlPrinter
 0001:0000FF48       ElPrinter._16392
 0001:0000FFC8       ElPrinter._16393
 0001:0000FFF4       Elprinter.TElPrinter.Abort
 0001:0001001C       Elprinter.TElPrinter.AddPage
 0001:00010184       Elprinter.TElPrinter.HorzMMToPixel
 0001:000101D4       Elprinter.TElPrinter.VertMMToPixel
 0001:00010224       Elprinter.TElPrinter.BeginDoc
 0001:000102E4       Elprinter.TElPrinter.Clear
 0001:00010328       Elprinter.TElPrinter
 0001:000103C8       Elprinter.TElPrinter.DeletePage
 0001:00010444       Elprinter.TElPrinter
 0001:000104A4       Elprinter.TElPrinter.EndDoc
 0001:00010504       Elprinter.TElPrinter.GetCanvas
 0001:00010528       Elprinter.TElPrinter.GetPage
 0001:0001054C       Elprinter.TElPrinter.GetPageCount
 0001:00010568       Elprinter.TElPrinter.GetPageHeight
 0001:000105A0       Elprinter.TElPrinter.GetPageWidth
 0001:000105D8       Elprinter.TElPrinter.GetPrintOffsetX
 0001:0001062C       Elprinter.TElPrinter.GetPrintOffsetY
 0001:00010680       Elprinter.TElPrinter.InsertPage
 0001:00010690       Elprinter.TElPrinter.Loaded
 0001:0001069C       Elprinter.TElPrinter.NewPage
 0001:000106E4       Elprinter.TElPrinter.Preview
 0001:0001074C       ElPrinter._16415
 0001:0001083C       Elprinter.TElPrinter.PrintPages
 0001:00010908       Elprinter.TElPrinter.SavePage
 0001:00010964       Elprinter.TElPrinter.SetBottomMargin
 0001:000109D4       Elprinter.TElPrinter.SetCanvas
 0001:00010A00       Elprinter.TElPrinter.SetLeftMargin
 0001:00010A70       Elprinter.TElPrinter.SetPage
 0001:00010A9C       Elprinter.TElPrinter.SetPageIndex
 0001:00010ADC       Elprinter.TElPrinter.SetRightMargin
 0001:00010B4C       Elprinter.TElPrinter.SetTopMargin
 0001:00010BBC       Elprinter.TElPrinter.TriggerAfterPage
 0001:00010BE8       Elprinter.TElPrinter.TriggerBeforePage
 0001:00010C14       Elprinter.TElControlPrinter.SetPrinter
 0001:00010C68       Elprinter.TElControlPrinter.Notification
 0001:00010CA4       Elprinter.Finalization
 0001:00010CD4       Elprinter.initialization
 0001:00010D84       Eltreeprinter.EElTreePrinterError
 0001:00010F08       Eltreeprinter.TElTreePrinter
 0001:000116C8       ElTreePrinter._16394
 0001:000119A4       ElTreePrinter._16395
 0001:000119D0       ElTreePrinter._16396
 0001:00011B58       ElTreePrinter._16397
 0001:00011B88       ElTreePrinter._16398
 0001:00011C08       ElTreePrinter._16399
 0001:00011C3C       ElTreePrinter._16400
 0001:00011D00       ElTreePrinter._16401
 0001:00011D34       ElTreePrinter._16402
 0001:00011DD4       ElTreePrinter._16403
 0001:00011E04       Eltreeprinter.TElTreePrinter.DoDrawHeader
 0001:00011F40       Eltreeprinter.TElTreePrinter.DoDrawHeaderSection
 0001:000129F8       Eltreeprinter.TElTreePrinter.DoDrawItem
 0001:00012FA0       Eltreeprinter.TElTreePrinter.DoDrawItemCellContents
 0001:0001393C       Eltreeprinter.TElTreePrinter.DoDrawItemTree
 0001:00013C0C       Eltreeprinter.TElTreePrinter.SetBkColor
 0001:00013C8C       Eltreeprinter.TElTreePrinter.SetShowButtons
 0001:00013D0C       Eltreeprinter.TElTreePrinter.SetShowCheckboxes
 0001:00013D8C       Eltreeprinter.TElTreePrinter.SetShowColumns
 0001:00013E0C       Eltreeprinter.TElTreePrinter.SetShowEmptyImages
 0001:00013E8C       Eltreeprinter.TElTreePrinter.SetShowEmptyImages2
 0001:00013F0C       Eltreeprinter.TElTreePrinter.SetShowHeader
 0001:00013F8C       Eltreeprinter.TElTreePrinter.SetshowHeaderExpandMarks
 0001:0001400C       Eltreeprinter.TElTreePrinter.SetShowHeaderImages
 0001:0001408C       Eltreeprinter.TElTreePrinter.SetShowHeaderSortMarks
 0001:0001410C       Eltreeprinter.TElTreePrinter.SetShowHiddenItems
 0001:0001418C       Eltreeprinter.TElTreePrinter.SetShowHiddenSections
 0001:0001420C       Eltreeprinter.TElTreePrinter.SetShowImages
 0001:0001428C       Eltreeprinter.TElTreePrinter.SetShowInvisibleItems
 0001:00014314       Eltreeprinter.TElTreePrinter.SetShowInvisibleSections
 0001:0001439C       Eltreeprinter.TElTreePrinter.SetShowLines
 0001:00014424       Eltreeprinter.TElTreePrinter.SetShowRoot
 0001:000144AC       Eltreeprinter.TElTreePrinter.SetShowRootButtons
 0001:00014534       Eltreeprinter.TElTreePrinter.SetFillBackground
 0001:000145BC       Eltreeprinter.TElTreePrinter.SetHeaderOnEveryPage
 0001:00014644       Eltreeprinter.TElTreePrinter.SetScale
 0001:000146CC       Eltreeprinter.TElTreePrinter.SetTree
 0001:00014754       Eltreeprinter.TElTreePrinter.TriggerItemPrintingEvent
 0001:00014798       Eltreeprinter.TElTreePrinter.TriggerSectionPrintingEvent
 0001:000147DC       Eltreeprinter.TElTreePrinter
 0001:00014898       Eltreeprinter.TElTreePrinter
 0001:000148E4       Eltreeprinter.TElTreePrinter.Print
 0001:00014E20       Eltreeprinter.TElTreePrinter.DrawButtons
 0001:0001508C       Eltreeprinter.TElTreePrinter.DrawCheckBoxes
 0001:000158C4       ElTreePrinter._16438
 0001:00015AC4       Eltreeprinter.TElTreePrinter.DrawImages
 0001:00015EF0       ElTreePrinter._16440
 0001:00015F64       ElTreePrinter._16441
 0001:00015FD8       ElTreePrinter._16442
 0001:000160B4       ElTreePrinter._16443
 0001:00016100       Eltreeprinter.TElTreePrinter.DrawItemLines
 0001:00016B8C       Eltreeprinter.TElTreePrinter.SetVerticalLines
 0001:00016C14       Eltreeprinter.TElTreePrinter.SetHorizontalLines
 0001:00016C9C       Eltreeprinter.TElTreePrinter.SetShowLeafButton
 0001:00016D24       Eltreeprinter.TElTreePrinter.SetHorzDivLinesColor
 0001:00016DAC       Eltreeprinter.TElTreePrinter.SetVertDivLinesColor
 0001:00016E34       Eltreeprinter.TElTreePrinter.TriggerAfterPage
 0001:00016E7C       Eltreeprinter.TElTreePrinter.TriggerBeforePage
 0001:00016EC4       Eltreeprinter.TElTreePrinter.Notification
 0001:00016F04       Eltreeprinter.TElTreePrinter.DoDrawPageNumber
 0001:000172A8       Eltreeprinter.TElTreePrinter.DoDrawCaption
 0001:000174DC       Eltreeprinter.Finalization
 0001:0001750C       Eltreeprinter.initialization
 0001:00017514       Elprinterpreview.TElPrinterPreviewDlg
 0001:00017A40       ElPrinterPreview._16387
 0001:000180E8       Elprinterpreview.TElPrinterPreviewDlg.PrintBtnClick
 0001:0001818C       Elprinterpreview.TElPrinterPreviewDlg.ScrollBoxResize
 0001:000181A4       Elprinterpreview.TElPrinterPreviewDlg.MainPagePanelPaint
 0001:00018334       Elprinterpreview.TElPrinterPreviewDlg.PageSpinChange
 0001:0001836C       Elprinterpreview.TElPrinterPreviewDlg.SetCurrentPage
 0001:0001841C       Elprinterpreview.TElPrinterPreviewDlg.SetTotalPages
 0001:00018480       Elprinterpreview.TElPrinterPreviewDlg.UpdatePageNumbers
 0001:00018510       Elprinterpreview.TElPrinterPreviewDlg.FormCreate
 0001:0001857C       Elprinterpreview.TElPrinterPreviewDlg.FormDestroy
 0001:000185D8       Elprinterpreview.TElPrinterPreviewDlg.ScaleComboExit
 0001:00018960       Elprinterpreview.TElPrinterPreviewDlg.SetScale
 0001:00018FCC       Elprinterpreview.TElPrinterPreviewDlg.UpdatePanels
 0001:0001924C       Elprinterpreview.TElPrinterPreviewDlg.SetData
 0001:000192B8       Elprinterpreview.TElPrinterPreviewDlg.NextPageBtnClick
 0001:00019308       Elprinterpreview.TElPrinterPreviewDlg.PrintSetupBtnClick
 0001:00019338       Elprinterpreview.TElPrinterPreviewDlg.CloseBtnClick
 0001:00019350       Elprinterpreview.TElPrinterPreviewDlg.SaveBtnClick
 0001:000193D0       Elprinterpreview.TElPrinterPreviewDlg.FormShow
 0001:000193E8       Elprinterpreview.TElPrinterPreviewDlg.PrevPageBtnClick
 0001:00019428       Elprinterpreview.TElPrinterPreviewDlg.ScComboKeyDown
 0001:000194F8       Elprinterpreview.TElPrinterPreviewDlg.ElHook1AfterProcess
 0001:00019558       Elprinterpreview.TElPrinterPreviewDlg.FormResize
 0001:0001958C       Elprinterpreview.TElPrinterPreviewDlg.ScaleComboChange
 0001:00019614       Elprinterpreview.TElPrinterPreviewDlg.UpdateMultiPage
 0001:000196AC       Elprinterpreview.TElPrinterPreviewDlg.MultipageBtnClick
 0001:000196EC       Elprinterpreview.TElPrinterPreviewDlg.OnePageBtnClick
 0001:0001972C       Elprinterpreview.TElPrinterPreviewDlg.ScrollBoxKeyDown
 0001:000197D4       Elprinterpreview.TElPrinterPreviewDlg.ElHook2AfterProcess
 0001:00019900       Elprinterpreview.Finalization
 0001:00019930       Elprinterpreview.initialization
 0001:00019938       ___CRTL_VCL_Init
 0001:0001997C       ___CRTL_VCL_Exit
 0001:00019980       ___CRTL_VCLLIB_Linkage
 0001:00019984       ___CRTL_VCL_Sharemem
 0001:000199E0       ___CRTL_VCL_HookSystem
 0001:00019A3C       __ExceptInit
 0001:00019A88       __GetExceptDLLinfoInternal
 0001:00019AB0       __InitExceptBlockLDTC
 0001:00019AE9       __ExitExceptBlock
 0001:00019AF7       __ExceptionHandler
 0001:00019B20       ___CRTL_DLL_Lock
 0001:00019B44       ___CRTL_DLL_Unlock
 0001:00019B5C       System.AnsiString
 0001:00019B94       System.AnsiString
 0001:00019BC4       System.AnsiString
 0001:00019C44       __InitVCL
 0001:00019C84       __ExitVCL
 0001:00019C90       __LateVCLInit

Line numbers for elpproB6(elpproB6.cpp) segment .text

    18 0001:00000D0C    20 0001:00000D0F    21 0001:00000D14

